Component: ARM Compiler 5.06 update 1 (build 61) Tool: armlink [4d35a8]

==============================================================================

Removing Unused input sections from the image.

    Removing application.o(.rev16_text), (4 bytes).
    Removing application.o(.revsh_text), (4 bytes).
    Removing main.o(.rev16_text), (4 bytes).
    Removing main.o(.revsh_text), (4 bytes).
    Removing main.o(.data), (2 bytes).
    Removing p_database.o(.rev16_text), (4 bytes).
    Removing p_database.o(.revsh_text), (4 bytes).
    Removing rfid_thread.o(.rev16_text), (4 bytes).
    Removing rfid_thread.o(.revsh_text), (4 bytes).
    Removing startup.o(.rev16_text), (4 bytes).
    Removing startup.o(.revsh_text), (4 bytes).
    Removing user_check_thread.o(.rev16_text), (4 bytes).
    Removing user_check_thread.o(.revsh_text), (4 bytes).
    Removing wifi_thread.o(.rev16_text), (4 bytes).
    Removing wifi_thread.o(.revsh_text), (4 bytes).
    Removing board.o(.rev16_text), (4 bytes).
    Removing board.o(.revsh_text), (4 bytes).
    Removing stm32f10x_it.o(.rev16_text), (4 bytes).
    Removing stm32f10x_it.o(.revsh_text), (4 bytes).
    Removing led.o(.rev16_text), (4 bytes).
    Removing led.o(.revsh_text), (4 bytes).
    Removing usart.o(.rev16_text), (4 bytes).
    Removing usart.o(.revsh_text), (4 bytes).
    Removing sdcard.o(.rev16_text), (4 bytes).
    Removing sdcard.o(.revsh_text), (4 bytes).
    Removing esp8266.o(.rev16_text), (4 bytes).
    Removing esp8266.o(.revsh_text), (4 bytes).
    Removing rc522.o(.rev16_text), (4 bytes).
    Removing rc522.o(.revsh_text), (4 bytes).
    Removing spi_bus.o(.rev16_text), (4 bytes).
    Removing spi_bus.o(.revsh_text), (4 bytes).
    Removing ILI93xx.o(.rev16_text), (4 bytes).
    Removing ILI93xx.o(.revsh_text), (4 bytes).
    Removing touch_screen.o(.rev16_text), (4 bytes).
    Removing touch_screen.o(.revsh_text), (4 bytes).
    Removing system_stm32f10x.o(.rev16_text), (4 bytes).
    Removing system_stm32f10x.o(.revsh_text), (4 bytes).
    Removing stm32f10x_crc.o(.rev16_text), (4 bytes).
    Removing stm32f10x_crc.o(.revsh_text), (4 bytes).
    Removing stm32f10x_crc.o(.text), (72 bytes).
    Removing stm32f10x_rcc.o(.rev16_text), (4 bytes).
    Removing stm32f10x_rcc.o(.revsh_text), (4 bytes).
    Removing stm32f10x_wwdg.o(.rev16_text), (4 bytes).
    Removing stm32f10x_wwdg.o(.revsh_text), (4 bytes).
    Removing stm32f10x_wwdg.o(.text), (288 bytes).
    Removing stm32f10x_pwr.o(.rev16_text), (4 bytes).
    Removing stm32f10x_pwr.o(.revsh_text), (4 bytes).
    Removing stm32f10x_pwr.o(.text), (452 bytes).
    Removing stm32f10x_exti.o(.rev16_text), (4 bytes).
    Removing stm32f10x_exti.o(.revsh_text), (4 bytes).
    Removing stm32f10x_exti.o(.text), (740 bytes).
    Removing stm32f10x_bkp.o(.rev16_text), (4 bytes).
    Removing stm32f10x_bkp.o(.revsh_text), (4 bytes).
    Removing stm32f10x_bkp.o(.text), (724 bytes).
    Removing stm32f10x_i2c.o(.rev16_text), (4 bytes).
    Removing stm32f10x_i2c.o(.revsh_text), (4 bytes).
    Removing stm32f10x_i2c.o(.text), (3244 bytes).
    Removing stm32f10x_adc.o(.rev16_text), (4 bytes).
    Removing stm32f10x_adc.o(.revsh_text), (4 bytes).
    Removing stm32f10x_adc.o(.text), (3796 bytes).
    Removing stm32f10x_dac.o(.rev16_text), (4 bytes).
    Removing stm32f10x_dac.o(.revsh_text), (4 bytes).
    Removing stm32f10x_dac.o(.text), (1156 bytes).
    Removing stm32f10x_rtc.o(.rev16_text), (4 bytes).
    Removing stm32f10x_rtc.o(.revsh_text), (4 bytes).
    Removing stm32f10x_rtc.o(.text), (560 bytes).
    Removing stm32f10x_fsmc.o(.rev16_text), (4 bytes).
    Removing stm32f10x_fsmc.o(.revsh_text), (4 bytes).
    Removing stm32f10x_tim.o(.rev16_text), (4 bytes).
    Removing stm32f10x_tim.o(.revsh_text), (4 bytes).
    Removing stm32f10x_tim.o(.text), (14204 bytes).
    Removing stm32f10x_iwdg.o(.rev16_text), (4 bytes).
    Removing stm32f10x_iwdg.o(.revsh_text), (4 bytes).
    Removing stm32f10x_iwdg.o(.text), (228 bytes).
    Removing stm32f10x_spi.o(.rev16_text), (4 bytes).
    Removing stm32f10x_spi.o(.revsh_text), (4 bytes).
    Removing stm32f10x_flash.o(.rev16_text), (4 bytes).
    Removing stm32f10x_flash.o(.revsh_text), (4 bytes).
    Removing stm32f10x_flash.o(.text), (1940 bytes).
    Removing stm32f10x_sdio.o(.rev16_text), (4 bytes).
    Removing stm32f10x_sdio.o(.revsh_text), (4 bytes).
    Removing stm32f10x_gpio.o(.rev16_text), (4 bytes).
    Removing stm32f10x_gpio.o(.revsh_text), (4 bytes).
    Removing stm32f10x_usart.o(.rev16_text), (4 bytes).
    Removing stm32f10x_usart.o(.revsh_text), (4 bytes).
    Removing stm32f10x_dbgmcu.o(.rev16_text), (4 bytes).
    Removing stm32f10x_dbgmcu.o(.revsh_text), (4 bytes).
    Removing stm32f10x_dbgmcu.o(.text), (152 bytes).
    Removing stm32f10x_dma.o(.rev16_text), (4 bytes).
    Removing stm32f10x_dma.o(.revsh_text), (4 bytes).
    Removing stm32f10x_can.o(.rev16_text), (4 bytes).
    Removing stm32f10x_can.o(.revsh_text), (4 bytes).
    Removing stm32f10x_can.o(.text), (4404 bytes).
    Removing stm32f10x_cec.o(.rev16_text), (4 bytes).
    Removing stm32f10x_cec.o(.revsh_text), (4 bytes).
    Removing stm32f10x_cec.o(.text), (688 bytes).
    Removing misc.o(.rev16_text), (4 bytes).
    Removing misc.o(.revsh_text), (4 bytes).
    Removing mempool.o(.text), (968 bytes).
    Removing mempool.o(.constdata), (62 bytes).
    Removing backtrace.o(.text), (2 bytes).
    Removing div0.o(.text), (4 bytes).
    Removing showmem.o(.text), (120 bytes).
    Removing showmem.o(.constdata), (18 bytes).
    Removing pipe.o(.text), (1148 bytes).
    Removing pipe.o(.constdata), (86 bytes).
    Removing portal.o(.text), (712 bytes).
    Removing portal.o(.constdata), (95 bytes).
    Removing ringbuffer.o(.text), (1176 bytes).
    Removing ringbuffer.o(.constdata), (151 bytes).
    Removing workqueue.o(.text), (396 bytes).
    Removing workqueue.o(.constdata), (90 bytes).

112 unused section(s) (total 38006 bytes) removed from the image.

==============================================================================

Image component sizes


      Code (inc. data)   RO Data    RW Data    ZI Data      Debug   Object Name

     19366        126       6080          4         14      22805   ILI93xx.o
       308        116          0          0        656     289522   application.o
       152         22          0          0          0      23077   board.o
       128         12       1216          0          0       2441   ccsbcs.o
        96          4          0          4          0       1456   clock.o
      3408       1296       1024          4          0      11803   cmd.o
       456        124         57          0          0       3399   completion.o
        68         12         16          0          0       1912   components.o
       236         24          0          0          0        840   context_rvds.o
      1492        718         19         16          0       3991   cpuport.o
      1044        114         75          0          0       6625   dataqueue.o
       824        134        168          0          0       4985   device.o
       936        130         39          0        220       8851   dfs.o
      2748        230        261          8          0      18385   dfs_elm.o
      2484        356        143          0        292       9275   dfs_file.o
      1520        264        116          0          0       6004   dfs_fs.o
      1512         50         37          0          0       8443   dfs_posix.o
       288         50          0         12        232       2080   esp8266.o
     12388        124        186         10          0      31409   ff.o
      6168        154          0          8          0      11210   finsh_compiler.o
        44         10        243         64          0       1765   finsh_error.o
       528         18          0          8        128       3535   finsh_heap.o
        88          6          0          0          0       1720   finsh_init.o
       388          4          0          0        320       3464   finsh_node.o
      2776         36        196          0          0       8860   finsh_ops.o
      2428         32          0          0          0       9937   finsh_parser.o
      1664         16        126          0          0       6360   finsh_token.o
       412         18          0          4        192       7673   finsh_var.o
       228         34          0         12        384       7338   finsh_vm.o
       292         68         22          0        400       3270   idle.o
      5348        356        471          0          0      20135   ipc.o
        72          6          0          1          0       1450   irq.o
      2660        230        290         12        128      12075   kservice.o
       224         10         48          1          0       2125   led.o
       564        228          0          0      13612       7515   main.o
      2100        548        358         24         40       5093   mem.o
       484         72          0          0          0       2145   misc.o
       608        128         94        144          0       4965   object.o
       992          6         12          4       6000       5238   p_database.o
      2732        102          0         40        188       9585   rc522.o
       200         22          0          4       1208       1733   rfid_thread.o
       712        146         78         24        256       4840   scheduler.o
      9924        632         22         40        820      28739   sdcard.o
      3004        440        292          4          0       9333   serial.o
      2532        276        100          4       2192       5387   shell.o
       784         58         16          0        504       3311   spi_bus.o
      1544        114        163          0          0       5898   spi_core.o
       524        148        129          0          0       3619   spi_dev.o
       176         88          0          0          0       1307   startup.o
        64         26        304          0       1536        896   startup_stm32f10x_hd.o
      2372        176          0          0          0       5710   stm32f10x_dma.o
      3496         82          0          0          0       6859   stm32f10x_fsmc.o
      2688        210          0          0          0       7429   stm32f10x_gpio.o
        18          0          0          0          0        921   stm32f10x_it.o
      2116        112          0         20          0      10444   stm32f10x_rcc.o
      1616         92          0          0          0       8384   stm32f10x_sdio.o
      2444        102          0          0          0       8294   stm32f10x_spi.o
      3520        146          0          0          0      10792   stm32f10x_usart.o
         0          0          0         16          0       4413   symbol.o
       480         38          0         20          0       2039   system_stm32f10x.o
      1440        208        170          0          0       8001   thread.o
      1044         88         92         12          0       6801   timer.o
      4052        312        140         72        104       7572   touch_screen.o
      1488        154         92         72        276      32775   usart.o
       408        202          0          0       1168       1711   user_check_thread.o
        26          0          0          0       1168       1305   wifi_thread.o

    ----------------------------------------------------------------------
    126932       9860      12940        676      32040     781274   Object Totals
         0          0         32          0          0          0   (incl. Generated)
         6          0         13          8          2          0   (incl. Padding)

    ----------------------------------------------------------------------

      Code (inc. data)   RO Data    RW Data    ZI Data      Debug   Library Member Name

        90          0          0          0          0          0   __dczerorl2.o
         8          0          0          0          0         68   __main.o
         0          0          0          0          0          0   __rtentry.o
        12          0          0          0          0          0   __rtentry2.o
         6          0          0          0          0          0   __rtentry4.o
        52          8          0          0          0          0   __scatter.o
        28          0          0          0          0          0   __scatter_zi.o
        28          0          0          0          0         68   _chval.o
         0          0         12          0          0          0   _monlen.o
        22          0          0          0          0        100   _rserrno.o
       158          0          0          0          0         92   _strtoul.o
        26          0          0          0          0         80   atoi.o
        18          0          0          0          0         80   exit.o
         6          0          0          0          0        152   heapauxi.o
         0          0          0          0          0          0   indicate_semi.o
        44         10        272          0          0         76   lc_ctype_c.o
         2          0          0          0          0          0   libinit.o
        20          0          0          0          0          0   libinit2.o
         2          0          0          0          0          0   libshutdown.o
         2          0          0          0          0          0   libshutdown2.o
         8          4          0          0         96         68   libspace.o
       424         10          0          0          0        124   mktime.o
        16          4          0          0          0         76   rt_ctype_table.o
         8          4          0          0          0         68   rt_errno_addr_intlibspace.o
         8          4          0          0          0         68   rt_locale_intlibspace.o
        68          0          0          0          0         68   rt_memclr.o
        78          0          0          0          0         80   rt_memclr_w.o
       138          0          0          0          0         68   rt_memcpy_v6.o
       100          0          0          0          0         80   rt_memcpy_w.o
         2          0          0          0          0          0   rtexit.o
        10          0          0          0          0          0   rtexit2.o
       128          0          0          0          0         68   strcmpv7m.o
        62          0          0          0          0         76   strlen.o
       150          0          0          0          0         80   strncmp.o
        86          0          0          0          0         76   strncpy.o
        22          0          0          0          0         68   strrchr.o
       112          0          0          0          0         88   strtol.o
        12          4          0          0          0         68   sys_exit.o
        74          0          0          0          0         80   sys_stackheap_outer.o
         2          0          0          0          0         68   use_no_semi.o
        24          0          0          0          0         68   dcmpi.o
        90          4          0          0          0         92   dfixu.o
        38          0          0          0          0         68   dflt_clz.o
       120          4          0          0          0         92   dleqf.o
       340         12          0          0          0        104   dmul.o
       156          4          0          0          0         92   dnaninf.o
        12          0          0          0          0         68   dretinf.o
       108          0          0          0          0         80   drleqf.o
       460         56          0          0          0        120   dsqrt_noumaal.o
        86          4          0          0          0         84   f2d.o
       430          8          0          0          0        168   faddsub_clz.o
       388         76          0          0          0         96   fdiv.o
        54          4          0          0          0         84   ffix.o
        62          4          0          0          0         84   ffixu.o
        86          0          0          0          0        136   fflt_clz.o
       258          4          0          0          0         84   fmul.o
       140          4          0          0          0         84   fnaninf.o
        10          0          0          0          0         68   fretinf.o
         0          0          0          0          0          0   usenofp.o
        76          0          0          0          0         84   sqrt.o

    ----------------------------------------------------------------------
      4992        232        284          0        100       3844   Library Totals
        22          0          0          0          4          0   (incl. Padding)

    ----------------------------------------------------------------------

      Code (inc. data)   RO Data    RW Data    ZI Data      Debug   Library Name

      2032         48        284          0         96       2088   c_w.l
      2862        184          0          0          0       1672   fz_ws.l
        76          0          0          0          0         84   m_ws.l

    ----------------------------------------------------------------------
      4992        232        284          0        100       3844   Library Totals

    ----------------------------------------------------------------------

==============================================================================


      Code (inc. data)   RO Data    RW Data    ZI Data      Debug   

    131924      10092      13224        676      32140     777782   Grand Totals
    131924      10092      13224        228      32140     777782   ELF Image Totals (compressed)
    131924      10092      13224        228          0          0   ROM Totals

==============================================================================

    Total RO  Size (Code + RO Data)               145148 ( 141.75kB)
    Total RW  Size (RW Data + ZI Data)             32816 (  32.05kB)
    Total ROM Size (Code + RO Data + RW Data)     145376 ( 141.97kB)

==============================================================================

