Component: ARM Compiler 5.06 update 1 (build 61) Tool: armlink [4d35a8]

==============================================================================

Section Cross References

    application.o(.text) refers to components.o(.text) for rt_components_init
    application.o(.text) refers to dfs_fs.o(.text) for dfs_mount
    application.o(.text) refers to kservice.o(.text) for rt_kprintf
    application.o(.text) refers to thread.o(.text) for rt_thread_create
    application.o(.text) refers to main.o(.text) for user_init_thread_entry
    device_config.o(.text) refers to dfs_posix.o(.text) for open
    device_config.o(.text) refers to kservice.o(.text) for rt_kprintf
    device_config.o(.text) refers to device_config.o(.data) for device_config_path
    device_config.o(.data) refers to device_config.o(.conststring) for .conststring
    main.o(.text) refers to clock.o(.text) for rt_tick_from_millisecond
    main.o(.text) refers to thread.o(.text) for rt_thread_delay
    main.o(.text) refers to beep_door.o(.text) for rt_hw_beep_door_init
    main.o(.text) refers to device_config.o(.text) for get_set_device_addr
    main.o(.text) refers to kservice.o(.text) for rt_kprintf
    main.o(.text) refers to p_database.o(.text) for init_card_array
    main.o(.text) refers to ipc.o(.text) for rt_event_init
    main.o(.text) refers to spi_bus.o(.text) for rt_hw_stm32_spi_bus_init
    main.o(.text) refers to ili93xx.o(.text) for TFTLCD_Init
    main.o(.text) refers to touch_screen.o(.text) for TP_Init
    main.o(.text) refers to device_config.o(.data) for device_addr
    main.o(.text) refers to device_config.o(.bss) for this_device_name
    main.o(.text) refers to p_database.o(.bss) for card_id_array
    main.o(.text) refers to rfid_thread.o(.bss) for user_check_event
    main.o(.text) refers to main.o(.bss) for touch_screen_stack
    main.o(.text) refers to rfid_thread.o(.text) for rc522_thread_entry
    main.o(.text) refers to user_check_thread.o(.bss) for user_check_stack
    main.o(.text) refers to user_check_thread.o(.text) for user_check_thread_entry
    main.o(.text) refers to wifi_thread.o(.bss) for wifi_stack
    main.o(.text) refers to wifi_thread.o(.text) for wifi_thread_entry
    main.o(.text) refers to rtc_thread.o(.bss) for rtc_stack
    main.o(.text) refers to rtc_thread.o(.text) for rtc_thread_entry
    p_database.o(.text) refers to dfs_posix.o(.text) for open
    p_database.o(.text) refers to kservice.o(.text) for rt_memset
    p_database.o(.text) refers to p_database.o(.data) for user_info_database_path
    p_database.o(.data) refers to p_database.o(.conststring) for .conststring
    rfid_thread.o(.text) refers to rc522.o(.text) for InitRC522
    rfid_thread.o(.text) refers to kservice.o(.text) for rt_kprintf
    rfid_thread.o(.text) refers to ipc.o(.text) for rt_event_send
    rfid_thread.o(.text) refers to clock.o(.text) for rt_tick_from_millisecond
    rfid_thread.o(.text) refers to thread.o(.text) for rt_thread_delay
    rfid_thread.o(.text) refers to rc522.o(.data) for rt_spi_rc522_in_device
    rfid_thread.o(.text) refers to rfid_thread.o(.data) for read_card_id
    rfid_thread.o(.text) refers to rfid_thread.o(.bss) for user_check_event
    rfid_thread.o(FSymTab) refers to rfid_thread.o(.rodata.name) for __fsym_send_card_name
    rfid_thread.o(FSymTab) refers to rfid_thread.o(.text) for send_get_card_event
    rtc_thread.o(.text) refers to soft_iic.o(.text) for IIC_GPIO_Init
    rtc_thread.o(.text) refers to ds1307.o(.text) for DS1307_Check
    rtc_thread.o(.text) refers to kservice.o(.text) for rt_kprintf
    rtc_thread.o(.text) refers to clock.o(.text) for rt_tick_from_millisecond
    rtc_thread.o(.text) refers to thread.o(.text) for rt_thread_delay
    rtc_thread.o(.text) refers to ds1307.o(.data) for TimeValue
    rtc_thread.o(FSymTab) refers to rtc_thread.o(.rodata.name) for __fsym_set_time_name
    rtc_thread.o(FSymTab) refers to rtc_thread.o(.text) for set_time
    startup.o(.text) refers to kservice.o(.text) for rt_kprintf
    startup.o(.text) refers to board.o(.text) for rt_hw_board_init
    startup.o(.text) refers to sram.o(.text) for rt_hw_sram_init
    startup.o(.text) refers to mem.o(.text) for rt_system_heap_init
    startup.o(.text) refers to scheduler.o(.text) for rt_system_scheduler_init
    startup.o(.text) refers to timer.o(.text) for rt_system_timer_init
    startup.o(.text) refers to application.o(.text) for rt_application_init
    startup.o(.text) refers to idle.o(.text) for rt_thread_idle_init
    startup.o(.text) refers to context_rvds.o(.text) for rt_hw_interrupt_disable
    user_check_thread.o(.text) refers to p_database.o(.text) for get_set_user_num
    user_check_thread.o(.text) refers to kservice.o(.text) for rt_kprintf
    user_check_thread.o(.text) refers to ipc.o(.text) for rt_event_recv
    user_check_thread.o(.text) refers to beep_door.o(.text) for open_door
    user_check_thread.o(.text) refers to rfid_thread.o(.bss) for user_check_event
[...]
    rt_device_register                       0x08013a41   Thumb Code    54  device.o(.text)
    rt_device_unregister                     0x08013a77   Thumb Code    26  device.o(.text)
    rt_device_init_all                       0x08013a91   Thumb Code     4  device.o(.text)
    rt_device_init                           0x08013a95   Thumb Code    64  device.o(.text)
    rt_device_open                           0x08013ad5   Thumb Code   142  device.o(.text)
    rt_device_close                          0x08013b63   Thumb Code    74  device.o(.text)
    rt_device_read                           0x08013bad   Thumb Code    78  device.o(.text)
    rt_device_write                          0x08013bfb   Thumb Code    78  device.o(.text)
    rt_device_control                        0x08013c49   Thumb Code    42  device.o(.text)
    rt_device_set_rx_indicate                0x08013c73   Thumb Code    26  device.o(.text)
    rt_device_set_tx_complete                0x08013c8d   Thumb Code    26  device.o(.text)
    rt_thread_idle_excute                    0x08013d2d   Thumb Code   158  idle.o(.text)
    rt_thread_idle_init                      0x08013dd3   Thumb Code    38  idle.o(.text)
    rt_thread_idle_gethandler                0x08013df9   Thumb Code     4  idle.o(.text)
    rt_sem_init                              0x08013efd   Thumb Code    50  ipc.o(.text)
    rt_sem_detach                            0x08013f2f   Thumb Code    34  ipc.o(.text)
    rt_sem_create                            0x08013f51   Thumb Code    84  ipc.o(.text)
    rt_sem_delete                            0x08013fa5   Thumb Code    78  ipc.o(.text)
    rt_sem_take                              0x08013ff3   Thumb Code   230  ipc.o(.text)
    rt_sem_trytake                           0x080140d9   Thumb Code    14  ipc.o(.text)
    rt_sem_release                           0x080140e7   Thumb Code    62  ipc.o(.text)
    rt_sem_control                           0x08014125   Thumb Code    68  ipc.o(.text)
    rt_mutex_init                            0x08014169   Thumb Code    62  ipc.o(.text)
    rt_mutex_detach                          0x080141a7   Thumb Code    36  ipc.o(.text)
    rt_mutex_create                          0x080141cb   Thumb Code   100  ipc.o(.text)
    rt_mutex_delete                          0x0801422f   Thumb Code    78  ipc.o(.text)
    rt_mutex_take                            0x0801427d   Thumb Code   482  ipc.o(.text)
    rt_mutex_release                         0x0801445f   Thumb Code   268  ipc.o(.text)
    rt_mutex_control                         0x0801456b   Thumb Code     8  ipc.o(.text)
    rt_event_init                            0x08014573   Thumb Code    46  ipc.o(.text)
    rt_event_detach                          0x080145a1   Thumb Code    36  ipc.o(.text)
    rt_event_create                          0x080145c5   Thumb Code    88  ipc.o(.text)
    rt_event_delete                          0x0801461d   Thumb Code    82  ipc.o(.text)
    rt_event_send                            0x0801466f   Thumb Code   192  ipc.o(.text)
    rt_event_recv                            0x0801472f   Thumb Code   394  ipc.o(.text)
    rt_event_control                         0x080148b9   Thumb Code    70  ipc.o(.text)
    rt_mb_init                               0x080148ff   Thumb Code    76  ipc.o(.text)
    rt_mb_detach                             0x0801494b   Thumb Code    44  ipc.o(.text)
    rt_mb_create                             0x08014977   Thumb Code   128  ipc.o(.text)
    rt_mb_delete                             0x080149f7   Thumb Code    96  ipc.o(.text)
    rt_mb_send_wait                          0x08014a57   Thumb Code   356  ipc.o(.text)
    rt_mb_send                               0x08014bbb   Thumb Code    18  ipc.o(.text)
    rt_mb_recv                               0x08014bcd   Thumb Code   402  ipc.o(.text)
    rt_mb_control                            0x08014d5f   Thumb Code    82  ipc.o(.text)
    rt_mq_init                               0x08014db1   Thumb Code   118  ipc.o(.text)
    rt_mq_detach                             0x08014e27   Thumb Code    36  ipc.o(.text)
    rt_mq_delete                             0x08014e4b   Thumb Code    88  ipc.o(.text)
    rt_mq_create                             0x08014ea3   Thumb Code   174  ipc.o(.text)
    rt_mq_send                               0x08014f51   Thumb Code   182  ipc.o(.text)
    rt_mq_urgent                             0x08015007   Thumb Code   174  ipc.o(.text)
    rt_mq_recv                               0x080150b5   Thumb Code   476  ipc.o(.text)
    rt_mq_control                            0x08015291   Thumb Code    98  ipc.o(.text)
    rt_interrupt_enter                       0x08015335   Thumb Code    30  irq.o(.text)
    rt_interrupt_leave                       0x08015353   Thumb Code    30  irq.o(.text)
    rt_interrupt_get_nest                    0x08015371   Thumb Code     6  irq.o(.text)
    rt_get_errno                             0x0801537d   Thumb Code    32  kservice.o(.text)
    rt_set_errno                             0x0801539d   Thumb Code    36  kservice.o(.text)
    _rt_errno                                0x080153c1   Thumb Code    30  kservice.o(.text)
    rt_memset                                0x080153df   Thumb Code    72  kservice.o(.text)
    rt_memcpy                                0x08015427   Thumb Code   124  kservice.o(.text)
    rt_memmove                               0x080154a3   Thumb Code    66  kservice.o(.text)
    rt_memcmp                                0x080154e5   Thumb Code    38  kservice.o(.text)
    rt_strlen                                0x0801550b   Thumb Code    18  kservice.o(.text)
    rt_strstr                                0x0801551d   Thumb Code    58  kservice.o(.text)
    rt_strcasecmp                            0x08015557   Thumb Code    48  kservice.o(.text)
    rt_strncpy                               0x08015587   Thumb Code    52  kservice.o(.text)
    rt_strncmp                               0x080155bb   Thumb Code    40  kservice.o(.text)
    rt_strcmp                                0x080155e3   Thumb Code    28  kservice.o(.text)
    rt_strnlen                               0x080155ff   Thumb Code    24  kservice.o(.text)
    rt_strdup                                0x08015617   Thumb Code    40  kservice.o(.text)
    rt_hw_console_output                     0x0801563f   Thumb Code     2  kservice.o(.text)
    rt_vsnprintf                             0x080157f7   Thumb Code   800  kservice.o(.text)
    rt_kprintf                               0x08015b17   Thumb Code    96  kservice.o(.text)
    rt_show_version                          0x08015b77   Thumb Code    38  kservice.o(.text)
    rt_snprintf                              0x08015b9d   Thumb Code    38  kservice.o(.text)
    rt_vsprintf                              0x08015bc3   Thumb Code    22  kservice.o(.text)
    rt_sprintf                               0x08015bd9   Thumb Code    34  kservice.o(.text)
    rt_console_get_device                    0x08015bfb   Thumb Code     6  kservice.o(.text)
    rt_console_set_device                    0x08015c01   Thumb Code    48  kservice.o(.text)
    rt_malloc_align                          0x08015c31   Thumb Code    66  kservice.o(.text)
    rt_free_align                            0x08015c73   Thumb Code    16  kservice.o(.text)
    __rt_ffs                                 0x08015c83   Thumb Code    70  kservice.o(.text)
    rt_assert_set_hook                       0x08015cc9   Thumb Code     6  kservice.o(.text)
    rt_assert_handler                        0x08015ccf   Thumb Code    56  kservice.o(.text)
    rt_system_heap_init                      0x08015e81   Thumb Code   204  mem.o(.text)
    rt_malloc                                0x08015f4d   Thumb Code   498  mem.o(.text)
    rt_free                                  0x0801613f   Thumb Code   628  mem.o(.text)
    rt_realloc                               0x080163b3   Thumb Code   312  mem.o(.text)
    rt_calloc                                0x080164eb   Thumb Code    84  mem.o(.text)
    rt_memory_info                           0x0801653f   Thumb Code    26  mem.o(.text)
    list_mem                                 0x08016559   Thumb Code    34  mem.o(.text)
    rt_system_object_init                    0x08016635   Thumb Code     2  object.o(.text)
    rt_object_get_information                0x08016637   Thumb Code    10  object.o(.text)
    rt_object_init                           0x08016641   Thumb Code    58  object.o(.text)
    rt_object_detach                         0x0801667b   Thumb Code    38  object.o(.text)
    rt_object_allocate                       0x080166a1   Thumb Code   114  object.o(.text)
    rt_object_delete                         0x08016713   Thumb Code    66  object.o(.text)
    rt_object_is_systemobject                0x08016755   Thumb Code    34  object.o(.text)
    rt_object_find                           0x08016777   Thumb Code   126  object.o(.text)
    rt_system_scheduler_init                 0x080168cf   Thumb Code    56  scheduler.o(.text)
    rt_system_scheduler_start                0x08016907   Thumb Code    36  scheduler.o(.text)
    rt_schedule                              0x0801692b   Thumb Code   112  scheduler.o(.text)
    rt_schedule_insert_thread                0x0801699b   Thumb Code    82  scheduler.o(.text)
    rt_schedule_remove_thread                0x080169ed   Thumb Code    94  scheduler.o(.text)
    rt_enter_critical                        0x08016a4b   Thumb Code    28  scheduler.o(.text)
    rt_exit_critical                         0x08016a67   Thumb Code    54  scheduler.o(.text)
    rt_critical_level                        0x08016a9d   Thumb Code     8  scheduler.o(.text)
    rt_thread_exit                           0x08016b5d   Thumb Code    78  thread.o(.text)
    rt_thread_timeout                        0x08016bab   Thumb Code    66  thread.o(.text)
    rt_thread_init                           0x08016c79   Thumb Code    74  thread.o(.text)
    rt_thread_self                           0x08016cc3   Thumb Code     6  thread.o(.text)
    rt_thread_resume                         0x08016cc9   Thumb Code    78  thread.o(.text)
    rt_thread_startup                        0x08016d17   Thumb Code    80  thread.o(.text)
    rt_thread_detach                         0x08016d67   Thumb Code    76  thread.o(.text)
    rt_thread_create                         0x08016db3   Thumb Code    80  thread.o(.text)
    rt_thread_delete                         0x08016e03   Thumb Code    64  thread.o(.text)
    rt_thread_yield                          0x08016e43   Thumb Code    88  thread.o(.text)
    rt_thread_suspend                        0x08016e9b   Thumb Code    76  thread.o(.text)
    rt_thread_sleep                          0x08016ee7   Thumb Code    76  thread.o(.text)
    rt_thread_delay                          0x08016f33   Thumb Code   210  thread.o(.text)
    rt_thread_control                        0x08017005   Thumb Code   130  thread.o(.text)
    rt_thread_find                           0x08017087   Thumb Code    76  thread.o(.text)
    rt_timer_init                            0x08017177   Thumb Code    58  timer.o(.text)
    rt_timer_detach                          0x080171b1   Thumb Code    44  timer.o(.text)
    rt_timer_create                          0x080171dd   Thumb Code    54  timer.o(.text)
    rt_timer_delete                          0x08017213   Thumb Code    46  timer.o(.text)
    rt_timer_start                           0x08017241   Thumb Code   274  timer.o(.text)
    rt_timer_stop                            0x08017353   Thumb Code    62  timer.o(.text)
    rt_timer_control                         0x08017391   Thumb Code    76  timer.o(.text)
    rt_timer_check                           0x080173dd   Thumb Code   130  timer.o(.text)
    rt_timer_next_timeout_tick               0x0801745f   Thumb Code    10  timer.o(.text)
    rt_system_timer_init                     0x08017469   Thumb Code    24  timer.o(.text)
    rt_system_timer_thread_init              0x08017481   Thumb Code     2  timer.o(.text)
    rt_hw_stack_init                         0x080174f1   Thumb Code    70  cpuport.o(.text)
    rt_hw_exception_install                  0x08017537   Thumb Code     6  cpuport.o(.text)
    rt_hw_hard_fault_exception               0x0801771b   Thumb Code   198  cpuport.o(.text)
    rt_hw_cpu_shutdown                       0x080177e1   Thumb Code    22  cpuport.o(.text)
    rt_hw_interrupt_disable                  0x08017ac5   Thumb Code     8  context_rvds.o(.text)
    rt_hw_interrupt_enable                   0x08017acd   Thumb Code     6  context_rvds.o(.text)
    rt_hw_context_switch                     0x08017ad3   Thumb Code    32  context_rvds.o(.text)
    rt_hw_context_switch_interrupt           0x08017ad3   Thumb Code     0  context_rvds.o(.text)
    PendSV_Handler                           0x08017af3   Thumb Code    60  context_rvds.o(.text)
    rt_hw_context_switch_to                  0x08017b2f   Thumb Code    56  context_rvds.o(.text)
    rt_hw_interrupt_thread_switch            0x08017b67   Thumb Code     2  context_rvds.o(.text)
    HardFault_Handler                        0x08017b69   Thumb Code    48  context_rvds.o(.text)
    dfs_init                                 0x08017bb1   Thumb Code    46  dfs.o(.text)
    dfs_lock                                 0x08017bdf   Thumb Code    28  dfs.o(.text)
    dfs_unlock                               0x08017bfb   Thumb Code    10  dfs.o(.text)
    fd_new                                   0x08017c05   Thumb Code    62  dfs.o(.text)
    fd_get                                   0x08017c43   Thumb Code    58  dfs.o(.text)
    fd_put                                   0x08017c7d   Thumb Code    46  dfs.o(.text)
    dfs_normalize_path                       0x08017cab   Thumb Code   352  dfs.o(.text)
    fd_is_open                               0x08017e0b   Thumb Code   148  dfs.o(.text)
    dfs_subdir                               0x08017e9f   Thumb Code    56  dfs.o(.text)
    dfs_file_open                            0x08017f59   Thumb Code   208  dfs_file.o(.text)
    dfs_file_close                           0x08018029   Thumb Code    50  dfs_file.o(.text)
    dfs_file_ioctl                           0x0801805b   Thumb Code    52  dfs_file.o(.text)
    dfs_file_read                            0x0801808f   Thumb Code    68  dfs_file.o(.text)
    dfs_file_getdents                        0x080180d3   Thumb Code    54  dfs_file.o(.text)
    dfs_file_unlink                          0x08018109   Thumb Code   148  dfs_file.o(.text)
    dfs_file_write                           0x0801819d   Thumb Code    48  dfs_file.o(.text)
    dfs_file_flush                           0x080181cd   Thumb Code    36  dfs_file.o(.text)
    dfs_file_lseek                           0x080181f1   Thumb Code    64  dfs_file.o(.text)
    dfs_file_stat                            0x08018231   Thumb Code   182  dfs_file.o(.text)
    dfs_file_rename                          0x080182e7   Thumb Code   174  dfs_file.o(.text)
    ls                                       0x08018395   Thumb Code   212  dfs_file.o(.text)
    rm                                       0x08018469   Thumb Code    24  dfs_file.o(.text)
    cat                                      0x08018481   Thumb Code    80  dfs_file.o(.text)
    copy                                     0x08018697   Thumb Code   630  dfs_file.o(.text)
    dfs_register                             0x0801890d   Thumb Code    76  dfs_fs.o(.text)
    dfs_filesystem_lookup                    0x08018959   Thumb Code   114  dfs_fs.o(.text)
    dfs_filesystem_get_mounted_path          0x080189cb   Thumb Code    52  dfs_fs.o(.text)
    dfs_filesystem_get_partition             0x080189ff   Thumb Code   206  dfs_fs.o(.text)
    dfs_mount                                0x08018acd   Thumb Code   400  dfs_fs.o(.text)
    dfs_unmount                              0x08018c5d   Thumb Code   288  dfs_fs.o(.text)
    dfs_mkfs                                 0x08018d7d   Thumb Code   138  dfs_fs.o(.text)
    dfs_statfs                               0x08018e07   Thumb Code    40  dfs_fs.o(.text)
    mkfs                                     0x08018e2f   Thumb Code    16  dfs_fs.o(.text)
    df                                       0x08018e3f   Thumb Code    60  dfs_fs.o(.text)
    open                                     0x08018efd   Thumb Code    94  dfs_posix.o(.text)
    close                                    0x08018f5b   Thumb Code    68  dfs_posix.o(.text)
    read                                     0x08018f9f   Thumb Code    80  dfs_posix.o(.text)
    write                                    0x08018fef   Thumb Code    80  dfs_posix.o(.text)
    lseek                                    0x0801903f   Thumb Code   150  dfs_posix.o(.text)
    rename                                   0x080190d5   Thumb Code    36  dfs_posix.o(.text)
    unlink                                   0x080190f9   Thumb Code    32  dfs_posix.o(.text)
    stat                                     0x08019119   Thumb Code    36  dfs_posix.o(.text)
    fstat                                    0x0801913d   Thumb Code    82  dfs_posix.o(.text)
    fsync                                    0x0801918f   Thumb Code    46  dfs_posix.o(.text)
    ioctl                                    0x080191bd   Thumb Code    70  dfs_posix.o(.text)
    statfs                                   0x08019203   Thumb Code    36  dfs_posix.o(.text)
    mkdir                                    0x08019227   Thumb Code   104  dfs_posix.o(.text)
    rmdir                                    0x0801928f   Thumb Code    32  dfs_posix.o(.text)
    opendir                                  0x080192af   Thumb Code   130  dfs_posix.o(.text)
    readdir                                  0x08019331   Thumb Code   132  dfs_posix.o(.text)
    telldir                                  0x080193b5   Thumb Code    50  dfs_posix.o(.text)
    seekdir                                  0x080193e7   Thumb Code    58  dfs_posix.o(.text)
    rewinddir                                0x08019421   Thumb Code    56  dfs_posix.o(.text)
    closedir                                 0x08019459   Thumb Code    74  dfs_posix.o(.text)
    getcwd                                   0x080194a3   Thumb Code    16  dfs_posix.o(.text)
    dfs_elm_mount                            0x0801955d   Thumb Code   224  dfs_elm.o(.text)
    dfs_elm_unmount                          0x0801963d   Thumb Code    80  dfs_elm.o(.text)
    dfs_elm_mkfs                             0x0801968d   Thumb Code   168  dfs_elm.o(.text)
    dfs_elm_statfs                           0x08019735   Thumb Code   118  dfs_elm.o(.text)
    dfs_elm_open                             0x080197ab   Thumb Code   334  dfs_elm.o(.text)
    dfs_elm_close                            0x080198f9   Thumb Code   248  dfs_elm.o(.text)
    dfs_elm_ioctl                            0x080199f1   Thumb Code     8  dfs_elm.o(.text)
    dfs_elm_read                             0x080199f9   Thumb Code    72  dfs_elm.o(.text)
    dfs_elm_write                            0x08019a41   Thumb Code    76  dfs_elm.o(.text)
    dfs_elm_flush                            0x08019a8d   Thumb Code    36  dfs_elm.o(.text)
    dfs_elm_lseek                            0x08019ab1   Thumb Code   114  dfs_elm.o(.text)
    dfs_elm_getdents                         0x08019b23   Thumb Code   244  dfs_elm.o(.text)
    dfs_elm_unlink                           0x08019c17   Thumb Code    86  dfs_elm.o(.text)
    dfs_elm_rename                           0x08019c6d   Thumb Code    94  dfs_elm.o(.text)
    dfs_elm_stat                             0x08019ccb   Thumb Code   316  dfs_elm.o(.text)
    elm_init                                 0x08019e07   Thumb Code    12  dfs_elm.o(.text)
    disk_initialize                          0x08019e13   Thumb Code     6  dfs_elm.o(.text)
    disk_status                              0x08019e19   Thumb Code     6  dfs_elm.o(.text)
    disk_read                                0x08019e1f   Thumb Code    46  dfs_elm.o(.text)
    disk_write                               0x08019e4d   Thumb Code    46  dfs_elm.o(.text)
    disk_ioctl                               0x08019e7b   Thumb Code   156  dfs_elm.o(.text)
    get_fattime                              0x08019f17   Thumb Code     4  dfs_elm.o(.text)
    ff_cre_syncobj                           0x08019f1b   Thumb Code    40  dfs_elm.o(.text)
    ff_del_syncobj                           0x08019f43   Thumb Code    16  dfs_elm.o(.text)
    ff_req_grant                             0x08019f53   Thumb Code    24  dfs_elm.o(.text)
    ff_rel_grant                             0x08019f6b   Thumb Code    12  dfs_elm.o(.text)
    ff_memalloc                              0x08019f77   Thumb Code    12  dfs_elm.o(.text)
    ff_memfree                               0x08019f83   Thumb Code    12  dfs_elm.o(.text)
    clust2sect                               0x0801a16f   Thumb Code    26  ff.o(.text)
    get_fat                                  0x0801a189   Thumb Code   300  ff.o(.text)
    put_fat                                  0x0801a2b5   Thumb Code   384  ff.o(.text)
    gen_numname                              0x0801a92f   Thumb Code   168  ff.o(.text)
    f_mount                                  0x0801b5db   Thumb Code    86  ff.o(.text)
    f_open                                   0x0801b631   Thumb Code   412  ff.o(.text)
    f_read                                   0x0801b7cd   Thumb Code   604  ff.o(.text)
    f_write                                  0x0801ba29   Thumb Code   670  ff.o(.text)
    f_sync                                   0x0801bcc7   Thumb Code   200  ff.o(.text)
    f_close                                  0x0801bd8f   Thumb Code    22  ff.o(.text)
    f_lseek                                  0x0801bda5   Thumb Code   912  ff.o(.text)
    f_opendir                                0x0801c135   Thumb Code   152  ff.o(.text)
    f_readdir                                0x0801c1cd   Thumb Code   130  ff.o(.text)
    f_seekdir                                0x0801c24f   Thumb Code    60  ff.o(.text)
    f_stat                                   0x0801c28b   Thumb Code    98  ff.o(.text)
    f_getfree                                0x0801c2ed   Thumb Code   286  ff.o(.text)
    f_truncate                               0x0801c40b   Thumb Code   164  ff.o(.text)
    f_unlink                                 0x0801c4af   Thumb Code   218  ff.o(.text)
    f_mkdir                                  0x0801c589   Thumb Code   434  ff.o(.text)
    f_chmod                                  0x0801c73b   Thumb Code   128  ff.o(.text)
    f_utime                                  0x0801c7bb   Thumb Code   128  ff.o(.text)
    f_rename                                 0x0801c83b   Thumb Code   336  ff.o(.text)
    f_mkfs                                   0x0801c98b   Thumb Code  1598  ff.o(.text)
    elm_get_vol                              0x0801cfc9   Thumb Code    32  ff.o(.text)
    ff_convert                               0x0801d005   Thumb Code    70  ccsbcs.o(.text)
    ff_wtoupper                              0x0801d04b   Thumb Code    46  ccsbcs.o(.text)
    rt_hw_serial_register                    0x0801d7f3   Thumb Code    76  serial.o(.text)
    rt_hw_serial_isr                         0x0801d83f   Thumb Code   464  serial.o(.text)
    rt_spi_bus_register                      0x0801dc41   Thumb Code    50  spi_core.o(.text)
    rt_spi_bus_attach_device                 0x0801dc73   Thumb Code    74  spi_core.o(.text)
    rt_spi_configure                         0x0801dcbd   Thumb Code    96  spi_core.o(.text)
    rt_spi_send_then_send                    0x0801dd1d   Thumb Code   240  spi_core.o(.text)
    rt_spi_send_then_recv                    0x0801de0d   Thumb Code   240  spi_core.o(.text)
    rt_spi_transfer                          0x0801defd   Thumb Code   198  spi_core.o(.text)
    rt_spi_transfer_message                  0x0801dfc3   Thumb Code   164  spi_core.o(.text)
    rt_spi_take_bus                          0x0801e067   Thumb Code   204  spi_core.o(.text)
    rt_spi_release_bus                       0x0801e133   Thumb Code    72  spi_core.o(.text)
    rt_spi_take                              0x0801e17b   Thumb Code    80  spi_core.o(.text)
    rt_spi_release                           0x0801e1cb   Thumb Code    80  spi_core.o(.text)
    rt_spi_bus_device_init                   0x0801e2cd   Thumb Code    56  spi_dev.o(.text)
    rt_spidev_device_init                    0x0801e389   Thumb Code    56  spi_dev.o(.text)
    rt_completion_init                       0x0801e455   Thumb Code    42  completion.o(.text)
    rt_completion_wait                       0x0801e47f   Thumb Code   198  completion.o(.text)
    rt_completion_done                       0x0801e545   Thumb Code    76  completion.o(.text)
    rt_data_queue_init                       0x0801e62b   Thumb Code    78  dataqueue.o(.text)
    rt_data_queue_push                       0x0801e679   Thumb Code   276  dataqueue.o(.text)
    rt_data_queue_pop                        0x0801e78d   Thumb Code   340  dataqueue.o(.text)
    rt_data_queue_peak                       0x0801e8e1   Thumb Code    94  dataqueue.o(.text)
    rt_data_queue_reset                      0x0801e93f   Thumb Code   106  dataqueue.o(.text)
    finsh_set_device                         0x0801ea53   Thumb Code   156  shell.o(.text)
    finsh_get_device                         0x0801eaef   Thumb Code    28  shell.o(.text)
    finsh_set_echo                           0x0801eb0b   Thumb Code    30  shell.o(.text)
    finsh_get_echo                           0x0801eb29   Thumb Code    32  shell.o(.text)
    finsh_run_line                           0x0801eb65   Thumb Code   164  shell.o(.text)
    finsh_thread_entry                       0x0801ecc5   Thumb Code  1646  shell.o(.text)
    finsh_system_function_init               0x0801f333   Thumb Code    10  shell.o(.text)
    finsh_system_var_init                    0x0801f33d   Thumb Code    10  shell.o(.text)
    finsh_system_init                        0x0801f347   Thumb Code   120  shell.o(.text)
    hello                                    0x0801f429   Thumb Code    12  cmd.o(.text)
    version                                  0x0801f435   Thumb Code    10  cmd.o(.text)
    list_thread                              0x0801f53d   Thumb Code    10  cmd.o(.text)
    list_sem                                 0x0801f5ff   Thumb Code    12  cmd.o(.text)
    list_event                               0x0801f689   Thumb Code    12  cmd.o(.text)
    list_mutex                               0x0801f6f3   Thumb Code    12  cmd.o(.text)
    list_mailbox                             0x0801f791   Thumb Code    12  cmd.o(.text)
    list_msgqueue                            0x0801fb15   Thumb Code    10  cmd.o(.text)
    list_mempool                             0x0801fba5   Thumb Code    12  cmd.o(.text)
    list_timer                               0x0801fc21   Thumb Code    12  cmd.o(.text)
    list_device                              0x0801fc95   Thumb Code    12  cmd.o(.text)
    list                                     0x0801fca1   Thumb Code   126  cmd.o(.text)
    list_prefix                              0x0801fd61   Thumb Code   978  cmd.o(.text)
    finsh_compiler_run                       0x08021913   Thumb Code    88  finsh_compiler.o(.text)
    finsh_error_init                         0x0802197d   Thumb Code     8  finsh_error.o(.text)
    finsh_error_set                          0x08021985   Thumb Code    10  finsh_error.o(.text)
    finsh_errno                              0x0802198f   Thumb Code     6  finsh_error.o(.text)
    finsh_error_string                       0x08021995   Thumb Code    10  finsh_error.o(.text)
    finsh_heap_init                          0x080219a9   Thumb Code    36  finsh_heap.o(.text)
    finsh_heap_free                          0x08021acd   Thumb Code    34  finsh_heap.o(.text)
    finsh_heap_allocate                      0x08021b3d   Thumb Code   106  finsh_heap.o(.text)
    finsh_init                               0x08021bb9   Thumb Code    30  finsh_init.o(.text)
    finsh_stack_bottom                       0x08021bd7   Thumb Code     6  finsh_init.o(.text)
    finsh_flush                              0x08021bdd   Thumb Code    22  finsh_init.o(.text)
    finsh_reset                              0x08021bf3   Thumb Code    24  finsh_init.o(.text)
    finsh_node_init                          0x08021c11   Thumb Code    16  finsh_node.o(.text)
    finsh_node_allocate                      0x08021c21   Thumb Code    56  finsh_node.o(.text)
    finsh_node_new_id                        0x08021c59   Thumb Code   118  finsh_node.o(.text)
    finsh_node_new_char                      0x08021ccf   Thumb Code    30  finsh_node.o(.text)
    finsh_node_new_int                       0x08021ced   Thumb Code    30  finsh_node.o(.text)
    finsh_node_new_long                      0x08021d0b   Thumb Code    30  finsh_node.o(.text)
    finsh_node_new_string                    0x08021d29   Thumb Code    74  finsh_node.o(.text)
    finsh_node_new_ptr                       0x08021d73   Thumb Code    30  finsh_node.o(.text)
    OP_no_op                                 0x08021d95   Thumb Code     2  finsh_ops.o(.text)
    OP_add_byte                              0x08021d97   Thumb Code    42  finsh_ops.o(.text)
    OP_add_word                              0x08021dc1   Thumb Code    44  finsh_ops.o(.text)
    OP_add_dword                             0x08021ded   Thumb Code    42  finsh_ops.o(.text)
    OP_sub_byte                              0x08021e17   Thumb Code    42  finsh_ops.o(.text)
    OP_sub_word                              0x08021e41   Thumb Code    44  finsh_ops.o(.text)
    OP_sub_dword                             0x08021e6d   Thumb Code    42  finsh_ops.o(.text)
    OP_div_byte                              0x08021e97   Thumb Code    44  finsh_ops.o(.text)
    OP_div_word                              0x08021ec3   Thumb Code    46  finsh_ops.o(.text)
    OP_div_dword                             0x08021ef1   Thumb Code    44  finsh_ops.o(.text)
    OP_mod_byte                              0x08021f1d   Thumb Code    48  finsh_ops.o(.text)
    OP_mod_word                              0x08021f4d   Thumb Code    48  finsh_ops.o(.text)
    OP_mod_dword                             0x08021f7d   Thumb Code    48  finsh_ops.o(.text)
    OP_mul_byte                              0x08021fad   Thumb Code    42  finsh_ops.o(.text)
    OP_mul_word                              0x08021fd7   Thumb Code    44  finsh_ops.o(.text)
    OP_mul_dword                             0x08022003   Thumb Code    42  finsh_ops.o(.text)
    OP_and_byte                              0x0802202d   Thumb Code    42  finsh_ops.o(.text)
    OP_and_word                              0x08022057   Thumb Code    42  finsh_ops.o(.text)
    OP_and_dword                             0x08022081   Thumb Code    42  finsh_ops.o(.text)
    OP_or_byte                               0x080220ab   Thumb Code    42  finsh_ops.o(.text)
    OP_or_word                               0x080220d5   Thumb Code    42  finsh_ops.o(.text)
    OP_or_dword                              0x080220ff   Thumb Code    42  finsh_ops.o(.text)
    OP_xor_byte                              0x08022129   Thumb Code    42  finsh_ops.o(.text)
    OP_xor_word                              0x08022153   Thumb Code    46  finsh_ops.o(.text)
    OP_xor_dword                             0x08022181   Thumb Code    42  finsh_ops.o(.text)
    OP_bw_byte                               0x080221ab   Thumb Code    20  finsh_ops.o(.text)
    OP_bw_word                               0x080221bf   Thumb Code    20  finsh_ops.o(.text)
    OP_bw_dword                              0x080221d3   Thumb Code    20  finsh_ops.o(.text)
    OP_shl_byte                              0x080221e7   Thumb Code    42  finsh_ops.o(.text)
    OP_shl_word                              0x08022211   Thumb Code    44  finsh_ops.o(.text)
    OP_shl_dword                             0x0802223d   Thumb Code    42  finsh_ops.o(.text)
    OP_shr_byte                              0x08022267   Thumb Code    42  finsh_ops.o(.text)
    OP_shr_word                              0x08022291   Thumb Code    42  finsh_ops.o(.text)
    OP_shr_dword                             0x080222bb   Thumb Code    42  finsh_ops.o(.text)
    OP_ld_byte                               0x080222e5   Thumb Code    34  finsh_ops.o(.text)
    OP_ld_word                               0x08022307   Thumb Code    46  finsh_ops.o(.text)
    OP_ld_dword                              0x08022335   Thumb Code    64  finsh_ops.o(.text)
    OP_ld_value_byte                         0x08022375   Thumb Code    66  finsh_ops.o(.text)
    OP_ld_value_byte_stack                   0x080223b7   Thumb Code    20  finsh_ops.o(.text)
    OP_ld_value_word                         0x080223cb   Thumb Code    66  finsh_ops.o(.text)
    OP_ld_value_word_stack                   0x0802240d   Thumb Code    20  finsh_ops.o(.text)
    OP_ld_value_dword                        0x08022421   Thumb Code    66  finsh_ops.o(.text)
    OP_ld_value_dword_stack                  0x08022463   Thumb Code    20  finsh_ops.o(.text)
    OP_st_byte                               0x08022477   Thumb Code    30  finsh_ops.o(.text)
    OP_st_word                               0x08022495   Thumb Code    30  finsh_ops.o(.text)
    OP_st_dword                              0x080224b3   Thumb Code    30  finsh_ops.o(.text)
    OP_pop                                   0x080224d1   Thumb Code    12  finsh_ops.o(.text)
    OP_call                                  0x080224dd   Thumb Code   906  finsh_ops.o(.text)
    finsh_parser_run                         0x080230fd   Thumb Code   220  finsh_parser.o(.text)
    finsh_parser_init                        0x080231d9   Thumb Code    16  finsh_parser.o(.text)
    finsh_var_init                           0x080231e9   Thumb Code    14  finsh_var.o(.text)
    finsh_var_insert                         0x080231f7   Thumb Code   114  finsh_var.o(.text)
    finsh_var_delete                         0x08023269   Thumb Code    68  finsh_var.o(.text)
    finsh_var_lookup                         0x080232ad   Thumb Code    58  finsh_var.o(.text)
    finsh_sysvar_append                      0x080232e7   Thumb Code    62  finsh_var.o(.text)
    finsh_sysvar_lookup                      0x08023325   Thumb Code    78  finsh_var.o(.text)
    finsh_vm_run                             0x08023385   Thumb Code    62  finsh_vm.o(.text)
    finsh_syscall_append                     0x080233c3   Thumb Code    54  finsh_vm.o(.text)
    finsh_syscall_lookup                     0x080233f9   Thumb Code    78  finsh_vm.o(.text)
    finsh_token_init                         0x08023469   Thumb Code    20  finsh_token.o(.text)
    token_get_string                         0x08023881   Thumb Code   120  finsh_token.o(.text)
    finsh_token_token                        0x08023ab9   Thumb Code    24  finsh_token.o(.text)
    finsh_token_get_token                    0x08023ad1   Thumb Code    20  finsh_token.o(.text)
    mktime                                   0x08023ae9   Thumb Code   150  mktime.o(.text)
    __aeabi_memcpy                           0x08023b91   Thumb Code    36  memcpya.o(.text)
    __aeabi_memcpy4                          0x08023b91   Thumb Code     0  memcpya.o(.text)
    __aeabi_memcpy8                          0x08023b91   Thumb Code     0  memcpya.o(.text)
    __aeabi_memset                           0x08023bb5   Thumb Code    14  memseta.o(.text)
    __aeabi_memset4                          0x08023bb5   Thumb Code     0  memseta.o(.text)
    __aeabi_memset8                          0x08023bb5   Thumb Code     0  memseta.o(.text)
    __aeabi_memclr                           0x08023bc3   Thumb Code     4  memseta.o(.text)
    __aeabi_memclr4                          0x08023bc3   Thumb Code     0  memseta.o(.text)
    __aeabi_memclr8                          0x08023bc3   Thumb Code     0  memseta.o(.text)
    _memset$wrapper                          0x08023bc7   Thumb Code    18  memseta.o(.text)
    strncpy                                  0x08023bd9   Thumb Code    24  strncpy.o(.text)
    strlen                                   0x08023bf1   Thumb Code    14  strlen.o(.text)
    strcmp                                   0x08023bff   Thumb Code    28  strcmp.o(.text)
    strncmp                                  0x08023c1b   Thumb Code    30  strncmp.o(.text)
    strrchr                                  0x08023c39   Thumb Code    32  strrchr.o(.text)
    atoi                                     0x08023c59   Thumb Code    26  atoi.o(.text)
    __aeabi_fadd                             0x08023c73   Thumb Code   164  fadd.o(.text)
    __aeabi_fsub                             0x08023d17   Thumb Code     6  fadd.o(.text)
    __aeabi_frsub                            0x08023d1d   Thumb Code     6  fadd.o(.text)
    __aeabi_fmul                             0x08023d23   Thumb Code   100  fmul.o(.text)
    __aeabi_fdiv                             0x08023d87   Thumb Code   124  fdiv.o(.text)
    __aeabi_dmul                             0x08023e03   Thumb Code   228  dmul.o(.text)
    __aeabi_i2f                              0x08023ee7   Thumb Code    18  fflti.o(.text)
    __aeabi_ui2f                             0x08023ef9   Thumb Code    10  ffltui.o(.text)
    __aeabi_ui2d                             0x08023f03   Thumb Code    26  dfltui.o(.text)
    __aeabi_f2iz                             0x08023f1d   Thumb Code    50  ffixi.o(.text)
    __aeabi_f2uiz                            0x08023f4f   Thumb Code    40  ffixui.o(.text)
    __aeabi_d2uiz                            0x08023f77   Thumb Code    50  dfixui.o(.text)
    __aeabi_f2d                              0x08023fa9   Thumb Code    38  f2d.o(.text)
    __aeabi_cdcmpeq                          0x08023fd1   Thumb Code     0  cdcmple.o(.text)
    __aeabi_cdcmple                          0x08023fd1   Thumb Code    48  cdcmple.o(.text)
    __aeabi_cdrcmple                         0x08024001   Thumb Code    48  cdrcmple.o(.text)
    __aeabi_llsr                             0x08024031   Thumb Code    32  llushr.o(.text)
    _ll_ushift_r                             0x08024031   Thumb Code     0  llushr.o(.text)
    _localtime                               0x08024051   Thumb Code   134  localtime_i.o(.text)
    strtol                                   0x080240dd   Thumb Code   112  strtol.o(.text)
    __I$use$fp                               0x0802414d   Thumb Code     0  iusefp.o(.text)
    _float_round                             0x0802414d   Thumb Code    18  fepilogue.o(.text)
    _float_epilogue                          0x0802415f   Thumb Code    92  fepilogue.o(.text)
    _double_round                            0x080241bb   Thumb Code    30  depilogue.o(.text)
    _double_epilogue                         0x080241d9   Thumb Code   156  depilogue.o(.text)
    _dsqrt                                   0x08024275   Thumb Code   162  dsqrt.o(.text)
    __scatterload                            0x08024319   Thumb Code    28  init.o(.text)
    __scatterload_rt2                        0x08024319   Thumb Code     0  init.o(.text)
    __aeabi_llsl                             0x0802433d   Thumb Code    30  llshl.o(.text)
    _ll_shift_l                              0x0802433d   Thumb Code     0  llshl.o(.text)
    __rt_ctype_table                         0x0802435d   Thumb Code     4  ctype_o.o(.text)
    _strtoul                                 0x08024365   Thumb Code   158  _strtoul.o(.text)
    _chval                                   0x08024403   Thumb Code    28  _chval.o(.text)
    __decompress                             0x0802441f   Thumb Code     0  __dczerorl2.o(.text)
    __decompress1                            0x0802441f   Thumb Code    86  __dczerorl2.o(.text)
    __aeabi_errno_addr                       0x08024475   Thumb Code     4  errno.o(i.__aeabi_errno_addr)
    __rt_errno_addr                          0x08024475   Thumb Code     0  errno.o(i.__aeabi_errno_addr)
    __scatterload_copy                       0x0802447d   Thumb Code    14  handlers.o(i.__scatterload_copy)
    __scatterload_null                       0x0802448b   Thumb Code     2  handlers.o(i.__scatterload_null)
    __scatterload_zeroinit                   0x0802448d   Thumb Code    14  handlers.o(i.__scatterload_zeroinit)
    __set_errno                              0x0802449d   Thumb Code     6  errno.o(i.__set_errno)
    sqrt                                     0x080244a9   Thumb Code    76  sqrt.o(i.sqrt)
    asc2_1206                                0x0802457c   Data        1140  ili93xx.o(.constdata)
    asc2_1608                                0x080249f0   Data        1520  ili93xx.o(.constdata)
    asc2_2412                                0x08024fe0   Data        3420  ili93xx.o(.constdata)
    TP_REMIND_MSG_TBL                        0x08025d3c   Data           4  touch_screen.o(.constdata)
    __lowest_bit_bitmap                      0x08025fd5   Data         256  kservice.o(.constdata)
    op_table                                 0x08026d08   Data         196  finsh_ops.o(.constdata)
    __ctype_table                            0x08026e24   Data         129  ctype_o.o(.constdata)
    __fsym_send_card_name                    0x08027316   Data          10  rfid_thread.o(.rodata.name)
    __fsym_send_card_desc                    0x08027320   Data          20  rfid_thread.o(.rodata.name)
    __fsym_set_time_name                     0x08027334   Data           9  rtc_thread.o(.rodata.name)
    __fsym_set_time_desc                     0x0802733d   Data          18  rtc_thread.o(.rodata.name)
    __fsym_led_name                          0x0802734f   Data           4  led.o(.rodata.name)
    __fsym_led_desc                          0x08027353   Data          32  led.o(.rodata.name)
    __fsym_open_door_name                    0x08027373   Data          10  beep_door.o(.rodata.name)
    __fsym_open_door_desc                    0x0802737d   Data          19  beep_door.o(.rodata.name)
    __fsym_set_lcd_led_name                  0x08027390   Data          12  pwm.o(.rodata.name)
    __fsym_set_lcd_led_desc                  0x0802739c   Data          12  pwm.o(.rodata.name)
    __fsym_list_mem_name                     0x080273a8   Data           9  mem.o(.rodata.name)
    __fsym_list_mem_desc                     0x080273b1   Data          30  mem.o(.rodata.name)
    __fsym_ls_name                           0x080273cf   Data           3  dfs_file.o(.rodata.name)
    __fsym_ls_desc                           0x080273d2   Data          24  dfs_file.o(.rodata.name)
    __fsym_rm_name                           0x080273ea   Data           3  dfs_file.o(.rodata.name)
    __fsym_rm_desc                           0x080273ed   Data          28  dfs_file.o(.rodata.name)
    __fsym_cat_name                          0x08027409   Data           4  dfs_file.o(.rodata.name)
    __fsym_cat_desc                          0x0802740d   Data          11  dfs_file.o(.rodata.name)
    __fsym_copy_name                         0x08027418   Data           5  dfs_file.o(.rodata.name)
    __fsym_copy_desc                         0x0802741d   Data          17  dfs_file.o(.rodata.name)
    __fsym_mkfs_name                         0x0802742e   Data           5  dfs_fs.o(.rodata.name)
    __fsym_mkfs_desc                         0x08027433   Data          19  dfs_fs.o(.rodata.name)
    __fsym_df_name                           0x08027446   Data           3  dfs_fs.o(.rodata.name)
    __fsym_df_desc                           0x08027449   Data          14  dfs_fs.o(.rodata.name)
    __fsym_mkdir_name                        0x08027457   Data           6  dfs_posix.o(.rodata.name)
    __fsym_mkdir_desc                        0x0802745d   Data          19  dfs_posix.o(.rodata.name)
    __fsym_hello_name                        0x08027470   Data           6  cmd.o(.rodata.name)
    __fsym_hello_desc                        0x08027476   Data          16  cmd.o(.rodata.name)
    __fsym_version_name                      0x08027486   Data           8  cmd.o(.rodata.name)
    __fsym_version_desc                      0x0802748e   Data          35  cmd.o(.rodata.name)
    __fsym_list_thread_name                  0x080274b1   Data          12  cmd.o(.rodata.name)
    __fsym_list_thread_desc                  0x080274bd   Data          12  cmd.o(.rodata.name)
    __fsym_list_sem_name                     0x080274c9   Data           9  cmd.o(.rodata.name)
    __fsym_list_sem_desc                     0x080274d2   Data          25  cmd.o(.rodata.name)
    __fsym_list_event_name                   0x080274eb   Data          11  cmd.o(.rodata.name)
    __fsym_list_event_desc                   0x080274f6   Data          21  cmd.o(.rodata.name)
    __fsym_list_mutex_name                   0x0802750b   Data          11  cmd.o(.rodata.name)
    __fsym_list_mutex_desc                   0x08027516   Data          21  cmd.o(.rodata.name)
    __fsym_list_mailbox_name                 0x0802752b   Data          13  cmd.o(.rodata.name)
    __fsym_list_mailbox_desc                 0x08027538   Data          24  cmd.o(.rodata.name)
    __fsym_list_msgqueue_name                0x08027550   Data          14  cmd.o(.rodata.name)
    __fsym_list_msgqueue_desc                0x0802755e   Data          29  cmd.o(.rodata.name)
    __fsym_list_mempool_name                 0x0802757b   Data          13  cmd.o(.rodata.name)
    __fsym_list_mempool_desc                 0x08027588   Data          27  cmd.o(.rodata.name)
    __fsym_list_timer_name                   0x080275a3   Data          11  cmd.o(.rodata.name)
    __fsym_list_timer_desc                   0x080275ae   Data          21  cmd.o(.rodata.name)
    __fsym_list_device_name                  0x080275c3   Data          12  cmd.o(.rodata.name)
    __fsym_list_device_desc                  0x080275cf   Data          22  cmd.o(.rodata.name)
    __fsym_list_name                         0x080275e5   Data           5  cmd.o(.rodata.name)
    __fsym_list_desc                         0x080275ea   Data          26  cmd.o(.rodata.name)
    __vsym_dummy_name                        0x08027604   Data           6  cmd.o(.rodata.name)
    __vsym_dummy_desc                        0x0802760a   Data          25  cmd.o(.rodata.name)
    __rt_init_rti_start                      0x08027624   Data           4  components.o(.rti_fn.0)
    __rt_init_rti_board_start                0x08027628   Data           4  components.o(.rti_fn.0.end)
    __rt_init_rti_board_end                  0x0802762c   Data           4  components.o(.rti_fn.1.end)
    __rt_init_rt_hw_sdcard_init              0x08027630   Data           4  sdcard.o(.rti_fn.2)
    __rt_init_dfs_init                       0x08027634   Data           4  dfs.o(.rti_fn.3)
    __rt_init_finsh_system_init              0x08027638   Data           4  shell.o(.rti_fn.3)
    __rt_init_elm_init                       0x0802763c   Data           4  dfs_elm.o(.rti_fn.4)
    __rt_init_rti_end                        0x08027640   Data           4  components.o(.rti_fn.6.end)
    FSymTab$$Base                            0x08027644   Number         0  rfid_thread.o(FSymTab)
    __fsym_send_card                         0x08027644   Data          12  rfid_thread.o(FSymTab)
    __fsym_set_time                          0x08027650   Data          12  rtc_thread.o(FSymTab)
    __fsym_led                               0x0802765c   Data          12  led.o(FSymTab)
    __fsym_open_door                         0x08027668   Data          12  beep_door.o(FSymTab)
    __fsym_set_lcd_led                       0x08027674   Data          12  pwm.o(FSymTab)
    __fsym_list_mem                          0x08027680   Data          12  mem.o(FSymTab)
    __fsym_ls                                0x0802768c   Data          12  dfs_file.o(FSymTab)
    __fsym_rm                                0x08027698   Data          12  dfs_file.o(FSymTab)
    __fsym_cat                               0x080276a4   Data          12  dfs_file.o(FSymTab)
    __fsym_copy                              0x080276b0   Data          12  dfs_file.o(FSymTab)
    __fsym_mkfs                              0x080276bc   Data          12  dfs_fs.o(FSymTab)
    __fsym_df                                0x080276c8   Data          12  dfs_fs.o(FSymTab)
    __fsym_mkdir                             0x080276d4   Data          12  dfs_posix.o(FSymTab)
    __fsym_hello                             0x080276e0   Data          12  cmd.o(FSymTab)
    __fsym_version                           0x080276ec   Data          12  cmd.o(FSymTab)
    __fsym_list_thread                       0x080276f8   Data          12  cmd.o(FSymTab)
    __fsym_list_sem                          0x08027704   Data          12  cmd.o(FSymTab)
    __fsym_list_event                        0x08027710   Data          12  cmd.o(FSymTab)
    __fsym_list_mutex                        0x0802771c   Data          12  cmd.o(FSymTab)
    __fsym_list_mailbox                      0x08027728   Data          12  cmd.o(FSymTab)
    __fsym_list_msgqueue                     0x08027734   Data          12  cmd.o(FSymTab)
    __fsym_list_mempool                      0x08027740   Data          12  cmd.o(FSymTab)
    __fsym_list_timer                        0x0802774c   Data          12  cmd.o(FSymTab)
    __fsym_list_device                       0x08027758   Data          12  cmd.o(FSymTab)
    __fsym_list                              0x08027764   Data          12  cmd.o(FSymTab)
    FSymTab$$Limit                           0x08027770   Number         0  cmd.o(FSymTab)
    Region$$Table$$Base                      0x08027770   Number         0  anon$$obj.o(Region$$Table)
    Region$$Table$$Limit                     0x08027790   Number         0  anon$$obj.o(Region$$Table)
    VSymTab$$Base                            0x08027790   Number         0  cmd.o(VSymTab)
    __vsym_dummy                             0x08027790   Data          16  cmd.o(VSymTab)
    VSymTab$$Limit                           0x080277a0   Number         0  cmd.o(VSymTab)
    device_config_path                       0x20000000   Data           4  device_config.o(.data)
    device_addr                              0x20000004   Data           1  device_config.o(.data)
    user_info_database_path                  0x20000008   Data           4  p_database.o(.data)
    read_card_id                             0x2000000c   Data           4  rfid_thread.o(.data)
    uart1                                    0x20000014   Data          24  usart.o(.data)
    uart2                                    0x2000002c   Data          24  usart.o(.data)
    uart3                                    0x20000044   Data          24  usart.o(.data)
    SrcBuffer                                0x20000070   Data           4  sdcard.o(.data)
    DestBuffer                               0x20000074   Data           4  sdcard.o(.data)
    TransferError                            0x20000078   Data           1  sdcard.o(.data)
    TransferEnd                              0x2000007c   Data           4  sdcard.o(.data)
    NumberOfBytes                            0x20000080   Data           4  sdcard.o(.data)
    TimeValue                                0x20000084   Data           8  ds1307.o(.data)
    Time_Buffer                              0x2000008c   Data           8  ds1307.o(.data)
    rt_spi_esp8266_device                    0x20000094   Data           4  esp8266.o(.data)
    CT                                       0x200000a4   Data           2  rc522.o(.data)
    get_card_id_array                        0x200000a6   Data           4  rc522.o(.data)
    rt_spi_rc522_device                      0x200000ac   Data           4  rc522.o(.data)
    rt_spi_rc522_in_device                   0x200000b0   Data           4  rc522.o(.data)
    rt_spi_rc522_out_device                  0x200000b4   Data           4  rc522.o(.data)
    rc522_readBuf                            0x200000b8   Data           2  rc522.o(.data)
    rc522_writeBuf                           0x200000ba   Data           2  rc522.o(.data)
    POINT_COLOR                              0x200000cc   Data           2  ili93xx.o(.data)
    BACK_COLOR                               0x200000ce   Data           2  ili93xx.o(.data)
    rt_spi_tp_device                         0x200000d0   Data           4  touch_screen.o(.data)
    file_name                                0x200000d4   Data           4  touch_screen.o(.data)
    tp_dev                                   0x200000d8   Data          52  touch_screen.o(.data)
    CMD_RDX                                  0x2000010c   Data           1  touch_screen.o(.data)
    CMD_RDY                                  0x2000010d   Data           1  touch_screen.o(.data)
    tp_readBuf                               0x2000010e   Data           1  touch_screen.o(.data)
    tp_writeBuf                              0x2000010f   Data           1  touch_screen.o(.data)
    SystemCoreClock                          0x20000118   Data           4  system_stm32f10x.o(.data)
    AHBPrescTable                            0x2000011c   Data          16  system_stm32f10x.o(.data)
    rt_interrupt_nest                        0x20000144   Data           1  irq.o(.data)
    rt_assert_hook                           0x20000150   Data           4  kservice.o(.data)
    rt_object_container                      0x2000016c   Data         144  object.o(.data)
    rt_current_thread                        0x20000200   Data           4  scheduler.o(.data)
    rt_current_priority                      0x20000204   Data           1  scheduler.o(.data)
    rt_thread_ready_priority_group           0x20000208   Data           4  scheduler.o(.data)
    rt_thread_defunct                        0x2000020c   Data           8  scheduler.o(.data)
    rt_interrupt_from_thread                 0x20000220   Data           4  cpuport.o(.data)
    rt_interrupt_to_thread                   0x20000224   Data           4  cpuport.o(.data)
    rt_thread_switch_interrupt_flag          0x20000228   Data           4  cpuport.o(.data)
    shell                                    0x20000248   Data           4  shell.o(.data)
    _syscall_table_begin                     0x2000024c   Data           4  symbol.o(.data)
    _syscall_table_end                       0x20000250   Data           4  symbol.o(.data)
    _sysvar_table_begin                      0x20000254   Data           4  symbol.o(.data)
    _sysvar_table_end                        0x20000258   Data           4  symbol.o(.data)
    finsh_compile_sp                         0x20000260   Data           4  finsh_compiler.o(.data)
    finsh_compile_pc                         0x20000264   Data           4  finsh_compiler.o(.data)
    global_errno                             0x20000268   Data           1  finsh_error.o(.data)
    global_sysvar_list                       0x200002b0   Data           4  finsh_var.o(.data)
    finsh_sp                                 0x200002b4   Data           4  finsh_vm.o(.data)
    finsh_pc                                 0x200002b8   Data           4  finsh_vm.o(.data)
    global_syscall_list                      0x200002bc   Data           4  finsh_vm.o(.data)
    this_device_name                         0x200002c4   Data          64  device_config.o(.bss)
    card_id_array                            0x20000b94   Data        6000  p_database.o(.bss)
    rc522_stack                              0x20002304   Data        1024  rfid_thread.o(.bss)
    rc522_thread                             0x20002704   Data         144  rfid_thread.o(.bss)
    user_check_event                         0x20002794   Data          40  rfid_thread.o(.bss)
    rtc_stack                                0x200027bc   Data        1024  rtc_thread.o(.bss)
    rtc_thread                               0x20002bbc   Data         144  rtc_thread.o(.bss)
    user_check_stack                         0x20002c4c   Data        1024  user_check_thread.o(.bss)
    user_check_thread                        0x2000304c   Data         144  user_check_thread.o(.bss)
    user_info_struct_get                     0x200030dc   Data        1040  user_check_thread.o(.bss)
    wifi_stack                               0x200034ec   Data        1024  wifi_thread.o(.bss)
    wifi_thread                              0x200038ec   Data         144  wifi_thread.o(.bss)
    serial1                                  0x2000397c   Data          92  usart.o(.bss)
    serial2                                  0x200039d8   Data          92  usart.o(.bss)
    serial3                                  0x20003a34   Data          92  usart.o(.bss)
    SDIO_InitStructure                       0x20003ab0   Data          24  sdcard.o(.bss)
    SDIO_CmdInitStructure                    0x20003ac8   Data          20  sdcard.o(.bss)
    SDIO_DataInitStructure                   0x20003adc   Data          24  sdcard.o(.bss)
    esp8266_message                          0x20003dc4   Data          20  esp8266.o(.bss)
    esp8266_readBuf                          0x20003dd8   Data          64  esp8266.o(.bss)
    esp8266_writeBuf                         0x20003e18   Data          64  esp8266.o(.bss)
    rc522_message                            0x20003eac   Data          20  rc522.o(.bss)
    stm32_spi1_bus                           0x20003f68   Data         128  spi_bus.o(.bss)
    rt_spi1_bus                              0x20003fe8   Data         124  spi_bus.o(.bss)
    stm32_spi2_bus                           0x20004064   Data         128  spi_bus.o(.bss)
    rt_spi2_bus                              0x200040e4   Data         124  spi_bus.o(.bss)
    stm32_spi3_bus                           0x20004160   Data         128  spi_bus.o(.bss)
    rt_spi3_bus                              0x200041e0   Data         124  spi_bus.o(.bss)
    lcddev                                   0x2000425c   Data          14  ili93xx.o(.bss)
    rt_spi_tp_message                        0x2000426c   Data          20  touch_screen.o(.bss)
    rt_thread_priority_table                 0x2000460c   Data         256  scheduler.o(.bss)
    filesystem_operation_table               0x2000470c   Data          16  dfs.o(.bss)
    filesystem_table                         0x2000471c   Data          32  dfs.o(.bss)
    fd_table                                 0x20004768   Data         128  dfs.o(.bss)
    finsh_heap                               0x2000999c   Data         128  finsh_heap.o(.bss)
    global_node_table                        0x20009a1c   Data         320  finsh_node.o(.bss)
    global_variable                          0x20009b5c   Data         192  finsh_var.o(.bss)
    finsh_vm_stack                           0x20009c1c   Data         256  finsh_vm.o(.bss)
    text_segment                             0x20009d1c   Data         128  finsh_vm.o(.bss)
    __initial_sp                             0x2000a1a0   Data           0  startup_stm32f10x_hd.o(STACK)



==============================================================================

Memory Map of the image

  Image Entry point : 0x08000131

  Load Region LR_IROM1 (Base: 0x08000000, Size: 0x00027a64, Max: 0x00080000, ABSOLUTE, COMPRESSED[0x0002788c])

    Execution Region ER_IROM1 (Base: 0x08000000, Size: 0x000277a0, Max: 0x00080000, ABSOLUTE)

    Base Addr    Size         Type   Attr      Idx    E Section Name        Object

    0x08000000   0x00000130   Data   RO         1388    RESET               startup_stm32f10x_hd.o
    0x08000130   0x00000000   Code   RO         2334  * .ARM.Collect$$$$00000000  mc_w.l(entry.o)
    0x08000130   0x00000004   Code   RO         2384    .ARM.Collect$$$$00000001  mc_w.l(entry2.o)
    0x08000134   0x00000004   Code   RO         2387    .ARM.Collect$$$$00000004  mc_w.l(entry5.o)
    0x08000138   0x00000000   Code   RO         2389    .ARM.Collect$$$$00000008  mc_w.l(entry7b.o)
    0x08000138   0x00000000   Code   RO         2391    .ARM.Collect$$$$0000000A  mc_w.l(entry8b.o)
    0x08000138   0x00000008   Code   RO         2392    .ARM.Collect$$$$0000000B  mc_w.l(entry9a.o)
    0x08000140   0x00000000   Code   RO         2394    .ARM.Collect$$$$0000000D  mc_w.l(entry10a.o)
    0x08000140   0x00000000   Code   RO         2396    .ARM.Collect$$$$0000000F  mc_w.l(entry11a.o)
    0x08000140   0x00000004   Code   RO         2385    .ARM.Collect$$$$00002712  mc_w.l(entry2.o)
    0x08000144   0x000000d4   Code   RO            3    .text               application.o
    0x08000218   0x000002c8   Code   RO          185    .text               device_config.o
    0x080004e0   0x000001d8   Code   RO          235    .text               main.o
    0x080006b8   0x000004a0   Code   RO          322    .text               p_database.o
    0x08000b58   0x00000158   Code   RO          350    .text               rfid_thread.o
    0x08000cb0   0x00000114   Code   RO          383    .text               rtc_thread.o
    0x08000dc4   0x000000b4   Code   RO          418    .text               startup.o
    0x08000e78   0x00000438   Code   RO          445    .text               user_check_thread.o
    0x080012b0   0x00000028   Code   RO          472    .text               wifi_thread.o
    0x080012d8   0x000001d8   Code   RO          498    .text               board.o
    0x080014b0   0x00000012   Code   RO          525    .text               stm32f10x_it.o
    0x080014c2   0x00000002   PAD
    0x080014c4   0x000000e0   Code   RO          548    .text               led.o
    0x080015a4   0x000005d0   Code   RO          573    .text               usart.o
    0x08001b74   0x000026c4   Code   RO          608    .text               sdcard.o
    0x08004238   0x0000007c   Code   RO          644    .text               beep_door.o
    0x080042b4   0x000003a4   Code   RO          668    .text               ds1307.o
    0x08004658   0x00000218   Code   RO          694    .text               esp8266.o
    0x08004870   0x0000012c   Code   RO          718    .text               pwm.o
    0x0800499c   0x00000ac0   Code   RO          745    .text               rc522.o
    0x0800545c   0x0000022c   Code   RO          772    .text               soft_iic.o
    0x08005688   0x00000374   Code   RO          792    .text               spi_bus.o
    0x080059fc   0x00000138   Code   RO          816    .text               sram.o
    0x08005b34   0x00004b9a   Code   RO          836    .text               ili93xx.o
    0x0800a6ce   0x00000002   PAD
    0x0800a6d0   0x00000fd0   Code   RO          867    .text               touch_screen.o
    0x0800b6a0   0x000001e0   Code   RO          900    .text               system_stm32f10x.o
    0x0800b880   0x00000844   Code   RO          946    .text               stm32f10x_rcc.o
    0x0800c0c4   0x00000da8   Code   RO         1128    .text               stm32f10x_fsmc.o
    0x0800ce6c   0x0000377c   Code   RO         1148    .text               stm32f10x_tim.o
    0x080105e8   0x0000098c   Code   RO         1188    .text               stm32f10x_spi.o
    0x08010f74   0x00000650   Code   RO         1228    .text               stm32f10x_sdio.o
    0x080115c4   0x00000a80   Code   RO         1248    .text               stm32f10x_gpio.o
    0x08012044   0x00000dc0   Code   RO         1268    .text               stm32f10x_usart.o
    0x08012e04   0x00000944   Code   RO         1308    .text               stm32f10x_dma.o
    0x08013748   0x000001e4   Code   RO         1368    .text               misc.o
    0x0801392c   0x00000024   Code   RO         1389    .text               startup_stm32f10x_hd.o
    0x08013950   0x00000060   Code   RO         1393    .text               clock.o
    0x080139b0   0x00000044   Code   RO         1407    .text               components.o
    0x080139f4   0x00000338   Code   RO         1425    .text               device.o
    0x08013d2c   0x00000124   Code   RO         1439    .text               idle.o
    0x08013e50   0x000014e4   Code   RO         1458    .text               ipc.o
    0x08015334   0x00000048   Code   RO         1474    .text               irq.o
    0x0801537c   0x00000a64   Code   RO         1489    .text               kservice.o
    0x08015de0   0x00000834   Code   RO         1509    .text               mem.o
    0x08016614   0x00000260   Code   RO         1545    .text               object.o
    0x08016874   0x000002c8   Code   RO         1564    .text               scheduler.o
    0x08016b3c   0x000005a0   Code   RO         1585    .text               thread.o
    0x080170dc   0x00000414   Code   RO         1602    .text               timer.o
    0x080174f0   0x000005d4   Code   RO         1620    .text               cpuport.o
    0x08017ac4   0x000000ec   Code   RO         1636    .text               context_rvds.o
    0x08017bb0   0x000003a8   Code   RO         1674    .text               dfs.o
    0x08017f58   0x000009b4   Code   RO         1698    .text               dfs_file.o
    0x0801890c   0x000005f0   Code   RO         1715    .text               dfs_fs.o
    0x08018efc   0x000005e8   Code   RO         1738    .text               dfs_posix.o
    0x080194e4   0x00000abc   Code   RO         1754    .text               dfs_elm.o
    0x08019fa0   0x00003064   Code   RO         1787    .text               ff.o
    0x0801d004   0x00000080   Code   RO         1802    .text               ccsbcs.o
    0x0801d084   0x00000bbc   Code   RO         1928    .text               serial.o
    0x0801dc40   0x00000608   Code   RO         1942    .text               spi_core.o
    0x0801e248   0x0000020c   Code   RO         1955    .text               spi_dev.o
    0x0801e454   0x000001c8   Code   RO         1968    .text               completion.o
    0x0801e61c   0x00000414   Code   RO         1984    .text               dataqueue.o
    0x0801ea30   0x000009e4   Code   RO         2070    .text               shell.o
    0x0801f414   0x00000d50   Code   RO         2102    .text               cmd.o
    0x08020164   0x00001818   Code   RO         2126    .text               finsh_compiler.o
    0x0802197c   0x0000002c   Code   RO         2163    .text               finsh_error.o
    0x080219a8   0x00000210   Code   RO         2179    .text               finsh_heap.o
    0x08021bb8   0x00000058   Code   RO         2195    .text               finsh_init.o
    0x08021c10   0x00000184   Code   RO         2213    .text               finsh_node.o
    0x08021d94   0x00000ad8   Code   RO         2228    .text               finsh_ops.o
    0x0802286c   0x0000097c   Code   RO         2246    .text               finsh_parser.o
    0x080231e8   0x0000019c   Code   RO         2261    .text               finsh_var.o
    0x08023384   0x000000e4   Code   RO         2284    .text               finsh_vm.o
    0x08023468   0x00000680   Code   RO         2311    .text               finsh_token.o
    0x08023ae8   0x000000a8   Code   RO         2337    .text               mc_w.l(mktime.o)
    0x08023b90   0x00000024   Code   RO         2340    .text               mc_w.l(memcpya.o)
    0x08023bb4   0x00000024   Code   RO         2342    .text               mc_w.l(memseta.o)
    0x08023bd8   0x00000018   Code   RO         2344    .text               mc_w.l(strncpy.o)
    0x08023bf0   0x0000000e   Code   RO         2346    .text               mc_w.l(strlen.o)
    0x08023bfe   0x0000001c   Code   RO         2348    .text               mc_w.l(strcmp.o)
    0x08023c1a   0x0000001e   Code   RO         2350    .text               mc_w.l(strncmp.o)
    0x08023c38   0x00000020   Code   RO         2352    .text               mc_w.l(strrchr.o)
    0x08023c58   0x0000001a   Code   RO         2356    .text               mc_w.l(atoi.o)
    0x08023c72   0x000000b0   Code   RO         2358    .text               mf_w.l(fadd.o)
    0x08023d22   0x00000064   Code   RO         2360    .text               mf_w.l(fmul.o)
    0x08023d86   0x0000007c   Code   RO         2362    .text               mf_w.l(fdiv.o)
    0x08023e02   0x000000e4   Code   RO         2364    .text               mf_w.l(dmul.o)
    0x08023ee6   0x00000012   Code   RO         2366    .text               mf_w.l(fflti.o)
    0x08023ef8   0x0000000a   Code   RO         2368    .text               mf_w.l(ffltui.o)
    0x08023f02   0x0000001a   Code   RO         2370    .text               mf_w.l(dfltui.o)
    0x08023f1c   0x00000032   Code   RO         2372    .text               mf_w.l(ffixi.o)
    0x08023f4e   0x00000028   Code   RO         2374    .text               mf_w.l(ffixui.o)
    0x08023f76   0x00000032   Code   RO         2376    .text               mf_w.l(dfixui.o)
    0x08023fa8   0x00000026   Code   RO         2378    .text               mf_w.l(f2d.o)
    0x08023fce   0x00000002   PAD
    0x08023fd0   0x00000030   Code   RO         2380    .text               mf_w.l(cdcmple.o)
    0x08024000   0x00000030   Code   RO         2382    .text               mf_w.l(cdrcmple.o)
    0x08024030   0x00000020   Code   RO         2398    .text               mc_w.l(llushr.o)
    0x08024050   0x0000008c   Code   RO         2403    .text               mc_w.l(localtime_i.o)
    0x080240dc   0x00000070   Code   RO         2413    .text               mc_w.l(strtol.o)
    0x0802414c   0x00000000   Code   RO         2415    .text               mc_w.l(iusefp.o)
    0x0802414c   0x0000006e   Code   RO         2416    .text               mf_w.l(fepilogue.o)
    0x080241ba   0x000000ba   Code   RO         2418    .text               mf_w.l(depilogue.o)
    0x08024274   0x000000a2   Code   RO         2420    .text               mf_w.l(dsqrt.o)
    0x08024316   0x00000002   PAD
    0x08024318   0x00000024   Code   RO         2422    .text               mc_w.l(init.o)
    0x0802433c   0x0000001e   Code   RO         2424    .text               mc_w.l(llshl.o)
    0x0802435a   0x00000002   PAD
    0x0802435c   0x00000008   Code   RO         2426    .text               mc_w.l(ctype_o.o)
    0x08024364   0x0000009e   Code   RO         2454    .text               mc_w.l(_strtoul.o)
    0x08024402   0x0000001c   Code   RO         2456    .text               mc_w.l(_chval.o)
    0x0802441e   0x00000056   Code   RO         2466    .text               mc_w.l(__dczerorl2.o)
    0x08024474   0x00000008   Code   RO         2406    i.__aeabi_errno_addr  mc_w.l(errno.o)
    0x0802447c   0x0000000e   Code   RO         2460    i.__scatterload_copy  mc_w.l(handlers.o)
    0x0802448a   0x00000002   Code   RO         2461    i.__scatterload_null  mc_w.l(handlers.o)
    0x0802448c   0x0000000e   Code   RO         2462    i.__scatterload_zeroinit  mc_w.l(handlers.o)
    0x0802449a   0x00000002   PAD
    0x0802449c   0x0000000c   Code   RO         2408    i.__set_errno       mc_w.l(errno.o)
    0x080244a8   0x0000004c   Code   RO         2327    i.sqrt              m_ws.l(sqrt.o)
    0x080244f4   0x0000005c   Data   RO          575    .constdata          usart.o
    0x08024550   0x00000012   Data   RO          610    .constdata          sdcard.o
    0x08024562   0x00000002   PAD
    0x08024564   0x00000018   Data   RO          794    .constdata          spi_bus.o
    0x0802457c   0x000017c0   Data   RO          838    .constdata          ili93xx.o
    0x08025d3c   0x00000004   Data   RO          869    .constdata          touch_screen.o
    0x08025d40   0x000000a8   Data   RO         1426    .constdata          device.o
    0x08025de8   0x00000016   Data   RO         1441    .constdata          idle.o
    0x08025dfe   0x000001d7   Data   RO         1459    .constdata          ipc.o
    0x08025fd5   0x00000122   Data   RO         1491    .constdata          kservice.o
    0x080260f7   0x00000046   Data   RO         1511    .constdata          mem.o
    0x0802613d   0x0000005e   Data   RO         1546    .constdata          object.o
    0x0802619b   0x0000004e   Data   RO         1566    .constdata          scheduler.o
    0x080261e9   0x000000aa   Data   RO         1586    .constdata          thread.o
    0x08026293   0x0000005c   Data   RO         1603    .constdata          timer.o
    0x080262ef   0x00000013   Data   RO         1621    .constdata          cpuport.o
    0x08026302   0x00000023   Data   RO         1676    .constdata          dfs.o
    0x08026325   0x00000033   Data   RO         1716    .constdata          dfs_fs.o
    0x08026358   0x000000b9   Data   RO         1755    .constdata          dfs_elm.o
    0x08026411   0x00000001   PAD
    0x08026412   0x000000ba   Data   RO         1788    .constdata          ff.o
    0x080264cc   0x000004c0   Data   RO         1803    .constdata          ccsbcs.o
    0x0802698c   0x00000124   Data   RO         1929    .constdata          serial.o
    0x08026ab0   0x000000a3   Data   RO         1943    .constdata          spi_core.o
    0x08026b53   0x00000081   Data   RO         1956    .constdata          spi_dev.o
    0x08026bd4   0x00000039   Data   RO         1969    .constdata          completion.o
    0x08026c0d   0x0000004b   Data   RO         1985    .constdata          dataqueue.o
    0x08026c58   0x00000060   Data   RO         2072    .constdata          shell.o
    0x08026cb8   0x00000050   Data   RO         2103    .constdata          cmd.o
    0x08026d08   0x000000c4   Data   RO         2229    .constdata          finsh_ops.o
    0x08026dcc   0x00000040   Data   RO         2312    .constdata          finsh_token.o
    0x08026e0c   0x0000000c   Data   RO         2338    .constdata          mc_w.l(mktime.o)
    0x08026e18   0x0000000c   Data   RO         2404    .constdata          mc_w.l(localtime_i.o)
    0x08026e24   0x00000081   Data   RO         2427    .constdata          mc_w.l(ctype_o.o)
    0x08026ea5   0x00000003   PAD
    0x08026ea8   0x00000004   Data   RO         2428    .constdata          mc_w.l(ctype_o.o)
    0x08026eac   0x0000000c   Data   RO          187    .conststring        device_config.o
    0x08026eb8   0x0000000c   Data   RO          324    .conststring        p_database.o
    0x08026ec4   0x00000088   Data   RO          870    .conststring        touch_screen.o
    0x08026f4c   0x000000ed   Data   RO         1512    .conststring        mem.o
    0x08027039   0x00000003   PAD
    0x0802703c   0x00000048   Data   RO         1756    .conststring        dfs_elm.o
    0x08027084   0x0000015d   Data   RO         2104    .conststring        cmd.o
    0x080271e1   0x00000003   PAD
    0x080271e4   0x000000f3   Data   RO         2164    .conststring        finsh_error.o
    0x080272d7   0x00000001   PAD
    0x080272d8   0x0000003e   Data   RO         2313    .conststring        finsh_token.o
    0x08027316   0x0000001e   Data   RO          353    .rodata.name        rfid_thread.o
    0x08027334   0x0000001b   Data   RO          385    .rodata.name        rtc_thread.o
    0x0802734f   0x00000024   Data   RO          550    .rodata.name        led.o
    0x08027373   0x0000001d   Data   RO          645    .rodata.name        beep_door.o
    0x08027390   0x00000018   Data   RO          719    .rodata.name        pwm.o
    0x080273a8   0x00000027   Data   RO         1514    .rodata.name        mem.o
    0x080273cf   0x0000005f   Data   RO         1700    .rodata.name        dfs_file.o
    0x0802742e   0x00000029   Data   RO         1717    .rodata.name        dfs_fs.o
    0x08027457   0x00000019   Data   RO         1739    .rodata.name        dfs_posix.o
    0x08027470   0x000001b3   Data   RO         2106    .rodata.name        cmd.o
    0x08027623   0x00000001   PAD
    0x08027624   0x00000004   Data   RO         1408    .rti_fn.0           components.o
    0x08027628   0x00000004   Data   RO         1409    .rti_fn.0.end       components.o
    0x0802762c   0x00000004   Data   RO         1410    .rti_fn.1.end       components.o
    0x08027630   0x00000004   Data   RO          612    .rti_fn.2           sdcard.o
    0x08027634   0x00000004   Data   RO         1677    .rti_fn.3           dfs.o
    0x08027638   0x00000004   Data   RO         2074    .rti_fn.3           shell.o
    0x0802763c   0x00000004   Data   RO         1758    .rti_fn.4           dfs_elm.o
    0x08027640   0x00000004   Data   RO         1411    .rti_fn.6.end       components.o
    0x08027644   0x0000000c   Data   RO          354    FSymTab             rfid_thread.o
    0x08027650   0x0000000c   Data   RO          386    FSymTab             rtc_thread.o
    0x0802765c   0x0000000c   Data   RO          551    FSymTab             led.o
    0x08027668   0x0000000c   Data   RO          646    FSymTab             beep_door.o
    0x08027674   0x0000000c   Data   RO          720    FSymTab             pwm.o
    0x08027680   0x0000000c   Data   RO         1515    FSymTab             mem.o
    0x0802768c   0x00000030   Data   RO         1701    FSymTab             dfs_file.o
    0x080276bc   0x00000018   Data   RO         1718    FSymTab             dfs_fs.o
    0x080276d4   0x0000000c   Data   RO         1740    FSymTab             dfs_posix.o
    0x080276e0   0x00000090   Data   RO         2107    FSymTab             cmd.o
    0x08027770   0x00000020   Data   RO         2458    Region$$Table       anon$$obj.o
    0x08027790   0x00000010   Data   RO         2108    VSymTab             cmd.o


    Execution Region RW_IRAM1 (Base: 0x20000000, Size: 0x0000a1a0, Max: 0x00010000, ABSOLUTE, COMPRESSED[0x000000ec])

    Base Addr    Size         Type   Attr      Idx    E Section Name        Object

    0x20000000   0x00000005   Data   RW          188    .data               device_config.o
    0x20000005   0x00000003   PAD
    0x20000008   0x00000004   Data   RW          325    .data               p_database.o
    0x2000000c   0x00000004   Data   RW          352    .data               rfid_thread.o
    0x20000010   0x00000001   Data   RW          549    .data               led.o
    0x20000011   0x00000003   PAD
    0x20000014   0x00000048   Data   RW          576    .data               usart.o
    0x2000005c   0x00000028   Data   RW          611    .data               sdcard.o
    0x20000084   0x00000010   Data   RW          669    .data               ds1307.o
    0x20000094   0x00000010   Data   RW          696    .data               esp8266.o
    0x200000a4   0x00000028   Data   RW          747    .data               rc522.o
    0x200000cc   0x00000004   Data   RW          839    .data               ili93xx.o
    0x200000d0   0x00000048   Data   RW          871    .data               touch_screen.o
    0x20000118   0x00000014   Data   RW          901    .data               system_stm32f10x.o
    0x2000012c   0x00000014   Data   RW          947    .data               stm32f10x_rcc.o
    0x20000140   0x00000004   Data   RW         1394    .data               clock.o
    0x20000144   0x00000001   Data   RW         1475    .data               irq.o
    0x20000145   0x00000003   PAD
    0x20000148   0x0000000c   Data   RW         1492    .data               kservice.o
    0x20000154   0x00000018   Data   RW         1513    .data               mem.o
    0x2000016c   0x00000090   Data   RW         1547    .data               object.o
    0x200001fc   0x00000018   Data   RW         1567    .data               scheduler.o
    0x20000214   0x0000000c   Data   RW         1604    .data               timer.o
    0x20000220   0x00000010   Data   RW         1622    .data               cpuport.o
    0x20000230   0x00000008   Data   RW         1757    .data               dfs_elm.o
    0x20000238   0x0000000a   Data   RW         1789    .data               ff.o
    0x20000242   0x00000002   PAD
    0x20000244   0x00000004   Data   RW         1930    .data               serial.o
    0x20000248   0x00000004   Data   RW         2073    .data               shell.o
    0x2000024c   0x00000010   Data   RW         2089    .data               symbol.o
    0x2000025c   0x00000004   Data   RW         2105    .data               cmd.o
    0x20000260   0x00000008   Data   RW         2127    .data               finsh_compiler.o
    0x20000268   0x00000040   Data   RW         2165    .data               finsh_error.o
    0x200002a8   0x00000008   Data   RW         2181    .data               finsh_heap.o
    0x200002b0   0x00000004   Data   RW         2263    .data               finsh_var.o
    0x200002b4   0x0000000c   Data   RW         2286    .data               finsh_vm.o
    0x200002c0   0x00000004   Data   RW         2409    .data               mc_w.l(errno.o)
    0x200002c4   0x00000040   Zero   RW          186    .bss                device_config.o
    0x20000304   0x00000890   Zero   RW          236    .bss                main.o
    0x20000b94   0x00001770   Zero   RW          323    .bss                p_database.o
    0x20002304   0x000004b8   Zero   RW          351    .bss                rfid_thread.o
    0x200027bc   0x00000490   Zero   RW          384    .bss                rtc_thread.o
    0x20002c4c   0x000008a0   Zero   RW          446    .bss                user_check_thread.o
    0x200034ec   0x00000490   Zero   RW          473    .bss                wifi_thread.o
    0x2000397c   0x00000114   Zero   RW          574    .bss                usart.o
    0x20003a90   0x00000334   Zero   RW          609    .bss                sdcard.o
    0x20003dc4   0x000000e8   Zero   RW          695    .bss                esp8266.o
    0x20003eac   0x000000bc   Zero   RW          746    .bss                rc522.o
    0x20003f68   0x000002f4   Zero   RW          793    .bss                spi_bus.o
    0x2000425c   0x0000000e   Zero   RW          837    .bss                ili93xx.o
    0x2000426a   0x00000002   PAD
    0x2000426c   0x00000068   Zero   RW          868    .bss                touch_screen.o
    0x200042d4   0x00000290   Zero   RW         1440    .bss                idle.o
    0x20004564   0x00000080   Zero   RW         1490    .bss                kservice.o
    0x200045e4   0x00000028   Zero   RW         1510    .bss                mem.o
    0x2000460c   0x00000100   Zero   RW         1565    .bss                scheduler.o
    0x2000470c   0x000000dc   Zero   RW         1675    .bss                dfs.o
    0x200047e8   0x00000124   Zero   RW         1699    .bss                dfs_file.o
    0x2000490c   0x00005090   Zero   RW         2071    .bss                shell.o
    0x2000999c   0x00000080   Zero   RW         2180    .bss                finsh_heap.o
    0x20009a1c   0x00000140   Zero   RW         2214    .bss                finsh_node.o
    0x20009b5c   0x000000c0   Zero   RW         2262    .bss                finsh_var.o
    0x20009c1c   0x00000180   Zero   RW         2285    .bss                finsh_vm.o
    0x20009d9c   0x00000004   PAD
    0x20009da0   0x00000400   Zero   RW         1386    STACK               startup_stm32f10x_hd.o


==============================================================================

Image component sizes


      Code (inc. data)   RO Data    RW Data    ZI Data      Debug   Object Name

       212        102          0          0          0     308562   application.o
       124         14         41          0          0       1540   beep_door.o
       472         36          0          0          0      23432   board.o
       128         12       1216          0          0       2317   ccsbcs.o
        96          4          0          4          0       1448   clock.o
      3408       1296       1024          4          0      11587   cmd.o
       456        124         57          0          0       3159   completion.o
        68         12         16          0          0       1820   components.o
       236         24          0          0          0        760   context_rvds.o
      1492        718         19         16          0       3903   cpuport.o
      1044        114         75          0          0       6401   dataqueue.o
       824        134        168          0          0       4877   device.o
       712        278         12          5         64       4128   device_config.o
       936        130         39          0        220       8651   dfs.o
      2748        230        261          8          0      18057   dfs_elm.o
      2484        356        143          0        292       9135   dfs_file.o
      1520        264        116          0          0       5864   dfs_fs.o
      1512         50         37          0          0       8307   dfs_posix.o
       932          8          0         16          0       5864   ds1307.o
       536        122          0         16        232       2225   esp8266.o
     12388        124        186         10          0      31273   ff.o
      6168        154          0          8          0      10982   finsh_compiler.o
        44         10        243         64          0       1673   finsh_error.o
       528         18          0          8        128       3447   finsh_heap.o
        88          6          0          0          0       1612   finsh_init.o
       388          4          0          0        320       3372   finsh_node.o
      2776         36        196          0          0       8744   finsh_ops.o
      2428         32          0          0          0       9793   finsh_parser.o
      1664         16        126          0          0       6268   finsh_token.o
       412         18          0          4        192       7477   finsh_var.o
       228         34          0         12        384       7110   finsh_vm.o
       292         68         22          0        656       3102   idle.o
     19354        118       6080          4         14      22745   ili93xx.o
      5348        356        471          0          0      19947   ipc.o
        72          6          0          1          0       1362   irq.o
      2660        230        290         12        128      11987   kservice.o
       224         10         48          1          0       2025   led.o
       472        192          0          0       2192       5277   main.o
      2100        548        358         24         40       4953   mem.o
       484         72          0          0          0       2145   misc.o
       608        128         94        144          0       4797   object.o
      1184          6         12          4       6000       5236   p_database.o
       300         58         36          0          0       1746   pwm.o
      2752        102          0         40        188       9489   rc522.o
       344         98         42          4       1208       2235   rfid_thread.o
       276        104         39          0       1168       2021   rtc_thread.o
       712        146         78         24        256       4672   scheduler.o
      9924        632         22         40        820      28639   sdcard.o
      3004        440        292          4          0       9173   serial.o
      2532        278        100          4      20624       5251   shell.o
       556         12          0          0          0       2078   soft_iic.o
       884         82         24          0        756       3366   spi_bus.o
      1544        114        163          0          0       5790   spi_core.o
       524        148        129          0          0       3463   spi_dev.o
       312         16          0          0          0       1958   sram.o
       180         86          0          0          0       1295   startup.o
        36          8        304          0       1024        892   startup_stm32f10x_hd.o
      2372        176          0          0          0       5710   stm32f10x_dma.o
      3496         82          0          0          0       6859   stm32f10x_fsmc.o
      2688        210          0          0          0       7429   stm32f10x_gpio.o
        18          0          0          0          0        921   stm32f10x_it.o
      2116        112          0         20          0      10444   stm32f10x_rcc.o
      1616         92          0          0          0       8384   stm32f10x_sdio.o
      2444        102          0          0          0       8294   stm32f10x_spi.o
     14204        840          0          0          0      31792   stm32f10x_tim.o
      3520        146          0          0          0      10792   stm32f10x_usart.o
         0          0          0         16          0       4353   symbol.o
       480         38          0         20          0       2039   system_stm32f10x.o
      1440        208        170          0          0       7813   thread.o
      1044         88         92         12          0       6633   timer.o
      4048        310        140         72        104       7420   touch_screen.o
      1488        154         92         72        276      32551   usart.o
      1080        352          0          0       2208       1957   user_check_thread.o
        40          0          0          0       1168       1265   wifi_thread.o

    ----------------------------------------------------------------------
    145828      11448      13116        704      40668     844088   Object Totals
         0          0         32          0          0          0   (incl. Generated)
         4          0         11         11          6          0   (incl. Padding)

    ----------------------------------------------------------------------

      Code (inc. data)   RO Data    RW Data    ZI Data      Debug   Library Member Name

        76          0          0          0          0         84   sqrt.o
        86          0          0          0          0          0   __dczerorl2.o
        28          0          0          0          0         68   _chval.o
       158          0          0          0          0         92   _strtoul.o
        26          0          0          0          0         80   atoi.o
         8          4        133          0          0         68   ctype_o.o
         0          0          0          0          0          0   entry.o
         0          0          0          0          0          0   entry10a.o
         0          0          0          0          0          0   entry11a.o
         8          4          0          0          0          0   entry2.o
         4          0          0          0          0          0   entry5.o
         0          0          0          0          0          0   entry7b.o
         0          0          0          0          0          0   entry8b.o
         8          4          0          0          0          0   entry9a.o
        20         10          0          4          0        136   errno.o
        30          0          0          0          0          0   handlers.o
        36          8          0          0          0         68   init.o
         0          0          0          0          0          0   iusefp.o
        30          0          0          0          0         68   llshl.o
        32          0          0          0          0         68   llushr.o
       140          6         12          0          0         76   localtime_i.o
        36          0          0          0          0         68   memcpya.o
        36          0          0          0          0        108   memseta.o
       168         18         12          0          0         80   mktime.o
        28          0          0          0          0         76   strcmp.o
        14          0          0          0          0         68   strlen.o
        30          0          0          0          0         80   strncmp.o
        24          0          0          0          0         76   strncpy.o
        32          0          0          0          0         68   strrchr.o
       112          0          0          0          0         88   strtol.o
        48          0          0          0          0         68   cdcmple.o
        48          0          0          0          0         68   cdrcmple.o
       186          0          0          0          0        176   depilogue.o
        50          0          0          0          0         76   dfixui.o
        26          0          0          0          0         76   dfltui.o
       228          0          0          0          0         96   dmul.o
       162          0          0          0          0        100   dsqrt.o
        38          0          0          0          0         68   f2d.o
       176          0          0          0          0        140   fadd.o
       124          0          0          0          0         88   fdiv.o
       110          0          0          0          0        168   fepilogue.o
        50          0          0          0          0         68   ffixi.o
        40          0          0          0          0         68   ffixui.o
        18          0          0          0          0         68   fflti.o
        10          0          0          0          0         68   ffltui.o
       100          0          0          0          0         76   fmul.o

    ----------------------------------------------------------------------
      2592         54        160          4          0       2992   Library Totals
         8          0          3          0          0          0   (incl. Padding)

    ----------------------------------------------------------------------

      Code (inc. data)   RO Data    RW Data    ZI Data      Debug   Library Name

        76          0          0          0          0         84   m_ws.l
      1094         54        157          4          0       1436   mc_w.l
      1414          0          0          0          0       1472   mf_w.l

    ----------------------------------------------------------------------
      2592         54        160          4          0       2992   Library Totals

    ----------------------------------------------------------------------

==============================================================================


      Code (inc. data)   RO Data    RW Data    ZI Data      Debug   

    148420      11502      13276        708      40668     840032   Grand Totals
    148420      11502      13276        236      40668     840032   ELF Image Totals (compressed)
    148420      11502      13276        236          0          0   ROM Totals

==============================================================================

    Total RO  Size (Code + RO Data)               161696 ( 157.91kB)
    Total RW  Size (RW Data + ZI Data)             41376 (  40.41kB)
    Total ROM Size (Code + RO Data + RW Data)     161932 ( 158.14kB)

==============================================================================

