<!doctype html public "-//w3c//dtd html 4.0 transitional//en">
<html><head>
<title>Static Call Graph - [.\build\rtthread-stm32.axf]</title></head>
<body><HR>
<H1>Static Call Graph for image .\build\rtthread-stm32.axf</H1><HR>
<BR><P>#&#060CALLGRAPH&#062# ARM Linker, 5060061: Last Updated: Wed Nov 02 21:46:53 2016
<BR><P>
<H3>Maximum Stack Usage =        824 bytes + Unknown(Cycles, Untraceable Function Pointers)</H3><H3>
Call chain for Maximum Stack Depth:</H3>
copy &rArr; copydir &rArr;  copydir (Cycle)
<P>
<H3>
Mutually Recursive functions
</H3> <LI><a href="#[2a9]">rt_device_write</a>&nbsp;&nbsp;&nbsp;&rArr;&nbsp;&nbsp;&nbsp;<a href="#[116]">rt_assert_handler</a><BR>
 <LI><a href="#[2a0]">rt_exit_critical</a>&nbsp;&nbsp;&nbsp;&rArr;&nbsp;&nbsp;&nbsp;<a href="#[2bf]">rt_schedule</a><BR>
 <LI><a href="#[e6]">quik_sort</a>&nbsp;&nbsp;&nbsp;&rArr;&nbsp;&nbsp;&nbsp;<a href="#[e6]">quik_sort</a><BR>
 <LI><a href="#[1f]">ADC1_2_IRQHandler</a>&nbsp;&nbsp;&nbsp;&rArr;&nbsp;&nbsp;&nbsp;<a href="#[1f]">ADC1_2_IRQHandler</a><BR>
 <LI><a href="#[32d]">copydir</a>&nbsp;&nbsp;&nbsp;&rArr;&nbsp;&nbsp;&nbsp;<a href="#[32d]">copydir</a><BR>
 <LI><a href="#[3f1]">proc_assign_expr</a>&nbsp;&nbsp;&nbsp;&rArr;&nbsp;&nbsp;&nbsp;<a href="#[3f1]">proc_assign_expr</a><BR>
 <LI><a href="#[3f8]">proc_cast_expr</a>&nbsp;&nbsp;&nbsp;&rArr;&nbsp;&nbsp;&nbsp;<a href="#[3f8]">proc_cast_expr</a><BR>
 <LI><a href="#[3f7]">proc_unary_expr</a>&nbsp;&nbsp;&nbsp;&rArr;&nbsp;&nbsp;&nbsp;<a href="#[3f8]">proc_cast_expr</a><BR>
 <LI><a href="#[3f5]">proc_primary_expr</a>&nbsp;&nbsp;&nbsp;&rArr;&nbsp;&nbsp;&nbsp;<a href="#[3f3]">proc_expr</a><BR>
 <LI><a href="#[3f0]">proc_param_list</a>&nbsp;&nbsp;&nbsp;&rArr;&nbsp;&nbsp;&nbsp;<a href="#[3f1]">proc_assign_expr</a><BR>
 <LI><a href="#[3d6]">finsh_type_check</a>&nbsp;&nbsp;&nbsp;&rArr;&nbsp;&nbsp;&nbsp;<a href="#[3d6]">finsh_type_check</a><BR>
 <LI><a href="#[3d4]">finsh_compile</a>&nbsp;&nbsp;&nbsp;&rArr;&nbsp;&nbsp;&nbsp;<a href="#[3d4]">finsh_compile</a><BR>
</UL>
<P>
<H3>
Function Pointers
</H3><UL>
 <LI><a href="#[1f]">ADC1_2_IRQHandler</a> from startup_stm32f10x_hd.o(.text) referenced from startup_stm32f10x_hd.o(RESET)
 <LI><a href="#[3c]">ADC3_IRQHandler</a> from startup_stm32f10x_hd.o(.text) referenced from startup_stm32f10x_hd.o(RESET)
 <LI><a href="#[7]">BusFault_Handler</a> from stm32f10x_it.o(.text) referenced from startup_stm32f10x_hd.o(RESET)
 <LI><a href="#[22]">CAN1_RX1_IRQHandler</a> from startup_stm32f10x_hd.o(.text) referenced from startup_stm32f10x_hd.o(RESET)
 <LI><a href="#[23]">CAN1_SCE_IRQHandler</a> from startup_stm32f10x_hd.o(.text) referenced from startup_stm32f10x_hd.o(RESET)
 <LI><a href="#[18]">DMA1_Channel1_IRQHandler</a> from startup_stm32f10x_hd.o(.text) referenced from startup_stm32f10x_hd.o(RESET)
 <LI><a href="#[19]">DMA1_Channel2_IRQHandler</a> from startup_stm32f10x_hd.o(.text) referenced from startup_stm32f10x_hd.o(RESET)
 <LI><a href="#[1a]">DMA1_Channel3_IRQHandler</a> from usart.o(.text) referenced from startup_stm32f10x_hd.o(RESET)
 <LI><a href="#[1b]">DMA1_Channel4_IRQHandler</a> from startup_stm32f10x_hd.o(.text) referenced from startup_stm32f10x_hd.o(RESET)
 <LI><a href="#[1c]">DMA1_Channel5_IRQHandler</a> from usart.o(.text) referenced from startup_stm32f10x_hd.o(RESET)
 <LI><a href="#[1d]">DMA1_Channel6_IRQHandler</a> from usart.o(.text) referenced from startup_stm32f10x_hd.o(RESET)
 <LI><a href="#[1e]">DMA1_Channel7_IRQHandler</a> from startup_stm32f10x_hd.o(.text) referenced from startup_stm32f10x_hd.o(RESET)
 <LI><a href="#[45]">DMA2_Channel1_IRQHandler</a> from startup_stm32f10x_hd.o(.text) referenced from startup_stm32f10x_hd.o(RESET)
 <LI><a href="#[46]">DMA2_Channel2_IRQHandler</a> from startup_stm32f10x_hd.o(.text) referenced from startup_stm32f10x_hd.o(RESET)
 <LI><a href="#[47]">DMA2_Channel3_IRQHandler</a> from startup_stm32f10x_hd.o(.text) referenced from startup_stm32f10x_hd.o(RESET)
 <LI><a href="#[48]">DMA2_Channel4_5_IRQHandler</a> from startup_stm32f10x_hd.o(.text) referenced from startup_stm32f10x_hd.o(RESET)
 <LI><a href="#[a]">DebugMon_Handler</a> from stm32f10x_it.o(.text) referenced from startup_stm32f10x_hd.o(RESET)
 <LI><a href="#[13]">EXTI0_IRQHandler</a> from startup_stm32f10x_hd.o(.text) referenced from startup_stm32f10x_hd.o(RESET)
 <LI><a href="#[35]">EXTI15_10_IRQHandler</a> from startup_stm32f10x_hd.o(.text) referenced from startup_stm32f10x_hd.o(RESET)
 <LI><a href="#[14]">EXTI1_IRQHandler</a> from startup_stm32f10x_hd.o(.text) referenced from startup_stm32f10x_hd.o(RESET)
 <LI><a href="#[15]">EXTI2_IRQHandler</a> from startup_stm32f10x_hd.o(.text) referenced from startup_stm32f10x_hd.o(RESET)
 <LI><a href="#[16]">EXTI3_IRQHandler</a> from startup_stm32f10x_hd.o(.text) referenced from startup_stm32f10x_hd.o(RESET)
 <LI><a href="#[17]">EXTI4_IRQHandler</a> from esp8266.o(.text) referenced from startup_stm32f10x_hd.o(RESET)
 <LI><a href="#[24]">EXTI9_5_IRQHandler</a> from esp8266.o(.text) referenced from startup_stm32f10x_hd.o(RESET)
 <LI><a href="#[11]">FLASH_IRQHandler</a> from startup_stm32f10x_hd.o(.text) referenced from startup_stm32f10x_hd.o(RESET)
 <LI><a href="#[3d]">FSMC_IRQHandler</a> from startup_stm32f10x_hd.o(.text) referenced from startup_stm32f10x_hd.o(RESET)
 <LI><a href="#[5]">HardFault_Handler</a> from context_rvds.o(.text) referenced from startup_stm32f10x_hd.o(RESET)
 <LI><a href="#[2d]">I2C1_ER_IRQHandler</a> from startup_stm32f10x_hd.o(.text) referenced from startup_stm32f10x_hd.o(RESET)
 <LI><a href="#[2c]">I2C1_EV_IRQHandler</a> from startup_stm32f10x_hd.o(.text) referenced from startup_stm32f10x_hd.o(RESET)
 <LI><a href="#[2f]">I2C2_ER_IRQHandler</a> from startup_stm32f10x_hd.o(.text) referenced from startup_stm32f10x_hd.o(RESET)
 <LI><a href="#[2e]">I2C2_EV_IRQHandler</a> from startup_stm32f10x_hd.o(.text) referenced from startup_stm32f10x_hd.o(RESET)
 <LI><a href="#[6]">MemManage_Handler</a> from stm32f10x_it.o(.text) referenced from startup_stm32f10x_hd.o(RESET)
 <LI><a href="#[4]">NMI_Handler</a> from stm32f10x_it.o(.text) referenced from startup_stm32f10x_hd.o(RESET)
 <LI><a href="#[7c]">OP_add_byte</a> from finsh_ops.o(.text) referenced from finsh_ops.o(.constdata)
 <LI><a href="#[7e]">OP_add_dword</a> from finsh_ops.o(.text) referenced from finsh_ops.o(.constdata)
 <LI><a href="#[7d]">OP_add_word</a> from finsh_ops.o(.text) referenced from finsh_ops.o(.constdata)
 <LI><a href="#[8b]">OP_and_byte</a> from finsh_ops.o(.text) referenced from finsh_ops.o(.constdata)
 <LI><a href="#[8d]">OP_and_dword</a> from finsh_ops.o(.text) referenced from finsh_ops.o(.constdata)
 <LI><a href="#[8c]">OP_and_word</a> from finsh_ops.o(.text) referenced from finsh_ops.o(.constdata)
 <LI><a href="#[94]">OP_bw_byte</a> from finsh_ops.o(.text) referenced from finsh_ops.o(.constdata)
 <LI><a href="#[96]">OP_bw_dword</a> from finsh_ops.o(.text) referenced from finsh_ops.o(.constdata)
 <LI><a href="#[95]">OP_bw_word</a> from finsh_ops.o(.text) referenced from finsh_ops.o(.constdata)
 <LI><a href="#[a7]">OP_call</a> from finsh_ops.o(.text) referenced from finsh_ops.o(.constdata)
 <LI><a href="#[82]">OP_div_byte</a> from finsh_ops.o(.text) referenced from finsh_ops.o(.constdata)
 <LI><a href="#[84]">OP_div_dword</a> from finsh_ops.o(.text) referenced from finsh_ops.o(.constdata)
 <LI><a href="#[83]">OP_div_word</a> from finsh_ops.o(.text) referenced from finsh_ops.o(.constdata)
 <LI><a href="#[9d]">OP_ld_byte</a> from finsh_ops.o(.text) referenced from finsh_ops.o(.constdata)
 <LI><a href="#[9f]">OP_ld_dword</a> from finsh_ops.o(.text) referenced from finsh_ops.o(.constdata)
 <LI><a href="#[a0]">OP_ld_value_byte</a> from finsh_ops.o(.text) referenced from finsh_ops.o(.constdata)
 <LI><a href="#[a8]">OP_ld_value_byte_stack</a> from finsh_ops.o(.text) referenced from finsh_ops.o(.constdata)
 <LI><a href="#[a2]">OP_ld_value_dword</a> from finsh_ops.o(.text) referenced from finsh_ops.o(.constdata)
 <LI><a href="#[aa]">OP_ld_value_dword_stack</a> from finsh_ops.o(.text) referenced from finsh_ops.o(.constdata)
 <LI><a href="#[a1]">OP_ld_value_word</a> from finsh_ops.o(.text) referenced from finsh_ops.o(.constdata)
 <LI><a href="#[a9]">OP_ld_value_word_stack</a> from finsh_ops.o(.text) referenced from finsh_ops.o(.constdata)
 <LI><a href="#[9e]">OP_ld_word</a> from finsh_ops.o(.text) referenced from finsh_ops.o(.constdata)
 <LI><a href="#[85]">OP_mod_byte</a> from finsh_ops.o(.text) referenced from finsh_ops.o(.constdata)
 <LI><a href="#[87]">OP_mod_dword</a> from finsh_ops.o(.text) referenced from finsh_ops.o(.constdata)
 <LI><a href="#[86]">OP_mod_word</a> from finsh_ops.o(.text) referenced from finsh_ops.o(.constdata)
 <LI><a href="#[88]">OP_mul_byte</a> from finsh_ops.o(.text) referenced from finsh_ops.o(.constdata)
 <LI><a href="#[8a]">OP_mul_dword</a> from finsh_ops.o(.text) referenced from finsh_ops.o(.constdata)
 <LI><a href="#[89]">OP_mul_word</a> from finsh_ops.o(.text) referenced from finsh_ops.o(.constdata)
 <LI><a href="#[7b]">OP_no_op</a> from finsh_ops.o(.text) referenced from finsh_ops.o(.constdata)
 <LI><a href="#[8e]">OP_or_byte</a> from finsh_ops.o(.text) referenced from finsh_ops.o(.constdata)
 <LI><a href="#[90]">OP_or_dword</a> from finsh_ops.o(.text) referenced from finsh_ops.o(.constdata)
 <LI><a href="#[8f]">OP_or_word</a> from finsh_ops.o(.text) referenced from finsh_ops.o(.constdata)
 <LI><a href="#[a6]">OP_pop</a> from finsh_ops.o(.text) referenced from finsh_ops.o(.constdata)
 <LI><a href="#[97]">OP_shl_byte</a> from finsh_ops.o(.text) referenced from finsh_ops.o(.constdata)
 <LI><a href="#[99]">OP_shl_dword</a> from finsh_ops.o(.text) referenced from finsh_ops.o(.constdata)
 <LI><a href="#[98]">OP_shl_word</a> from finsh_ops.o(.text) referenced from finsh_ops.o(.constdata)
 <LI><a href="#[9a]">OP_shr_byte</a> from finsh_ops.o(.text) referenced from finsh_ops.o(.constdata)
 <LI><a href="#[9c]">OP_shr_dword</a> from finsh_ops.o(.text) referenced from finsh_ops.o(.constdata)
 <LI><a href="#[9b]">OP_shr_word</a> from finsh_ops.o(.text) referenced from finsh_ops.o(.constdata)
 <LI><a href="#[a3]">OP_st_byte</a> from finsh_ops.o(.text) referenced from finsh_ops.o(.constdata)
 <LI><a href="#[a5]">OP_st_dword</a> from finsh_ops.o(.text) referenced from finsh_ops.o(.constdata)
 <LI><a href="#[a4]">OP_st_word</a> from finsh_ops.o(.text) referenced from finsh_ops.o(.constdata)
 <LI><a href="#[7f]">OP_sub_byte</a> from finsh_ops.o(.text) referenced from finsh_ops.o(.constdata)
 <LI><a href="#[81]">OP_sub_dword</a> from finsh_ops.o(.text) referenced from finsh_ops.o(.constdata)
 <LI><a href="#[80]">OP_sub_word</a> from finsh_ops.o(.text) referenced from finsh_ops.o(.constdata)
 <LI><a href="#[91]">OP_xor_byte</a> from finsh_ops.o(.text) referenced from finsh_ops.o(.constdata)
 <LI><a href="#[93]">OP_xor_dword</a> from finsh_ops.o(.text) referenced from finsh_ops.o(.constdata)
 <LI><a href="#[92]">OP_xor_word</a> from finsh_ops.o(.text) referenced from finsh_ops.o(.constdata)
 <LI><a href="#[e]">PVD_IRQHandler</a> from startup_stm32f10x_hd.o(.text) referenced from startup_stm32f10x_hd.o(RESET)
 <LI><a href="#[b]">PendSV_Handler</a> from context_rvds.o(.text) referenced from startup_stm32f10x_hd.o(RESET)
 <LI><a href="#[12]">RCC_IRQHandler</a> from startup_stm32f10x_hd.o(.text) referenced from startup_stm32f10x_hd.o(RESET)
 <LI><a href="#[36]">RTCAlarm_IRQHandler</a> from startup_stm32f10x_hd.o(.text) referenced from startup_stm32f10x_hd.o(RESET)
 <LI><a href="#[10]">RTC_IRQHandler</a> from startup_stm32f10x_hd.o(.text) referenced from startup_stm32f10x_hd.o(RESET)
 <LI><a href="#[3]">Reset_Handler</a> from startup_stm32f10x_hd.o(.text) referenced from startup_stm32f10x_hd.o(RESET)
 <LI><a href="#[3e]">SDIO_IRQHandler</a> from sdcard.o(.text) referenced from startup_stm32f10x_hd.o(RESET)
 <LI><a href="#[30]">SPI1_IRQHandler</a> from startup_stm32f10x_hd.o(.text) referenced from startup_stm32f10x_hd.o(RESET)
 <LI><a href="#[31]">SPI2_IRQHandler</a> from startup_stm32f10x_hd.o(.text) referenced from startup_stm32f10x_hd.o(RESET)
 <LI><a href="#[40]">SPI3_IRQHandler</a> from startup_stm32f10x_hd.o(.text) referenced from startup_stm32f10x_hd.o(RESET)
 <LI><a href="#[9]">SVC_Handler</a> from stm32f10x_it.o(.text) referenced from startup_stm32f10x_hd.o(RESET)
 <LI><a href="#[c]">SysTick_Handler</a> from board.o(.text) referenced from startup_stm32f10x_hd.o(RESET)
 <LI><a href="#[56]">SystemInit</a> from system_stm32f10x.o(.text) referenced from startup_stm32f10x_hd.o(.text)
 <LI><a href="#[f]">TAMPER_IRQHandler</a> from startup_stm32f10x_hd.o(.text) referenced from startup_stm32f10x_hd.o(RESET)
 <LI><a href="#[25]">TIM1_BRK_IRQHandler</a> from startup_stm32f10x_hd.o(.text) referenced from startup_stm32f10x_hd.o(RESET)
 <LI><a href="#[28]">TIM1_CC_IRQHandler</a> from startup_stm32f10x_hd.o(.text) referenced from startup_stm32f10x_hd.o(RESET)
 <LI><a href="#[27]">TIM1_TRG_COM_IRQHandler</a> from startup_stm32f10x_hd.o(.text) referenced from startup_stm32f10x_hd.o(RESET)
 <LI><a href="#[26]">TIM1_UP_IRQHandler</a> from startup_stm32f10x_hd.o(.text) referenced from startup_stm32f10x_hd.o(RESET)
 <LI><a href="#[29]">TIM2_IRQHandler</a> from startup_stm32f10x_hd.o(.text) referenced from startup_stm32f10x_hd.o(RESET)
 <LI><a href="#[2a]">TIM3_IRQHandler</a> from startup_stm32f10x_hd.o(.text) referenced from startup_stm32f10x_hd.o(RESET)
 <LI><a href="#[2b]">TIM4_IRQHandler</a> from startup_stm32f10x_hd.o(.text) referenced from startup_stm32f10x_hd.o(RESET)
 <LI><a href="#[3f]">TIM5_IRQHandler</a> from startup_stm32f10x_hd.o(.text) referenced from startup_stm32f10x_hd.o(RESET)
 <LI><a href="#[43]">TIM6_IRQHandler</a> from startup_stm32f10x_hd.o(.text) referenced from startup_stm32f10x_hd.o(RESET)
 <LI><a href="#[44]">TIM7_IRQHandler</a> from startup_stm32f10x_hd.o(.text) referenced from startup_stm32f10x_hd.o(RESET)
 <LI><a href="#[38]">TIM8_BRK_IRQHandler</a> from startup_stm32f10x_hd.o(.text) referenced from startup_stm32f10x_hd.o(RESET)
 <LI><a href="#[3b]">TIM8_CC_IRQHandler</a> from startup_stm32f10x_hd.o(.text) referenced from startup_stm32f10x_hd.o(RESET)
 <LI><a href="#[3a]">TIM8_TRG_COM_IRQHandler</a> from startup_stm32f10x_hd.o(.text) referenced from startup_stm32f10x_hd.o(RESET)
 <LI><a href="#[39]">TIM8_UP_IRQHandler</a> from startup_stm32f10x_hd.o(.text) referenced from startup_stm32f10x_hd.o(RESET)
 <LI><a href="#[2]">TP_Adjust</a> from touch_screen.o(.text) referenced 2 times from touch_screen.o(.data)
 <LI><a href="#[0]">TP_Init</a> from touch_screen.o(.text) referenced 2 times from touch_screen.o(.data)
 <LI><a href="#[1]">TP_Scan</a> from touch_screen.o(.text) referenced 2 times from touch_screen.o(.data)
 <LI><a href="#[41]">UART4_IRQHandler</a> from startup_stm32f10x_hd.o(.text) referenced from startup_stm32f10x_hd.o(RESET)
 <LI><a href="#[42]">UART5_IRQHandler</a> from startup_stm32f10x_hd.o(.text) referenced from startup_stm32f10x_hd.o(RESET)
 <LI><a href="#[32]">USART1_IRQHandler</a> from usart.o(.text) referenced from startup_stm32f10x_hd.o(RESET)
 <LI><a href="#[33]">USART2_IRQHandler</a> from usart.o(.text) referenced from startup_stm32f10x_hd.o(RESET)
 <LI><a href="#[34]">USART3_IRQHandler</a> from usart.o(.text) referenced from startup_stm32f10x_hd.o(RESET)
 <LI><a href="#[37]">USBWakeUp_IRQHandler</a> from startup_stm32f10x_hd.o(.text) referenced from startup_stm32f10x_hd.o(RESET)
 <LI><a href="#[20]">USB_HP_CAN1_TX_IRQHandler</a> from startup_stm32f10x_hd.o(.text) referenced from startup_stm32f10x_hd.o(RESET)
 <LI><a href="#[21]">USB_LP_CAN1_RX0_IRQHandler</a> from startup_stm32f10x_hd.o(.text) referenced from startup_stm32f10x_hd.o(RESET)
 <LI><a href="#[8]">UsageFault_Handler</a> from stm32f10x_it.o(.text) referenced from startup_stm32f10x_hd.o(RESET)
 <LI><a href="#[d]">WWDG_IRQHandler</a> from startup_stm32f10x_hd.o(.text) referenced from startup_stm32f10x_hd.o(RESET)
 <LI><a href="#[57]">__main</a> from entry.o(.ARM.Collect$$$$00000000) referenced from startup_stm32f10x_hd.o(.text)
 <LI><a href="#[61]">_spi_bus_device_control</a> from spi_dev.o(.text) referenced from spi_dev.o(.text)
 <LI><a href="#[5f]">_spi_bus_device_read</a> from spi_dev.o(.text) referenced from spi_dev.o(.text)
 <LI><a href="#[60]">_spi_bus_device_write</a> from spi_dev.o(.text) referenced from spi_dev.o(.text)
 <LI><a href="#[64]">_spidev_device_control</a> from spi_dev.o(.text) referenced from spi_dev.o(.text)
 <LI><a href="#[62]">_spidev_device_read</a> from spi_dev.o(.text) referenced from spi_dev.o(.text)
 <LI><a href="#[63]">_spidev_device_write</a> from spi_dev.o(.text) referenced from spi_dev.o(.text)
 <LI><a href="#[bc]">cat</a> from dfs_file.o(.text) referenced from dfs_file.o(FSymTab)
 <LI><a href="#[6a]">configure</a> from spi_bus.o(.text) referenced 3 times from spi_bus.o(.constdata)
 <LI><a href="#[bd]">copy</a> from dfs_file.o(.text) referenced from dfs_file.o(FSymTab)
 <LI><a href="#[bf]">df</a> from dfs_fs.o(.text) referenced from dfs_fs.o(FSymTab)
 <LI><a href="#[71]">dfs_elm_close</a> from dfs_elm.o(.text) referenced from dfs_elm.o(.constdata)
 <LI><a href="#[75]">dfs_elm_flush</a> from dfs_elm.o(.text) referenced from dfs_elm.o(.constdata)
 <LI><a href="#[77]">dfs_elm_getdents</a> from dfs_elm.o(.text) referenced from dfs_elm.o(.constdata)
 <LI><a href="#[72]">dfs_elm_ioctl</a> from dfs_elm.o(.text) referenced from dfs_elm.o(.constdata)
 <LI><a href="#[76]">dfs_elm_lseek</a> from dfs_elm.o(.text) referenced from dfs_elm.o(.constdata)
 <LI><a href="#[6e]">dfs_elm_mkfs</a> from dfs_elm.o(.text) referenced from dfs_elm.o(.constdata)
 <LI><a href="#[6c]">dfs_elm_mount</a> from dfs_elm.o(.text) referenced from dfs_elm.o(.constdata)
 <LI><a href="#[70]">dfs_elm_open</a> from dfs_elm.o(.text) referenced from dfs_elm.o(.constdata)
 <LI><a href="#[73]">dfs_elm_read</a> from dfs_elm.o(.text) referenced from dfs_elm.o(.constdata)
 <LI><a href="#[7a]">dfs_elm_rename</a> from dfs_elm.o(.text) referenced from dfs_elm.o(.constdata)
 <LI><a href="#[79]">dfs_elm_stat</a> from dfs_elm.o(.text) referenced from dfs_elm.o(.constdata)
 <LI><a href="#[6f]">dfs_elm_statfs</a> from dfs_elm.o(.text) referenced from dfs_elm.o(.constdata)
 <LI><a href="#[78]">dfs_elm_unlink</a> from dfs_elm.o(.text) referenced from dfs_elm.o(.constdata)
 <LI><a href="#[6d]">dfs_elm_unmount</a> from dfs_elm.o(.text) referenced from dfs_elm.o(.constdata)
 <LI><a href="#[74]">dfs_elm_write</a> from dfs_elm.o(.text) referenced from dfs_elm.o(.constdata)
 <LI><a href="#[af]">dfs_init</a> from dfs.o(.text) referenced from dfs.o(.rti_fn.3)
 <LI><a href="#[b1]">elm_init</a> from dfs_elm.o(.text) referenced from dfs_elm.o(.rti_fn.4)
 <LI><a href="#[65]">finsh_rx_ind</a> from shell.o(.text) referenced from shell.o(.text)
 <LI><a href="#[b0]">finsh_system_init</a> from shell.o(.text) referenced from shell.o(.rti_fn.3)
 <LI><a href="#[3bd]">finsh_thread_entry</a> from shell.o(.text) referenced from shell.o(.text)
 <LI><a href="#[b5]">get_time</a> from rtc_thread.o(.text) referenced from rtc_thread.o(FSymTab)
 <LI><a href="#[c1]">hello</a> from cmd.o(.text) referenced from cmd.o(FSymTab)
 <LI><a href="#[b6]">led</a> from led.o(.text) referenced from led.o(FSymTab)
 <LI><a href="#[cc]">list</a> from cmd.o(.text) referenced from cmd.o(FSymTab)
 <LI><a href="#[cb]">list_device</a> from cmd.o(.text) referenced from cmd.o(FSymTab)
 <LI><a href="#[c5]">list_event</a> from cmd.o(.text) referenced from cmd.o(FSymTab)
 <LI><a href="#[c7]">list_mailbox</a> from cmd.o(.text) referenced from cmd.o(FSymTab)
 <LI><a href="#[b9]">list_mem</a> from mem.o(.text) referenced from mem.o(FSymTab)
 <LI><a href="#[c9]">list_mempool</a> from cmd.o(.text) referenced from cmd.o(FSymTab)
 <LI><a href="#[c8]">list_msgqueue</a> from cmd.o(.text) referenced from cmd.o(FSymTab)
 <LI><a href="#[c6]">list_mutex</a> from cmd.o(.text) referenced from cmd.o(FSymTab)
 <LI><a href="#[c4]">list_sem</a> from cmd.o(.text) referenced from cmd.o(FSymTab)
 <LI><a href="#[c3]">list_thread</a> from cmd.o(.text) referenced from cmd.o(FSymTab)
 <LI><a href="#[ca]">list_timer</a> from cmd.o(.text) referenced from cmd.o(FSymTab)
 <LI><a href="#[ba]">ls</a> from dfs_file.o(.text) referenced from dfs_file.o(FSymTab)
 <LI><a href="#[49]">main</a> from startup.o(.text) referenced from entry9a.o(.ARM.Collect$$$$0000000B)
 <LI><a href="#[c0]">mkdir</a> from dfs_posix.o(.text) referenced from dfs_posix.o(FSymTab)
 <LI><a href="#[be]">mkfs</a> from dfs_fs.o(.text) referenced from dfs_fs.o(FSymTab)
 <LI><a href="#[b7]">open_door</a> from beep_door.o(.text) referenced from beep_door.o(FSymTab)
 <LI><a href="#[4c]">rc522_thread_entry</a> from rfid_thread.o(.text) referenced from main.o(.text)
 <LI><a href="#[bb]">rm</a> from dfs_file.o(.text) referenced from dfs_file.o(FSymTab)
 <LI><a href="#[ae]">rt_hw_sdcard_init</a> from sdcard.o(.text) referenced from sdcard.o(.rti_fn.2)
 <LI><a href="#[cf]">rt_init_thread_entry</a> from application.o(.text) referenced from application.o(.text)
 <LI><a href="#[52]">rt_sdcard_close</a> from sdcard.o(.text) referenced from sdcard.o(.text)
 <LI><a href="#[55]">rt_sdcard_control</a> from sdcard.o(.text) referenced from sdcard.o(.text)
 <LI><a href="#[50]">rt_sdcard_init</a> from sdcard.o(.text) referenced from sdcard.o(.text)
 <LI><a href="#[51]">rt_sdcard_open</a> from sdcard.o(.text) referenced from sdcard.o(.text)
 <LI><a href="#[53]">rt_sdcard_read</a> from sdcard.o(.text) referenced from sdcard.o(.text)
 <LI><a href="#[54]">rt_sdcard_write</a> from sdcard.o(.text) referenced from sdcard.o(.text)
 <LI><a href="#[5b]">rt_serial_close</a> from serial.o(.text) referenced from serial.o(.text)
 <LI><a href="#[5e]">rt_serial_control</a> from serial.o(.text) referenced from serial.o(.text)
 <LI><a href="#[59]">rt_serial_init</a> from serial.o(.text) referenced from serial.o(.text)
 <LI><a href="#[5a]">rt_serial_open</a> from serial.o(.text) referenced from serial.o(.text)
 <LI><a href="#[5c]">rt_serial_read</a> from serial.o(.text) referenced from serial.o(.text)
 <LI><a href="#[5d]">rt_serial_write</a> from serial.o(.text) referenced from serial.o(.text)
 <LI><a href="#[2fd]">rt_thread_exit</a> from thread.o(.text) referenced from thread.o(.text)
 <LI><a href="#[58]">rt_thread_idle_entry</a> from idle.o(.text) referenced from idle.o(.text)
 <LI><a href="#[300]">rt_thread_timeout</a> from thread.o(.text) referenced from thread.o(.text)
 <LI><a href="#[4f]">rtc_thread_entry</a> from rtc_thread.o(.text) referenced from main.o(.text)
 <LI><a href="#[ad]">rti_board_end</a> from components.o(.text) referenced from components.o(.rti_fn.1.end)
 <LI><a href="#[ac]">rti_board_start</a> from components.o(.text) referenced from components.o(.rti_fn.0.end)
 <LI><a href="#[b2]">rti_end</a> from components.o(.text) referenced from components.o(.rti_fn.6.end)
 <LI><a href="#[ab]">rti_start</a> from components.o(.text) referenced from components.o(.rti_fn.0)
 <LI><a href="#[b3]">send_get_card_event</a> from rfid_thread.o(.text) referenced from rfid_thread.o(FSymTab)
 <LI><a href="#[b8]">set_lcd_led</a> from pwm.o(.text) referenced from pwm.o(FSymTab)
 <LI><a href="#[b4]">set_time</a> from rtc_thread.o(.text) referenced from rtc_thread.o(FSymTab)
 <LI><a href="#[66]">stm32_configure</a> from usart.o(.text) referenced from usart.o(.constdata)
 <LI><a href="#[67]">stm32_control</a> from usart.o(.text) referenced from usart.o(.constdata)
 <LI><a href="#[69]">stm32_getc</a> from usart.o(.text) referenced from usart.o(.constdata)
 <LI><a href="#[68]">stm32_putc</a> from usart.o(.text) referenced from usart.o(.constdata)
 <LI><a href="#[4b]">touch_screen_thread_entry</a> from main.o(.text) referenced from main.o(.text)
 <LI><a href="#[4d]">user_check_thread_entry</a> from user_check_thread.o(.text) referenced from main.o(.text)
 <LI><a href="#[4a]">user_init_thread_entry</a> from main.o(.text) referenced from application.o(.text)
 <LI><a href="#[c2]">version</a> from cmd.o(.text) referenced from cmd.o(FSymTab)
 <LI><a href="#[4e]">wifi_thread_entry</a> from wifi_thread.o(.text) referenced from main.o(.text)
 <LI><a href="#[6b]">xfer</a> from spi_bus.o(.text) referenced 3 times from spi_bus.o(.constdata)
</UL>
<P>
<H3>
Global Symbols
</H3>
<P><STRONG><a name="[57]"></a>__main</STRONG> (Thumb, 0 bytes, Stack size unknown bytes, entry.o(.ARM.Collect$$$$00000000))
<BR>[Address Reference Count : 1]<UL><LI> startup_stm32f10x_hd.o(.text)
</UL>
<P><STRONG><a name="[426]"></a>_main_stk</STRONG> (Thumb, 0 bytes, Stack size unknown bytes, entry2.o(.ARM.Collect$$$$00000001))

<P><STRONG><a name="[cd]"></a>_main_scatterload</STRONG> (Thumb, 0 bytes, Stack size unknown bytes, entry5.o(.ARM.Collect$$$$00000004))
<BR><BR>[Calls]<UL><LI><a href="#[ce]">&gt;&gt;</a>&nbsp;&nbsp;&nbsp;__scatterload
</UL>

<P><STRONG><a name="[423]"></a>__main_after_scatterload</STRONG> (Thumb, 0 bytes, Stack size unknown bytes, entry5.o(.ARM.Collect$$$$00000004))
<BR><BR>[Called By]<UL><LI><a href="#[ce]">&gt;&gt;</a>&nbsp;&nbsp;&nbsp;__scatterload
</UL>

<P><STRONG><a name="[427]"></a>_main_clock</STRONG> (Thumb, 0 bytes, Stack size unknown bytes, entry7b.o(.ARM.Collect$$$$00000008))

<P><STRONG><a name="[428]"></a>_main_cpp_init</STRONG> (Thumb, 0 bytes, Stack size unknown bytes, entry8b.o(.ARM.Collect$$$$0000000A))

<P><STRONG><a name="[429]"></a>_main_init</STRONG> (Thumb, 0 bytes, Stack size unknown bytes, entry9a.o(.ARM.Collect$$$$0000000B))

<P><STRONG><a name="[42a]"></a>__rt_final_cpp</STRONG> (Thumb, 0 bytes, Stack size unknown bytes, entry10a.o(.ARM.Collect$$$$0000000D))

<P><STRONG><a name="[42b]"></a>__rt_final_exit</STRONG> (Thumb, 0 bytes, Stack size unknown bytes, entry11a.o(.ARM.Collect$$$$0000000F))

<P><STRONG><a name="[cf]"></a>rt_init_thread_entry</STRONG> (Thumb, 72 bytes, Stack size 24 bytes, application.o(.text))
<BR><BR>[Stack]<UL><LI>Max Depth = 536<LI>Call Chain = rt_init_thread_entry &rArr; dfs_mount &rArr; dfs_file_open &rArr; dfs_normalize_path &rArr; rt_strdup &rArr; rt_malloc &rArr; rt_sem_take &rArr; rt_schedule &rArr; _rt_scheduler_stack_check &rArr; list_thread &rArr; _list_thread &rArr; object_split &rArr; rt_kprintf &rArr; rt_vsnprintf &rArr; print_number
</UL>
<BR>[Calls]<UL><LI><a href="#[d4]">&gt;&gt;</a>&nbsp;&nbsp;&nbsp;rt_thread_startup
<LI><a href="#[d3]">&gt;&gt;</a>&nbsp;&nbsp;&nbsp;rt_thread_create
<LI><a href="#[d2]">&gt;&gt;</a>&nbsp;&nbsp;&nbsp;rt_kprintf
<LI><a href="#[d0]">&gt;&gt;</a>&nbsp;&nbsp;&nbsp;rt_components_init
<LI><a href="#[d1]">&gt;&gt;</a>&nbsp;&nbsp;&nbsp;dfs_mount
</UL>
<BR>[Address Reference Count : 1]<UL><LI> application.o(.text)
</UL>
<P><STRONG><a name="[d5]"></a>rt_application_init</STRONG> (Thumb, 38 bytes, Stack size 16 bytes, application.o(.text))
<BR><BR>[Stack]<UL><LI>Max Depth = 440<LI>Call Chain = rt_application_init &rArr; rt_thread_create &rArr; rt_object_allocate &rArr; rt_malloc &rArr; rt_sem_take &rArr; rt_schedule &rArr; _rt_scheduler_stack_check &rArr; list_thread &rArr; _list_thread &rArr; object_split &rArr; rt_kprintf &rArr; rt_vsnprintf &rArr; print_number
</UL>
<BR>[Calls]<UL><LI><a href="#[d4]">&gt;&gt;</a>&nbsp;&nbsp;&nbsp;rt_thread_startup
<LI><a href="#[d3]">&gt;&gt;</a>&nbsp;&nbsp;&nbsp;rt_thread_create
</UL>
<BR>[Called By]<UL><LI><a href="#[f4]">&gt;&gt;</a>&nbsp;&nbsp;&nbsp;rtthread_startup
</UL>

<P><STRONG><a name="[d6]"></a>get_set_device_addr</STRONG> (Thumb, 220 bytes, Stack size 16 bytes, device_config.o(.text))
<BR><BR>[Stack]<UL><LI>Max Depth = 472<LI>Call Chain = get_set_device_addr &rArr; open &rArr; dfs_file_open &rArr; dfs_normalize_path &rArr; rt_strdup &rArr; rt_malloc &rArr; rt_sem_take &rArr; rt_schedule &rArr; _rt_scheduler_stack_check &rArr; list_thread &rArr; _list_thread &rArr; object_split &rArr; rt_kprintf &rArr; rt_vsnprintf &rArr; print_number
</UL>
<BR>[Calls]<UL><LI><a href="#[db]">&gt;&gt;</a>&nbsp;&nbsp;&nbsp;write
<LI><a href="#[da]">&gt;&gt;</a>&nbsp;&nbsp;&nbsp;read
<LI><a href="#[d7]">&gt;&gt;</a>&nbsp;&nbsp;&nbsp;open
<LI><a href="#[d9]">&gt;&gt;</a>&nbsp;&nbsp;&nbsp;lseek
<LI><a href="#[d8]">&gt;&gt;</a>&nbsp;&nbsp;&nbsp;close
<LI><a href="#[d2]">&gt;&gt;</a>&nbsp;&nbsp;&nbsp;rt_kprintf
</UL>
<BR>[Called By]<UL><LI><a href="#[4a]">&gt;&gt;</a>&nbsp;&nbsp;&nbsp;user_init_thread_entry
</UL>

<P><STRONG><a name="[dc]"></a>get_set_device_name</STRONG> (Thumb, 214 bytes, Stack size 16 bytes, device_config.o(.text))
<BR><BR>[Stack]<UL><LI>Max Depth = 472<LI>Call Chain = get_set_device_name &rArr; open &rArr; dfs_file_open &rArr; dfs_normalize_path &rArr; rt_strdup &rArr; rt_malloc &rArr; rt_sem_take &rArr; rt_schedule &rArr; _rt_scheduler_stack_check &rArr; list_thread &rArr; _list_thread &rArr; object_split &rArr; rt_kprintf &rArr; rt_vsnprintf &rArr; print_number
</UL>
<BR>[Calls]<UL><LI><a href="#[db]">&gt;&gt;</a>&nbsp;&nbsp;&nbsp;write
<LI><a href="#[da]">&gt;&gt;</a>&nbsp;&nbsp;&nbsp;read
<LI><a href="#[d7]">&gt;&gt;</a>&nbsp;&nbsp;&nbsp;open
<LI><a href="#[d9]">&gt;&gt;</a>&nbsp;&nbsp;&nbsp;lseek
<LI><a href="#[d8]">&gt;&gt;</a>&nbsp;&nbsp;&nbsp;close
<LI><a href="#[d2]">&gt;&gt;</a>&nbsp;&nbsp;&nbsp;rt_kprintf
</UL>
<BR>[Called By]<UL><LI><a href="#[4a]">&gt;&gt;</a>&nbsp;&nbsp;&nbsp;user_init_thread_entry
</UL>

<P><STRONG><a name="[4a]"></a>user_init_thread_entry</STRONG> (Thumb, 300 bytes, Stack size 32 bytes, main.o(.text))
<BR><BR>[Stack]<UL><LI>Max Depth = 632<LI>Call Chain = user_init_thread_entry &rArr; TP_Init &rArr; TP_Adjust &rArr; TP_Get_Adjdata &rArr; open &rArr; dfs_file_open &rArr; dfs_normalize_path &rArr; rt_strdup &rArr; rt_malloc &rArr; rt_sem_take &rArr; rt_schedule &rArr; _rt_scheduler_stack_check &rArr; list_thread &rArr; _list_thread &rArr; object_split &rArr; rt_kprintf &rArr; rt_vsnprintf &rArr; print_number
</UL>
<BR>[Calls]<UL><LI><a href="#[e5]">&gt;&gt;</a>&nbsp;&nbsp;&nbsp;rt_thread_init
<LI><a href="#[e2]">&gt;&gt;</a>&nbsp;&nbsp;&nbsp;rt_hw_stm32_spi_bus_init
<LI><a href="#[df]">&gt;&gt;</a>&nbsp;&nbsp;&nbsp;rt_hw_beep_door_init
<LI><a href="#[e1]">&gt;&gt;</a>&nbsp;&nbsp;&nbsp;rt_event_init
<LI><a href="#[e0]">&gt;&gt;</a>&nbsp;&nbsp;&nbsp;init_card_array
<LI><a href="#[0]">&gt;&gt;</a>&nbsp;&nbsp;&nbsp;TP_Init
<LI><a href="#[e3]">&gt;&gt;</a>&nbsp;&nbsp;&nbsp;TFTLCD_Init
<LI><a href="#[e4]">&gt;&gt;</a>&nbsp;&nbsp;&nbsp;LCD_ShowString
<LI><a href="#[dc]">&gt;&gt;</a>&nbsp;&nbsp;&nbsp;get_set_device_name
<LI><a href="#[d6]">&gt;&gt;</a>&nbsp;&nbsp;&nbsp;get_set_device_addr
<LI><a href="#[d4]">&gt;&gt;</a>&nbsp;&nbsp;&nbsp;rt_thread_startup
<LI><a href="#[d2]">&gt;&gt;</a>&nbsp;&nbsp;&nbsp;rt_kprintf
</UL>
<BR>[Address Reference Count : 1]<UL><LI> application.o(.text)
</UL>
<P><STRONG><a name="[100]"></a>bin_search</STRONG> (Thumb, 72 bytes, Stack size 20 bytes, p_database.o(.text))
<BR><BR>[Stack]<UL><LI>Max Depth = 20<LI>Call Chain = bin_search
</UL>
<BR>[Called By]<UL><LI><a href="#[4d]">&gt;&gt;</a>&nbsp;&nbsp;&nbsp;user_check_thread_entry
</UL>

<P><STRONG><a name="[e6]"></a>quik_sort</STRONG> (Thumb, 194 bytes, Stack size 32 bytes, p_database.o(.text))
<BR><BR>[Stack]<UL><LI>Max Depth = 32 + In Cycle
<LI>Call Chain = quik_sort &rArr;  quik_sort (Cycle)
</UL>
<BR>[Calls]<UL><LI><a href="#[e6]">&gt;&gt;</a>&nbsp;&nbsp;&nbsp;quik_sort
</UL>
<BR>[Called By]<UL><LI><a href="#[e6]">&gt;&gt;</a>&nbsp;&nbsp;&nbsp;quik_sort
<LI><a href="#[e0]">&gt;&gt;</a>&nbsp;&nbsp;&nbsp;init_card_array
</UL>

<P><STRONG><a name="[e7]"></a>get_set_user_num</STRONG> (Thumb, 152 bytes, Stack size 16 bytes, p_database.o(.text))
<BR><BR>[Stack]<UL><LI>Max Depth = 472<LI>Call Chain = get_set_user_num &rArr; open &rArr; dfs_file_open &rArr; dfs_normalize_path &rArr; rt_strdup &rArr; rt_malloc &rArr; rt_sem_take &rArr; rt_schedule &rArr; _rt_scheduler_stack_check &rArr; list_thread &rArr; _list_thread &rArr; object_split &rArr; rt_kprintf &rArr; rt_vsnprintf &rArr; print_number
</UL>
<BR>[Calls]<UL><LI><a href="#[db]">&gt;&gt;</a>&nbsp;&nbsp;&nbsp;write
<LI><a href="#[da]">&gt;&gt;</a>&nbsp;&nbsp;&nbsp;read
<LI><a href="#[d7]">&gt;&gt;</a>&nbsp;&nbsp;&nbsp;open
<LI><a href="#[d9]">&gt;&gt;</a>&nbsp;&nbsp;&nbsp;lseek
<LI><a href="#[d8]">&gt;&gt;</a>&nbsp;&nbsp;&nbsp;close
</UL>
<BR>[Called By]<UL><LI><a href="#[4d]">&gt;&gt;</a>&nbsp;&nbsp;&nbsp;user_check_thread_entry
<LI><a href="#[e0]">&gt;&gt;</a>&nbsp;&nbsp;&nbsp;init_card_array
</UL>

<P><STRONG><a name="[e8]"></a>get_set_user_num_max</STRONG> (Thumb, 152 bytes, Stack size 16 bytes, p_database.o(.text))
<BR><BR>[Stack]<UL><LI>Max Depth = 472<LI>Call Chain = get_set_user_num_max &rArr; open &rArr; dfs_file_open &rArr; dfs_normalize_path &rArr; rt_strdup &rArr; rt_malloc &rArr; rt_sem_take &rArr; rt_schedule &rArr; _rt_scheduler_stack_check &rArr; list_thread &rArr; _list_thread &rArr; object_split &rArr; rt_kprintf &rArr; rt_vsnprintf &rArr; print_number
</UL>
<BR>[Calls]<UL><LI><a href="#[db]">&gt;&gt;</a>&nbsp;&nbsp;&nbsp;write
<LI><a href="#[da]">&gt;&gt;</a>&nbsp;&nbsp;&nbsp;read
<LI><a href="#[d7]">&gt;&gt;</a>&nbsp;&nbsp;&nbsp;open
<LI><a href="#[d9]">&gt;&gt;</a>&nbsp;&nbsp;&nbsp;lseek
<LI><a href="#[d8]">&gt;&gt;</a>&nbsp;&nbsp;&nbsp;close
</UL>
<BR>[Called By]<UL><LI><a href="#[4d]">&gt;&gt;</a>&nbsp;&nbsp;&nbsp;user_check_thread_entry
<LI><a href="#[e0]">&gt;&gt;</a>&nbsp;&nbsp;&nbsp;init_card_array
</UL>

<P><STRONG><a name="[e9]"></a>add_del_get_one_user</STRONG> (Thumb, 230 bytes, Stack size 16 bytes, p_database.o(.text))
<BR><BR>[Stack]<UL><LI>Max Depth = 472<LI>Call Chain = add_del_get_one_user &rArr; open &rArr; dfs_file_open &rArr; dfs_normalize_path &rArr; rt_strdup &rArr; rt_malloc &rArr; rt_sem_take &rArr; rt_schedule &rArr; _rt_scheduler_stack_check &rArr; list_thread &rArr; _list_thread &rArr; object_split &rArr; rt_kprintf &rArr; rt_vsnprintf &rArr; print_number
</UL>
<BR>[Calls]<UL><LI><a href="#[ea]">&gt;&gt;</a>&nbsp;&nbsp;&nbsp;rt_memset
<LI><a href="#[db]">&gt;&gt;</a>&nbsp;&nbsp;&nbsp;write
<LI><a href="#[da]">&gt;&gt;</a>&nbsp;&nbsp;&nbsp;read
<LI><a href="#[d7]">&gt;&gt;</a>&nbsp;&nbsp;&nbsp;open
<LI><a href="#[d9]">&gt;&gt;</a>&nbsp;&nbsp;&nbsp;lseek
<LI><a href="#[d8]">&gt;&gt;</a>&nbsp;&nbsp;&nbsp;close
</UL>
<BR>[Called By]<UL><LI><a href="#[4d]">&gt;&gt;</a>&nbsp;&nbsp;&nbsp;user_check_thread_entry
</UL>

<P><STRONG><a name="[eb]"></a>get_set_state</STRONG> (Thumb, 174 bytes, Stack size 24 bytes, p_database.o(.text))
<BR><BR>[Stack]<UL><LI>Max Depth = 480<LI>Call Chain = get_set_state &rArr; open &rArr; dfs_file_open &rArr; dfs_normalize_path &rArr; rt_strdup &rArr; rt_malloc &rArr; rt_sem_take &rArr; rt_schedule &rArr; _rt_scheduler_stack_check &rArr; list_thread &rArr; _list_thread &rArr; object_split &rArr; rt_kprintf &rArr; rt_vsnprintf &rArr; print_number
</UL>
<BR>[Calls]<UL><LI><a href="#[db]">&gt;&gt;</a>&nbsp;&nbsp;&nbsp;write
<LI><a href="#[da]">&gt;&gt;</a>&nbsp;&nbsp;&nbsp;read
<LI><a href="#[d7]">&gt;&gt;</a>&nbsp;&nbsp;&nbsp;open
<LI><a href="#[d9]">&gt;&gt;</a>&nbsp;&nbsp;&nbsp;lseek
<LI><a href="#[d8]">&gt;&gt;</a>&nbsp;&nbsp;&nbsp;close
</UL>
<BR>[Called By]<UL><LI><a href="#[4d]">&gt;&gt;</a>&nbsp;&nbsp;&nbsp;user_check_thread_entry
</UL>

<P><STRONG><a name="[e0]"></a>init_card_array</STRONG> (Thumb, 204 bytes, Stack size 32 bytes, p_database.o(.text))
<BR><BR>[Stack]<UL><LI>Max Depth = 504<LI>Call Chain = init_card_array &rArr; get_set_user_num_max &rArr; open &rArr; dfs_file_open &rArr; dfs_normalize_path &rArr; rt_strdup &rArr; rt_malloc &rArr; rt_sem_take &rArr; rt_schedule &rArr; _rt_scheduler_stack_check &rArr; list_thread &rArr; _list_thread &rArr; object_split &rArr; rt_kprintf &rArr; rt_vsnprintf &rArr; print_number
</UL>
<BR>[Calls]<UL><LI><a href="#[e8]">&gt;&gt;</a>&nbsp;&nbsp;&nbsp;get_set_user_num_max
<LI><a href="#[e7]">&gt;&gt;</a>&nbsp;&nbsp;&nbsp;get_set_user_num
<LI><a href="#[e6]">&gt;&gt;</a>&nbsp;&nbsp;&nbsp;quik_sort
<LI><a href="#[da]">&gt;&gt;</a>&nbsp;&nbsp;&nbsp;read
<LI><a href="#[d7]">&gt;&gt;</a>&nbsp;&nbsp;&nbsp;open
<LI><a href="#[d9]">&gt;&gt;</a>&nbsp;&nbsp;&nbsp;lseek
<LI><a href="#[d8]">&gt;&gt;</a>&nbsp;&nbsp;&nbsp;close
</UL>
<BR>[Called By]<UL><LI><a href="#[4a]">&gt;&gt;</a>&nbsp;&nbsp;&nbsp;user_init_thread_entry
</UL>

<P><STRONG><a name="[4c]"></a>rc522_thread_entry</STRONG> (Thumb, 190 bytes, Stack size 8 bytes, rfid_thread.o(.text))
<BR><BR>[Stack]<UL><LI>Max Depth = 512<LI>Call Chain = rc522_thread_entry &rArr; ReadID &rArr; PcdAnticoll &rArr; PcdComMF522 &rArr; ClearBitMask &rArr; WriteRawRC &rArr; rt_spi_transfer_message &rArr; rt_mutex_release &rArr; rt_thread_control &rArr; rt_thread_startup &rArr; rt_schedule &rArr; _rt_scheduler_stack_check &rArr; list_thread &rArr; _list_thread &rArr; object_split &rArr; rt_kprintf &rArr; rt_vsnprintf &rArr; print_number
</UL>
<BR>[Calls]<UL><LI><a href="#[ee]">&gt;&gt;</a>&nbsp;&nbsp;&nbsp;rt_event_send
<LI><a href="#[ed]">&gt;&gt;</a>&nbsp;&nbsp;&nbsp;ReadID
<LI><a href="#[ec]">&gt;&gt;</a>&nbsp;&nbsp;&nbsp;InitRC522
<LI><a href="#[dd]">&gt;&gt;</a>&nbsp;&nbsp;&nbsp;rt_tick_from_millisecond
<LI><a href="#[de]">&gt;&gt;</a>&nbsp;&nbsp;&nbsp;rt_thread_delay
<LI><a href="#[d2]">&gt;&gt;</a>&nbsp;&nbsp;&nbsp;rt_kprintf
</UL>
<BR>[Address Reference Count : 1]<UL><LI> main.o(.text)
</UL>
<P><STRONG><a name="[b3]"></a>send_get_card_event</STRONG> (Thumb, 56 bytes, Stack size 16 bytes, rfid_thread.o(.text))
<BR><BR>[Stack]<UL><LI>Max Depth = 320<LI>Call Chain = send_get_card_event &rArr; rt_event_send &rArr; rt_schedule &rArr; _rt_scheduler_stack_check &rArr; list_thread &rArr; _list_thread &rArr; object_split &rArr; rt_kprintf &rArr; rt_vsnprintf &rArr; print_number
</UL>
<BR>[Calls]<UL><LI><a href="#[ee]">&gt;&gt;</a>&nbsp;&nbsp;&nbsp;rt_event_send
<LI><a href="#[d2]">&gt;&gt;</a>&nbsp;&nbsp;&nbsp;rt_kprintf
</UL>
<BR>[Address Reference Count : 1]<UL><LI> rfid_thread.o(FSymTab)
</UL>
<P><STRONG><a name="[4f]"></a>rtc_thread_entry</STRONG> (Thumb, 82 bytes, Stack size 0 bytes, rtc_thread.o(.text))
<BR><BR>[Stack]<UL><LI>Max Depth = 296<LI>Call Chain = rtc_thread_entry &rArr; rt_thread_delay &rArr; rt_thread_sleep &rArr; rt_schedule &rArr; _rt_scheduler_stack_check &rArr; list_thread &rArr; _list_thread &rArr; object_split &rArr; rt_kprintf &rArr; rt_vsnprintf &rArr; print_number
</UL>
<BR>[Calls]<UL><LI><a href="#[ef]">&gt;&gt;</a>&nbsp;&nbsp;&nbsp;IIC_GPIO_Init
<LI><a href="#[f1]">&gt;&gt;</a>&nbsp;&nbsp;&nbsp;DS1307_Time_Init
<LI><a href="#[f2]">&gt;&gt;</a>&nbsp;&nbsp;&nbsp;DS1307_ReadWrite_Time
<LI><a href="#[f0]">&gt;&gt;</a>&nbsp;&nbsp;&nbsp;DS1307_Check
<LI><a href="#[dd]">&gt;&gt;</a>&nbsp;&nbsp;&nbsp;rt_tick_from_millisecond
<LI><a href="#[de]">&gt;&gt;</a>&nbsp;&nbsp;&nbsp;rt_thread_delay
<LI><a href="#[d2]">&gt;&gt;</a>&nbsp;&nbsp;&nbsp;rt_kprintf
</UL>
<BR>[Address Reference Count : 1]<UL><LI> main.o(.text)
</UL>
<P><STRONG><a name="[b4]"></a>set_time</STRONG> (Thumb, 50 bytes, Stack size 32 bytes, rtc_thread.o(.text))
<BR><BR>[Stack]<UL><LI>Max Depth = 84<LI>Call Chain = set_time &rArr; DS1307_Time_Init &rArr; DS1307_Operate_Register &rArr; IIC_Write_Byte &rArr; IIC_Delay
</UL>
<BR>[Calls]<UL><LI><a href="#[f1]">&gt;&gt;</a>&nbsp;&nbsp;&nbsp;DS1307_Time_Init
</UL>
<BR>[Address Reference Count : 1]<UL><LI> rtc_thread.o(FSymTab)
</UL>
<P><STRONG><a name="[b5]"></a>get_time</STRONG> (Thumb, 42 bytes, Stack size 24 bytes, rtc_thread.o(.text))
<BR><BR>[Stack]<UL><LI>Max Depth = 200<LI>Call Chain = get_time &rArr; rt_kprintf &rArr; rt_vsnprintf &rArr; print_number
</UL>
<BR>[Calls]<UL><LI><a href="#[d2]">&gt;&gt;</a>&nbsp;&nbsp;&nbsp;rt_kprintf
</UL>
<BR>[Address Reference Count : 1]<UL><LI> rtc_thread.o(FSymTab)
</UL>
<P><STRONG><a name="[f3]"></a>assert_failed</STRONG> (Thumb, 30 bytes, Stack size 0 bytes, startup.o(.text))
<BR><BR>[Stack]<UL><LI>Max Depth = 176<LI>Call Chain = assert_failed &rArr; rt_kprintf &rArr; rt_vsnprintf &rArr; print_number
</UL>
<BR>[Calls]<UL><LI><a href="#[d2]">&gt;&gt;</a>&nbsp;&nbsp;&nbsp;rt_kprintf
</UL>
<BR>[Called By]<UL><LI><a href="#[125]">&gt;&gt;</a>&nbsp;&nbsp;&nbsp;USART_ReceiveData
<LI><a href="#[117]">&gt;&gt;</a>&nbsp;&nbsp;&nbsp;USART_Init
<LI><a href="#[11a]">&gt;&gt;</a>&nbsp;&nbsp;&nbsp;USART_ITConfig
<LI><a href="#[129]">&gt;&gt;</a>&nbsp;&nbsp;&nbsp;USART_GetITStatus
<LI><a href="#[12b]">&gt;&gt;</a>&nbsp;&nbsp;&nbsp;USART_GetFlagStatus
<LI><a href="#[11f]">&gt;&gt;</a>&nbsp;&nbsp;&nbsp;USART_DMACmd
<LI><a href="#[118]">&gt;&gt;</a>&nbsp;&nbsp;&nbsp;USART_Cmd
<LI><a href="#[12a]">&gt;&gt;</a>&nbsp;&nbsp;&nbsp;USART_ClearITPendingBit
<LI><a href="#[12d]">&gt;&gt;</a>&nbsp;&nbsp;&nbsp;RCC_APB1PeriphClockCmd
<LI><a href="#[121]">&gt;&gt;</a>&nbsp;&nbsp;&nbsp;NVIC_Init
<LI><a href="#[127]">&gt;&gt;</a>&nbsp;&nbsp;&nbsp;DMA_SetCurrDataCounter
<LI><a href="#[11c]">&gt;&gt;</a>&nbsp;&nbsp;&nbsp;DMA_Init
<LI><a href="#[11e]">&gt;&gt;</a>&nbsp;&nbsp;&nbsp;DMA_ITConfig
<LI><a href="#[123]">&gt;&gt;</a>&nbsp;&nbsp;&nbsp;DMA_GetCurrDataCounter
<LI><a href="#[11b]">&gt;&gt;</a>&nbsp;&nbsp;&nbsp;DMA_DeInit
<LI><a href="#[120]">&gt;&gt;</a>&nbsp;&nbsp;&nbsp;DMA_Cmd
<LI><a href="#[11d]">&gt;&gt;</a>&nbsp;&nbsp;&nbsp;DMA_ClearFlag
<LI><a href="#[113]">&gt;&gt;</a>&nbsp;&nbsp;&nbsp;GPIO_SetBits
<LI><a href="#[115]">&gt;&gt;</a>&nbsp;&nbsp;&nbsp;GPIO_ResetBits
<LI><a href="#[106]">&gt;&gt;</a>&nbsp;&nbsp;&nbsp;RCC_APB2PeriphClockCmd
<LI><a href="#[107]">&gt;&gt;</a>&nbsp;&nbsp;&nbsp;RCC_AHBPeriphClockCmd
<LI><a href="#[104]">&gt;&gt;</a>&nbsp;&nbsp;&nbsp;NVIC_SetVectorTable
<LI><a href="#[108]">&gt;&gt;</a>&nbsp;&nbsp;&nbsp;GPIO_Init
<LI><a href="#[109]">&gt;&gt;</a>&nbsp;&nbsp;&nbsp;FSMC_NORSRAMInit
<LI><a href="#[10a]">&gt;&gt;</a>&nbsp;&nbsp;&nbsp;FSMC_NORSRAMCmd
<LI><a href="#[202]">&gt;&gt;</a>&nbsp;&nbsp;&nbsp;EXTI_ClearFlag
<LI><a href="#[201]">&gt;&gt;</a>&nbsp;&nbsp;&nbsp;EXTI_GetFlagStatus
<LI><a href="#[200]">&gt;&gt;</a>&nbsp;&nbsp;&nbsp;EXTI_GenerateSWInterrupt
<LI><a href="#[1ff]">&gt;&gt;</a>&nbsp;&nbsp;&nbsp;RCC_ClearITPendingBit
<LI><a href="#[1fe]">&gt;&gt;</a>&nbsp;&nbsp;&nbsp;RCC_GetITStatus
<LI><a href="#[1fd]">&gt;&gt;</a>&nbsp;&nbsp;&nbsp;RCC_MCOConfig
<LI><a href="#[1fc]">&gt;&gt;</a>&nbsp;&nbsp;&nbsp;RCC_ClockSecuritySystemCmd
<LI><a href="#[1fb]">&gt;&gt;</a>&nbsp;&nbsp;&nbsp;RCC_BackupResetCmd
<LI><a href="#[1fa]">&gt;&gt;</a>&nbsp;&nbsp;&nbsp;RCC_APB1PeriphResetCmd
<LI><a href="#[1f9]">&gt;&gt;</a>&nbsp;&nbsp;&nbsp;RCC_APB2PeriphResetCmd
<LI><a href="#[1f8]">&gt;&gt;</a>&nbsp;&nbsp;&nbsp;RCC_RTCCLKCmd
<LI><a href="#[1f7]">&gt;&gt;</a>&nbsp;&nbsp;&nbsp;RCC_RTCCLKConfig
<LI><a href="#[1f6]">&gt;&gt;</a>&nbsp;&nbsp;&nbsp;RCC_LSICmd
<LI><a href="#[1f5]">&gt;&gt;</a>&nbsp;&nbsp;&nbsp;RCC_LSEConfig
<LI><a href="#[1f4]">&gt;&gt;</a>&nbsp;&nbsp;&nbsp;RCC_ADCCLKConfig
<LI><a href="#[1f3]">&gt;&gt;</a>&nbsp;&nbsp;&nbsp;RCC_USBCLKConfig
<LI><a href="#[1f2]">&gt;&gt;</a>&nbsp;&nbsp;&nbsp;RCC_ITConfig
<LI><a href="#[1f1]">&gt;&gt;</a>&nbsp;&nbsp;&nbsp;RCC_PCLK2Config
<LI><a href="#[1f0]">&gt;&gt;</a>&nbsp;&nbsp;&nbsp;RCC_PCLK1Config
<LI><a href="#[1ef]">&gt;&gt;</a>&nbsp;&nbsp;&nbsp;RCC_HCLKConfig
<LI><a href="#[1ee]">&gt;&gt;</a>&nbsp;&nbsp;&nbsp;RCC_SYSCLKConfig
<LI><a href="#[1ed]">&gt;&gt;</a>&nbsp;&nbsp;&nbsp;RCC_PLLCmd
<LI><a href="#[1ec]">&gt;&gt;</a>&nbsp;&nbsp;&nbsp;RCC_PLLConfig
<LI><a href="#[1eb]">&gt;&gt;</a>&nbsp;&nbsp;&nbsp;RCC_HSICmd
<LI><a href="#[1ea]">&gt;&gt;</a>&nbsp;&nbsp;&nbsp;RCC_AdjustHSICalibrationValue
<LI><a href="#[1e8]">&gt;&gt;</a>&nbsp;&nbsp;&nbsp;RCC_GetFlagStatus
<LI><a href="#[1e7]">&gt;&gt;</a>&nbsp;&nbsp;&nbsp;RCC_HSEConfig
<LI><a href="#[1a2]">&gt;&gt;</a>&nbsp;&nbsp;&nbsp;SPI_Init
<LI><a href="#[1a6]">&gt;&gt;</a>&nbsp;&nbsp;&nbsp;SPI_I2S_SendData
<LI><a href="#[1a7]">&gt;&gt;</a>&nbsp;&nbsp;&nbsp;SPI_I2S_ReceiveData
<LI><a href="#[1a5]">&gt;&gt;</a>&nbsp;&nbsp;&nbsp;SPI_I2S_GetFlagStatus
<LI><a href="#[1a1]">&gt;&gt;</a>&nbsp;&nbsp;&nbsp;SPI_I2S_DeInit
<LI><a href="#[1a3]">&gt;&gt;</a>&nbsp;&nbsp;&nbsp;SPI_Cmd
<LI><a href="#[1a4]">&gt;&gt;</a>&nbsp;&nbsp;&nbsp;SPI_CalculateCRC
<LI><a href="#[184]">&gt;&gt;</a>&nbsp;&nbsp;&nbsp;TIM_TimeBaseInit
<LI><a href="#[180]">&gt;&gt;</a>&nbsp;&nbsp;&nbsp;TIM_SetCompare2
<LI><a href="#[181]">&gt;&gt;</a>&nbsp;&nbsp;&nbsp;TIM_SetCompare1
<LI><a href="#[186]">&gt;&gt;</a>&nbsp;&nbsp;&nbsp;TIM_OC2PreloadConfig
<LI><a href="#[188]">&gt;&gt;</a>&nbsp;&nbsp;&nbsp;TIM_OC2Init
<LI><a href="#[185]">&gt;&gt;</a>&nbsp;&nbsp;&nbsp;TIM_OC1PreloadConfig
<LI><a href="#[187]">&gt;&gt;</a>&nbsp;&nbsp;&nbsp;TIM_OC1Init
<LI><a href="#[189]">&gt;&gt;</a>&nbsp;&nbsp;&nbsp;TIM_Cmd
<LI><a href="#[183]">&gt;&gt;</a>&nbsp;&nbsp;&nbsp;GPIO_PinRemapConfig
<LI><a href="#[178]">&gt;&gt;</a>&nbsp;&nbsp;&nbsp;GPIO_EXTILineConfig
<LI><a href="#[179]">&gt;&gt;</a>&nbsp;&nbsp;&nbsp;EXTI_Init
<LI><a href="#[17e]">&gt;&gt;</a>&nbsp;&nbsp;&nbsp;EXTI_GetITStatus
<LI><a href="#[17f]">&gt;&gt;</a>&nbsp;&nbsp;&nbsp;EXTI_ClearITPendingBit
<LI><a href="#[140]">&gt;&gt;</a>&nbsp;&nbsp;&nbsp;SDIO_SetPowerState
<LI><a href="#[138]">&gt;&gt;</a>&nbsp;&nbsp;&nbsp;SDIO_SendCommand
<LI><a href="#[13f]">&gt;&gt;</a>&nbsp;&nbsp;&nbsp;SDIO_Init
<LI><a href="#[150]">&gt;&gt;</a>&nbsp;&nbsp;&nbsp;SDIO_ITConfig
<LI><a href="#[135]">&gt;&gt;</a>&nbsp;&nbsp;&nbsp;SDIO_GetResponse
<LI><a href="#[15e]">&gt;&gt;</a>&nbsp;&nbsp;&nbsp;SDIO_GetITStatus
<LI><a href="#[13d]">&gt;&gt;</a>&nbsp;&nbsp;&nbsp;SDIO_GetFlagStatus
<LI><a href="#[147]">&gt;&gt;</a>&nbsp;&nbsp;&nbsp;SDIO_DataConfig
<LI><a href="#[14e]">&gt;&gt;</a>&nbsp;&nbsp;&nbsp;SDIO_DMACmd
<LI><a href="#[141]">&gt;&gt;</a>&nbsp;&nbsp;&nbsp;SDIO_ClockCmd
<LI><a href="#[15f]">&gt;&gt;</a>&nbsp;&nbsp;&nbsp;SDIO_ClearITPendingBit
<LI><a href="#[132]">&gt;&gt;</a>&nbsp;&nbsp;&nbsp;SDIO_ClearFlag
<LI><a href="#[152]">&gt;&gt;</a>&nbsp;&nbsp;&nbsp;DMA_GetFlagStatus
<LI><a href="#[298]">&gt;&gt;</a>&nbsp;&nbsp;&nbsp;SysTick_CLKSourceConfig
<LI><a href="#[297]">&gt;&gt;</a>&nbsp;&nbsp;&nbsp;NVIC_SystemLPConfig
<LI><a href="#[296]">&gt;&gt;</a>&nbsp;&nbsp;&nbsp;NVIC_PriorityGroupConfig
<LI><a href="#[295]">&gt;&gt;</a>&nbsp;&nbsp;&nbsp;DMA_ClearITPendingBit
<LI><a href="#[294]">&gt;&gt;</a>&nbsp;&nbsp;&nbsp;DMA_GetITStatus
<LI><a href="#[293]">&gt;&gt;</a>&nbsp;&nbsp;&nbsp;USART_ClearFlag
<LI><a href="#[292]">&gt;&gt;</a>&nbsp;&nbsp;&nbsp;USART_IrDACmd
<LI><a href="#[291]">&gt;&gt;</a>&nbsp;&nbsp;&nbsp;USART_IrDAConfig
<LI><a href="#[290]">&gt;&gt;</a>&nbsp;&nbsp;&nbsp;USART_OneBitMethodCmd
<LI><a href="#[28f]">&gt;&gt;</a>&nbsp;&nbsp;&nbsp;USART_OverSampling8Cmd
<LI><a href="#[28e]">&gt;&gt;</a>&nbsp;&nbsp;&nbsp;USART_HalfDuplexCmd
<LI><a href="#[28d]">&gt;&gt;</a>&nbsp;&nbsp;&nbsp;USART_SmartCardNACKCmd
<LI><a href="#[28c]">&gt;&gt;</a>&nbsp;&nbsp;&nbsp;USART_SmartCardCmd
<LI><a href="#[28b]">&gt;&gt;</a>&nbsp;&nbsp;&nbsp;USART_SetPrescaler
<LI><a href="#[28a]">&gt;&gt;</a>&nbsp;&nbsp;&nbsp;USART_SetGuardTime
<LI><a href="#[289]">&gt;&gt;</a>&nbsp;&nbsp;&nbsp;USART_SendBreak
<LI><a href="#[288]">&gt;&gt;</a>&nbsp;&nbsp;&nbsp;USART_SendData
<LI><a href="#[287]">&gt;&gt;</a>&nbsp;&nbsp;&nbsp;USART_LINCmd
<LI><a href="#[286]">&gt;&gt;</a>&nbsp;&nbsp;&nbsp;USART_LINBreakDetectLengthConfig
<LI><a href="#[285]">&gt;&gt;</a>&nbsp;&nbsp;&nbsp;USART_ReceiverWakeUpCmd
<LI><a href="#[284]">&gt;&gt;</a>&nbsp;&nbsp;&nbsp;USART_WakeUpConfig
<LI><a href="#[283]">&gt;&gt;</a>&nbsp;&nbsp;&nbsp;USART_SetAddress
<LI><a href="#[282]">&gt;&gt;</a>&nbsp;&nbsp;&nbsp;USART_ClockInit
<LI><a href="#[281]">&gt;&gt;</a>&nbsp;&nbsp;&nbsp;USART_DeInit
<LI><a href="#[280]">&gt;&gt;</a>&nbsp;&nbsp;&nbsp;GPIO_ETH_MediaInterfaceConfig
<LI><a href="#[27f]">&gt;&gt;</a>&nbsp;&nbsp;&nbsp;GPIO_EventOutputCmd
<LI><a href="#[27e]">&gt;&gt;</a>&nbsp;&nbsp;&nbsp;GPIO_EventOutputConfig
<LI><a href="#[27d]">&gt;&gt;</a>&nbsp;&nbsp;&nbsp;GPIO_PinLockConfig
<LI><a href="#[27c]">&gt;&gt;</a>&nbsp;&nbsp;&nbsp;GPIO_Write
<LI><a href="#[27b]">&gt;&gt;</a>&nbsp;&nbsp;&nbsp;GPIO_WriteBit
<LI><a href="#[27a]">&gt;&gt;</a>&nbsp;&nbsp;&nbsp;GPIO_ReadOutputData
<LI><a href="#[279]">&gt;&gt;</a>&nbsp;&nbsp;&nbsp;GPIO_ReadOutputDataBit
<LI><a href="#[278]">&gt;&gt;</a>&nbsp;&nbsp;&nbsp;GPIO_ReadInputData
<LI><a href="#[277]">&gt;&gt;</a>&nbsp;&nbsp;&nbsp;GPIO_ReadInputDataBit
<LI><a href="#[275]">&gt;&gt;</a>&nbsp;&nbsp;&nbsp;GPIO_DeInit
<LI><a href="#[274]">&gt;&gt;</a>&nbsp;&nbsp;&nbsp;SDIO_SendCEATACmd
<LI><a href="#[273]">&gt;&gt;</a>&nbsp;&nbsp;&nbsp;SDIO_CEATAITCmd
<LI><a href="#[272]">&gt;&gt;</a>&nbsp;&nbsp;&nbsp;SDIO_CommandCompletionCmd
<LI><a href="#[271]">&gt;&gt;</a>&nbsp;&nbsp;&nbsp;SDIO_SendSDIOSuspendCmd
<LI><a href="#[270]">&gt;&gt;</a>&nbsp;&nbsp;&nbsp;SDIO_SetSDIOOperation
<LI><a href="#[26f]">&gt;&gt;</a>&nbsp;&nbsp;&nbsp;SDIO_SetSDIOReadWaitMode
<LI><a href="#[26e]">&gt;&gt;</a>&nbsp;&nbsp;&nbsp;SDIO_StopSDIOReadWait
<LI><a href="#[26d]">&gt;&gt;</a>&nbsp;&nbsp;&nbsp;SDIO_StartSDIOReadWait
<LI><a href="#[26c]">&gt;&gt;</a>&nbsp;&nbsp;&nbsp;SPI_I2S_ClearITPendingBit
<LI><a href="#[26b]">&gt;&gt;</a>&nbsp;&nbsp;&nbsp;SPI_I2S_GetITStatus
<LI><a href="#[26a]">&gt;&gt;</a>&nbsp;&nbsp;&nbsp;SPI_I2S_ClearFlag
<LI><a href="#[269]">&gt;&gt;</a>&nbsp;&nbsp;&nbsp;SPI_BiDirectionalLineConfig
<LI><a href="#[268]">&gt;&gt;</a>&nbsp;&nbsp;&nbsp;SPI_GetCRCPolynomial
<LI><a href="#[267]">&gt;&gt;</a>&nbsp;&nbsp;&nbsp;SPI_GetCRC
<LI><a href="#[266]">&gt;&gt;</a>&nbsp;&nbsp;&nbsp;SPI_TransmitCRC
<LI><a href="#[265]">&gt;&gt;</a>&nbsp;&nbsp;&nbsp;SPI_DataSizeConfig
<LI><a href="#[264]">&gt;&gt;</a>&nbsp;&nbsp;&nbsp;SPI_SSOutputCmd
<LI><a href="#[263]">&gt;&gt;</a>&nbsp;&nbsp;&nbsp;SPI_NSSInternalSoftwareConfig
<LI><a href="#[262]">&gt;&gt;</a>&nbsp;&nbsp;&nbsp;SPI_I2S_DMACmd
<LI><a href="#[261]">&gt;&gt;</a>&nbsp;&nbsp;&nbsp;SPI_I2S_ITConfig
<LI><a href="#[260]">&gt;&gt;</a>&nbsp;&nbsp;&nbsp;I2S_Cmd
<LI><a href="#[25e]">&gt;&gt;</a>&nbsp;&nbsp;&nbsp;I2S_Init
<LI><a href="#[25d]">&gt;&gt;</a>&nbsp;&nbsp;&nbsp;TIM_ClearITPendingBit
<LI><a href="#[25c]">&gt;&gt;</a>&nbsp;&nbsp;&nbsp;TIM_GetITStatus
<LI><a href="#[25b]">&gt;&gt;</a>&nbsp;&nbsp;&nbsp;TIM_ClearFlag
<LI><a href="#[25a]">&gt;&gt;</a>&nbsp;&nbsp;&nbsp;TIM_GetFlagStatus
<LI><a href="#[259]">&gt;&gt;</a>&nbsp;&nbsp;&nbsp;TIM_GetPrescaler
<LI><a href="#[258]">&gt;&gt;</a>&nbsp;&nbsp;&nbsp;TIM_GetCounter
<LI><a href="#[257]">&gt;&gt;</a>&nbsp;&nbsp;&nbsp;TIM_GetCapture4
<LI><a href="#[256]">&gt;&gt;</a>&nbsp;&nbsp;&nbsp;TIM_GetCapture3
<LI><a href="#[255]">&gt;&gt;</a>&nbsp;&nbsp;&nbsp;TIM_GetCapture2
<LI><a href="#[254]">&gt;&gt;</a>&nbsp;&nbsp;&nbsp;TIM_GetCapture1
<LI><a href="#[253]">&gt;&gt;</a>&nbsp;&nbsp;&nbsp;TIM_SetClockDivision
<LI><a href="#[252]">&gt;&gt;</a>&nbsp;&nbsp;&nbsp;TIM_SetCompare4
<LI><a href="#[251]">&gt;&gt;</a>&nbsp;&nbsp;&nbsp;TIM_SetCompare3
<LI><a href="#[250]">&gt;&gt;</a>&nbsp;&nbsp;&nbsp;TIM_SetAutoreload
<LI><a href="#[24f]">&gt;&gt;</a>&nbsp;&nbsp;&nbsp;TIM_SetCounter
<LI><a href="#[24e]">&gt;&gt;</a>&nbsp;&nbsp;&nbsp;TIM_SelectMasterSlaveMode
<LI><a href="#[24d]">&gt;&gt;</a>&nbsp;&nbsp;&nbsp;TIM_SelectSlaveMode
<LI><a href="#[24c]">&gt;&gt;</a>&nbsp;&nbsp;&nbsp;TIM_SelectOutputTrigger
<LI><a href="#[24b]">&gt;&gt;</a>&nbsp;&nbsp;&nbsp;TIM_SelectOnePulseMode
<LI><a href="#[24a]">&gt;&gt;</a>&nbsp;&nbsp;&nbsp;TIM_SelectHallSensor
<LI><a href="#[249]">&gt;&gt;</a>&nbsp;&nbsp;&nbsp;TIM_UpdateRequestConfig
<LI><a href="#[248]">&gt;&gt;</a>&nbsp;&nbsp;&nbsp;TIM_UpdateDisableConfig
<LI><a href="#[247]">&gt;&gt;</a>&nbsp;&nbsp;&nbsp;TIM_SelectOCxM
<LI><a href="#[246]">&gt;&gt;</a>&nbsp;&nbsp;&nbsp;TIM_CCxNCmd
<LI><a href="#[245]">&gt;&gt;</a>&nbsp;&nbsp;&nbsp;TIM_CCxCmd
<LI><a href="#[244]">&gt;&gt;</a>&nbsp;&nbsp;&nbsp;TIM_OC4PolarityConfig
<LI><a href="#[243]">&gt;&gt;</a>&nbsp;&nbsp;&nbsp;TIM_OC3NPolarityConfig
<LI><a href="#[242]">&gt;&gt;</a>&nbsp;&nbsp;&nbsp;TIM_OC3PolarityConfig
<LI><a href="#[241]">&gt;&gt;</a>&nbsp;&nbsp;&nbsp;TIM_OC2NPolarityConfig
<LI><a href="#[240]">&gt;&gt;</a>&nbsp;&nbsp;&nbsp;TIM_OC2PolarityConfig
<LI><a href="#[23f]">&gt;&gt;</a>&nbsp;&nbsp;&nbsp;TIM_OC1NPolarityConfig
<LI><a href="#[23e]">&gt;&gt;</a>&nbsp;&nbsp;&nbsp;TIM_OC1PolarityConfig
<LI><a href="#[23d]">&gt;&gt;</a>&nbsp;&nbsp;&nbsp;TIM_ClearOC4Ref
<LI><a href="#[23c]">&gt;&gt;</a>&nbsp;&nbsp;&nbsp;TIM_ClearOC3Ref
<LI><a href="#[23b]">&gt;&gt;</a>&nbsp;&nbsp;&nbsp;TIM_ClearOC2Ref
<LI><a href="#[23a]">&gt;&gt;</a>&nbsp;&nbsp;&nbsp;TIM_ClearOC1Ref
<LI><a href="#[239]">&gt;&gt;</a>&nbsp;&nbsp;&nbsp;TIM_OC4FastConfig
<LI><a href="#[238]">&gt;&gt;</a>&nbsp;&nbsp;&nbsp;TIM_OC3FastConfig
<LI><a href="#[237]">&gt;&gt;</a>&nbsp;&nbsp;&nbsp;TIM_OC2FastConfig
<LI><a href="#[236]">&gt;&gt;</a>&nbsp;&nbsp;&nbsp;TIM_OC1FastConfig
<LI><a href="#[235]">&gt;&gt;</a>&nbsp;&nbsp;&nbsp;TIM_OC4PreloadConfig
<LI><a href="#[234]">&gt;&gt;</a>&nbsp;&nbsp;&nbsp;TIM_OC3PreloadConfig
<LI><a href="#[233]">&gt;&gt;</a>&nbsp;&nbsp;&nbsp;TIM_CCPreloadControl
<LI><a href="#[232]">&gt;&gt;</a>&nbsp;&nbsp;&nbsp;TIM_SelectCCDMA
<LI><a href="#[231]">&gt;&gt;</a>&nbsp;&nbsp;&nbsp;TIM_SelectCOM
<LI><a href="#[230]">&gt;&gt;</a>&nbsp;&nbsp;&nbsp;TIM_ARRPreloadConfig
<LI><a href="#[22f]">&gt;&gt;</a>&nbsp;&nbsp;&nbsp;TIM_ForcedOC4Config
<LI><a href="#[22e]">&gt;&gt;</a>&nbsp;&nbsp;&nbsp;TIM_ForcedOC3Config
<LI><a href="#[22d]">&gt;&gt;</a>&nbsp;&nbsp;&nbsp;TIM_ForcedOC2Config
<LI><a href="#[22c]">&gt;&gt;</a>&nbsp;&nbsp;&nbsp;TIM_ForcedOC1Config
<LI><a href="#[22b]">&gt;&gt;</a>&nbsp;&nbsp;&nbsp;TIM_EncoderInterfaceConfig
<LI><a href="#[22a]">&gt;&gt;</a>&nbsp;&nbsp;&nbsp;TIM_CounterModeConfig
<LI><a href="#[229]">&gt;&gt;</a>&nbsp;&nbsp;&nbsp;TIM_PrescalerConfig
<LI><a href="#[228]">&gt;&gt;</a>&nbsp;&nbsp;&nbsp;TIM_ETRClockMode2Config
<LI><a href="#[227]">&gt;&gt;</a>&nbsp;&nbsp;&nbsp;TIM_ETRClockMode1Config
<LI><a href="#[226]">&gt;&gt;</a>&nbsp;&nbsp;&nbsp;TIM_ETRConfig
<LI><a href="#[225]">&gt;&gt;</a>&nbsp;&nbsp;&nbsp;TIM_TIxExternalClockConfig
<LI><a href="#[224]">&gt;&gt;</a>&nbsp;&nbsp;&nbsp;TIM_ITRxExternalClockConfig
<LI><a href="#[223]">&gt;&gt;</a>&nbsp;&nbsp;&nbsp;TIM_SelectInputTrigger
<LI><a href="#[222]">&gt;&gt;</a>&nbsp;&nbsp;&nbsp;TIM_InternalClockConfig
<LI><a href="#[221]">&gt;&gt;</a>&nbsp;&nbsp;&nbsp;TIM_DMACmd
<LI><a href="#[220]">&gt;&gt;</a>&nbsp;&nbsp;&nbsp;TIM_DMAConfig
<LI><a href="#[21f]">&gt;&gt;</a>&nbsp;&nbsp;&nbsp;TIM_GenerateEvent
<LI><a href="#[21e]">&gt;&gt;</a>&nbsp;&nbsp;&nbsp;TIM_ITConfig
<LI><a href="#[21d]">&gt;&gt;</a>&nbsp;&nbsp;&nbsp;TIM_CtrlPWMOutputs
<LI><a href="#[21c]">&gt;&gt;</a>&nbsp;&nbsp;&nbsp;TIM_BDTRConfig
<LI><a href="#[21b]">&gt;&gt;</a>&nbsp;&nbsp;&nbsp;TIM_PWMIConfig
<LI><a href="#[216]">&gt;&gt;</a>&nbsp;&nbsp;&nbsp;TIM_ICInit
<LI><a href="#[215]">&gt;&gt;</a>&nbsp;&nbsp;&nbsp;TIM_SetIC1Prescaler
<LI><a href="#[214]">&gt;&gt;</a>&nbsp;&nbsp;&nbsp;TIM_SetIC2Prescaler
<LI><a href="#[213]">&gt;&gt;</a>&nbsp;&nbsp;&nbsp;TIM_SetIC3Prescaler
<LI><a href="#[212]">&gt;&gt;</a>&nbsp;&nbsp;&nbsp;TIM_SetIC4Prescaler
<LI><a href="#[211]">&gt;&gt;</a>&nbsp;&nbsp;&nbsp;TIM_OC4Init
<LI><a href="#[210]">&gt;&gt;</a>&nbsp;&nbsp;&nbsp;TIM_OC3Init
<LI><a href="#[20f]">&gt;&gt;</a>&nbsp;&nbsp;&nbsp;TIM_DeInit
<LI><a href="#[20e]">&gt;&gt;</a>&nbsp;&nbsp;&nbsp;FSMC_ClearITPendingBit
<LI><a href="#[20d]">&gt;&gt;</a>&nbsp;&nbsp;&nbsp;FSMC_GetITStatus
<LI><a href="#[20c]">&gt;&gt;</a>&nbsp;&nbsp;&nbsp;FSMC_ClearFlag
<LI><a href="#[20b]">&gt;&gt;</a>&nbsp;&nbsp;&nbsp;FSMC_GetFlagStatus
<LI><a href="#[20a]">&gt;&gt;</a>&nbsp;&nbsp;&nbsp;FSMC_ITConfig
<LI><a href="#[209]">&gt;&gt;</a>&nbsp;&nbsp;&nbsp;FSMC_NANDECCCmd
<LI><a href="#[208]">&gt;&gt;</a>&nbsp;&nbsp;&nbsp;FSMC_PCCARDCmd
<LI><a href="#[207]">&gt;&gt;</a>&nbsp;&nbsp;&nbsp;FSMC_NANDCmd
<LI><a href="#[206]">&gt;&gt;</a>&nbsp;&nbsp;&nbsp;FSMC_PCCARDInit
<LI><a href="#[205]">&gt;&gt;</a>&nbsp;&nbsp;&nbsp;FSMC_NANDInit
<LI><a href="#[204]">&gt;&gt;</a>&nbsp;&nbsp;&nbsp;FSMC_NANDDeInit
<LI><a href="#[203]">&gt;&gt;</a>&nbsp;&nbsp;&nbsp;FSMC_NORSRAMDeInit
</UL>

<P><STRONG><a name="[f4]"></a>rtthread_startup</STRONG> (Thumb, 50 bytes, Stack size 8 bytes, startup.o(.text))
<BR><BR>[Stack]<UL><LI>Max Depth = 448<LI>Call Chain = rtthread_startup &rArr; rt_application_init &rArr; rt_thread_create &rArr; rt_object_allocate &rArr; rt_malloc &rArr; rt_sem_take &rArr; rt_schedule &rArr; _rt_scheduler_stack_check &rArr; list_thread &rArr; _list_thread &rArr; object_split &rArr; rt_kprintf &rArr; rt_vsnprintf &rArr; print_number
</UL>
<BR>[Calls]<UL><LI><a href="#[fc]">&gt;&gt;</a>&nbsp;&nbsp;&nbsp;rt_thread_idle_init
<LI><a href="#[fb]">&gt;&gt;</a>&nbsp;&nbsp;&nbsp;rt_system_timer_thread_init
<LI><a href="#[fa]">&gt;&gt;</a>&nbsp;&nbsp;&nbsp;rt_system_timer_init
<LI><a href="#[fd]">&gt;&gt;</a>&nbsp;&nbsp;&nbsp;rt_system_scheduler_start
<LI><a href="#[f9]">&gt;&gt;</a>&nbsp;&nbsp;&nbsp;rt_system_scheduler_init
<LI><a href="#[f8]">&gt;&gt;</a>&nbsp;&nbsp;&nbsp;rt_system_heap_init
<LI><a href="#[f6]">&gt;&gt;</a>&nbsp;&nbsp;&nbsp;rt_show_version
<LI><a href="#[f7]">&gt;&gt;</a>&nbsp;&nbsp;&nbsp;rt_hw_sram_init
<LI><a href="#[f5]">&gt;&gt;</a>&nbsp;&nbsp;&nbsp;rt_hw_board_init
<LI><a href="#[d5]">&gt;&gt;</a>&nbsp;&nbsp;&nbsp;rt_application_init
</UL>
<BR>[Called By]<UL><LI><a href="#[49]">&gt;&gt;</a>&nbsp;&nbsp;&nbsp;main
</UL>

<P><STRONG><a name="[49]"></a>main</STRONG> (Thumb, 14 bytes, Stack size 8 bytes, startup.o(.text))
<BR><BR>[Stack]<UL><LI>Max Depth = 456<LI>Call Chain = main &rArr; rtthread_startup &rArr; rt_application_init &rArr; rt_thread_create &rArr; rt_object_allocate &rArr; rt_malloc &rArr; rt_sem_take &rArr; rt_schedule &rArr; _rt_scheduler_stack_check &rArr; list_thread &rArr; _list_thread &rArr; object_split &rArr; rt_kprintf &rArr; rt_vsnprintf &rArr; print_number
</UL>
<BR>[Calls]<UL><LI><a href="#[fe]">&gt;&gt;</a>&nbsp;&nbsp;&nbsp;rt_hw_interrupt_disable
<LI><a href="#[f4]">&gt;&gt;</a>&nbsp;&nbsp;&nbsp;rtthread_startup
</UL>
<BR>[Address Reference Count : 1]<UL><LI> entry9a.o(.ARM.Collect$$$$0000000B)
</UL>
<P><STRONG><a name="[4d]"></a>user_check_thread_entry</STRONG> (Thumb, 728 bytes, Stack size 24 bytes, user_check_thread.o(.text))
<BR><BR>[Stack]<UL><LI>Max Depth = 504<LI>Call Chain = user_check_thread_entry &rArr; get_set_state &rArr; open &rArr; dfs_file_open &rArr; dfs_normalize_path &rArr; rt_strdup &rArr; rt_malloc &rArr; rt_sem_take &rArr; rt_schedule &rArr; _rt_scheduler_stack_check &rArr; list_thread &rArr; _list_thread &rArr; object_split &rArr; rt_kprintf &rArr; rt_vsnprintf &rArr; print_number
</UL>
<BR>[Calls]<UL><LI><a href="#[ff]">&gt;&gt;</a>&nbsp;&nbsp;&nbsp;rt_event_recv
<LI><a href="#[b7]">&gt;&gt;</a>&nbsp;&nbsp;&nbsp;open_door
<LI><a href="#[eb]">&gt;&gt;</a>&nbsp;&nbsp;&nbsp;get_set_state
<LI><a href="#[e9]">&gt;&gt;</a>&nbsp;&nbsp;&nbsp;add_del_get_one_user
<LI><a href="#[e8]">&gt;&gt;</a>&nbsp;&nbsp;&nbsp;get_set_user_num_max
<LI><a href="#[e7]">&gt;&gt;</a>&nbsp;&nbsp;&nbsp;get_set_user_num
<LI><a href="#[100]">&gt;&gt;</a>&nbsp;&nbsp;&nbsp;bin_search
<LI><a href="#[d2]">&gt;&gt;</a>&nbsp;&nbsp;&nbsp;rt_kprintf
</UL>
<BR>[Address Reference Count : 1]<UL><LI> main.o(.text)
</UL>
<P><STRONG><a name="[4e]"></a>wifi_thread_entry</STRONG> (Thumb, 26 bytes, Stack size 0 bytes, wifi_thread.o(.text))
<BR><BR>[Stack]<UL><LI>Max Depth = 408<LI>Call Chain = wifi_thread_entry &rArr; WriteTest &rArr; esp8266_spi_transmit &rArr; rt_spi_transfer_message &rArr; rt_mutex_release &rArr; rt_thread_control &rArr; rt_thread_startup &rArr; rt_schedule &rArr; _rt_scheduler_stack_check &rArr; list_thread &rArr; _list_thread &rArr; object_split &rArr; rt_kprintf &rArr; rt_vsnprintf &rArr; print_number
</UL>
<BR>[Calls]<UL><LI><a href="#[101]">&gt;&gt;</a>&nbsp;&nbsp;&nbsp;init_esp8266
<LI><a href="#[102]">&gt;&gt;</a>&nbsp;&nbsp;&nbsp;WriteTest
<LI><a href="#[dd]">&gt;&gt;</a>&nbsp;&nbsp;&nbsp;rt_tick_from_millisecond
<LI><a href="#[de]">&gt;&gt;</a>&nbsp;&nbsp;&nbsp;rt_thread_delay
</UL>
<BR>[Address Reference Count : 1]<UL><LI> main.o(.text)
</UL>
<P><STRONG><a name="[103]"></a>NVIC_Configuration</STRONG> (Thumb, 14 bytes, Stack size 8 bytes, board.o(.text))
<BR><BR>[Stack]<UL><LI>Max Depth = 200<LI>Call Chain = NVIC_Configuration &rArr; NVIC_SetVectorTable &rArr; assert_failed &rArr; rt_kprintf &rArr; rt_vsnprintf &rArr; print_number
</UL>
<BR>[Calls]<UL><LI><a href="#[104]">&gt;&gt;</a>&nbsp;&nbsp;&nbsp;NVIC_SetVectorTable
</UL>
<BR>[Called By]<UL><LI><a href="#[f5]">&gt;&gt;</a>&nbsp;&nbsp;&nbsp;rt_hw_board_init
</UL>

<P><STRONG><a name="[105]"></a>EXT_SRAM_Configuration</STRONG> (Thumb, 302 bytes, Stack size 96 bytes, board.o(.text))
<BR><BR>[Stack]<UL><LI>Max Depth = 312<LI>Call Chain = EXT_SRAM_Configuration &rArr; GPIO_Init &rArr; assert_failed &rArr; rt_kprintf &rArr; rt_vsnprintf &rArr; print_number
</UL>
<BR>[Calls]<UL><LI><a href="#[106]">&gt;&gt;</a>&nbsp;&nbsp;&nbsp;RCC_APB2PeriphClockCmd
<LI><a href="#[107]">&gt;&gt;</a>&nbsp;&nbsp;&nbsp;RCC_AHBPeriphClockCmd
<LI><a href="#[108]">&gt;&gt;</a>&nbsp;&nbsp;&nbsp;GPIO_Init
<LI><a href="#[109]">&gt;&gt;</a>&nbsp;&nbsp;&nbsp;FSMC_NORSRAMInit
<LI><a href="#[10a]">&gt;&gt;</a>&nbsp;&nbsp;&nbsp;FSMC_NORSRAMCmd
</UL>
<BR>[Called By]<UL><LI><a href="#[f5]">&gt;&gt;</a>&nbsp;&nbsp;&nbsp;rt_hw_board_init
</UL>

<P><STRONG><a name="[c]"></a>SysTick_Handler</STRONG> (Thumb, 16 bytes, Stack size 8 bytes, board.o(.text))
<BR><BR>[Stack]<UL><LI>Max Depth = 304<LI>Call Chain = SysTick_Handler &rArr; rt_tick_increase &rArr; rt_thread_yield &rArr; rt_schedule &rArr; _rt_scheduler_stack_check &rArr; list_thread &rArr; _list_thread &rArr; object_split &rArr; rt_kprintf &rArr; rt_vsnprintf &rArr; print_number
</UL>
<BR>[Calls]<UL><LI><a href="#[10c]">&gt;&gt;</a>&nbsp;&nbsp;&nbsp;rt_tick_increase
<LI><a href="#[10d]">&gt;&gt;</a>&nbsp;&nbsp;&nbsp;rt_interrupt_leave
<LI><a href="#[10b]">&gt;&gt;</a>&nbsp;&nbsp;&nbsp;rt_interrupt_enter
</UL>
<BR>[Address Reference Count : 1]<UL><LI> startup_stm32f10x_hd.o(RESET)
</UL>
<P><STRONG><a name="[f5]"></a>rt_hw_board_init</STRONG> (Thumb, 104 bytes, Stack size 16 bytes, board.o(.text))
<BR><BR>[Stack]<UL><LI>Max Depth = 328<LI>Call Chain = rt_hw_board_init &rArr; EXT_SRAM_Configuration &rArr; GPIO_Init &rArr; assert_failed &rArr; rt_kprintf &rArr; rt_vsnprintf &rArr; print_number
</UL>
<BR>[Calls]<UL><LI><a href="#[10e]">&gt;&gt;</a>&nbsp;&nbsp;&nbsp;rt_hw_usart_init
<LI><a href="#[10f]">&gt;&gt;</a>&nbsp;&nbsp;&nbsp;rt_console_set_device
<LI><a href="#[110]">&gt;&gt;</a>&nbsp;&nbsp;&nbsp;rt_components_board_init
<LI><a href="#[105]">&gt;&gt;</a>&nbsp;&nbsp;&nbsp;EXT_SRAM_Configuration
<LI><a href="#[103]">&gt;&gt;</a>&nbsp;&nbsp;&nbsp;NVIC_Configuration
</UL>
<BR>[Called By]<UL><LI><a href="#[f4]">&gt;&gt;</a>&nbsp;&nbsp;&nbsp;rtthread_startup
</UL>

<P><STRONG><a name="[4]"></a>NMI_Handler</STRONG> (Thumb, 2 bytes, Stack size 0 bytes, stm32f10x_it.o(.text))
<BR>[Address Reference Count : 1]<UL><LI> startup_stm32f10x_hd.o(RESET)
</UL>
<P><STRONG><a name="[6]"></a>MemManage_Handler</STRONG> (Thumb, 4 bytes, Stack size 0 bytes, stm32f10x_it.o(.text))
<BR>[Address Reference Count : 1]<UL><LI> startup_stm32f10x_hd.o(RESET)
</UL>
<P><STRONG><a name="[7]"></a>BusFault_Handler</STRONG> (Thumb, 4 bytes, Stack size 0 bytes, stm32f10x_it.o(.text))
<BR>[Address Reference Count : 1]<UL><LI> startup_stm32f10x_hd.o(RESET)
</UL>
<P><STRONG><a name="[8]"></a>UsageFault_Handler</STRONG> (Thumb, 4 bytes, Stack size 0 bytes, stm32f10x_it.o(.text))
<BR>[Address Reference Count : 1]<UL><LI> startup_stm32f10x_hd.o(RESET)
</UL>
<P><STRONG><a name="[9]"></a>SVC_Handler</STRONG> (Thumb, 2 bytes, Stack size 0 bytes, stm32f10x_it.o(.text))
<BR>[Address Reference Count : 1]<UL><LI> startup_stm32f10x_hd.o(RESET)
</UL>
<P><STRONG><a name="[a]"></a>DebugMon_Handler</STRONG> (Thumb, 2 bytes, Stack size 0 bytes, stm32f10x_it.o(.text))
<BR>[Address Reference Count : 1]<UL><LI> startup_stm32f10x_hd.o(RESET)
</UL>
<P><STRONG><a name="[111]"></a>rt_hw_led_init</STRONG> (Thumb, 52 bytes, Stack size 8 bytes, led.o(.text))
<BR><BR>[Stack]<UL><LI>Max Depth = 224<LI>Call Chain = rt_hw_led_init &rArr; GPIO_Init &rArr; assert_failed &rArr; rt_kprintf &rArr; rt_vsnprintf &rArr; print_number
</UL>
<BR>[Calls]<UL><LI><a href="#[106]">&gt;&gt;</a>&nbsp;&nbsp;&nbsp;RCC_APB2PeriphClockCmd
<LI><a href="#[108]">&gt;&gt;</a>&nbsp;&nbsp;&nbsp;GPIO_Init
</UL>
<BR>[Called By]<UL><LI><a href="#[b6]">&gt;&gt;</a>&nbsp;&nbsp;&nbsp;led
</UL>

<P><STRONG><a name="[112]"></a>rt_hw_led_on</STRONG> (Thumb, 38 bytes, Stack size 8 bytes, led.o(.text))
<BR><BR>[Stack]<UL><LI>Max Depth = 200<LI>Call Chain = rt_hw_led_on &rArr; GPIO_SetBits &rArr; assert_failed &rArr; rt_kprintf &rArr; rt_vsnprintf &rArr; print_number
</UL>
<BR>[Calls]<UL><LI><a href="#[113]">&gt;&gt;</a>&nbsp;&nbsp;&nbsp;GPIO_SetBits
</UL>
<BR>[Called By]<UL><LI><a href="#[b6]">&gt;&gt;</a>&nbsp;&nbsp;&nbsp;led
</UL>

<P><STRONG><a name="[114]"></a>rt_hw_led_off</STRONG> (Thumb, 38 bytes, Stack size 8 bytes, led.o(.text))
<BR><BR>[Stack]<UL><LI>Max Depth = 200<LI>Call Chain = rt_hw_led_off &rArr; GPIO_ResetBits &rArr; assert_failed &rArr; rt_kprintf &rArr; rt_vsnprintf &rArr; print_number
</UL>
<BR>[Calls]<UL><LI><a href="#[115]">&gt;&gt;</a>&nbsp;&nbsp;&nbsp;GPIO_ResetBits
</UL>
<BR>[Called By]<UL><LI><a href="#[b6]">&gt;&gt;</a>&nbsp;&nbsp;&nbsp;led
</UL>

<P><STRONG><a name="[b6]"></a>led</STRONG> (Thumb, 86 bytes, Stack size 16 bytes, led.o(.text))
<BR><BR>[Stack]<UL><LI>Max Depth = 240<LI>Call Chain = led &rArr; rt_hw_led_init &rArr; GPIO_Init &rArr; assert_failed &rArr; rt_kprintf &rArr; rt_vsnprintf &rArr; print_number
</UL>
<BR>[Calls]<UL><LI><a href="#[114]">&gt;&gt;</a>&nbsp;&nbsp;&nbsp;rt_hw_led_off
<LI><a href="#[112]">&gt;&gt;</a>&nbsp;&nbsp;&nbsp;rt_hw_led_on
<LI><a href="#[111]">&gt;&gt;</a>&nbsp;&nbsp;&nbsp;rt_hw_led_init
</UL>
<BR>[Address Reference Count : 1]<UL><LI> led.o(FSymTab)
</UL>
<P><STRONG><a name="[32]"></a>USART1_IRQHandler</STRONG> (Thumb, 18 bytes, Stack size 8 bytes, usart.o(.text))
<BR><BR>[Stack]<UL><LI>Max Depth = 416<LI>Call Chain = USART1_IRQHandler &rArr; uart_isr &rArr; dma_uart_rx_idle_isr &rArr; rt_hw_serial_isr &rArr; rt_data_queue_pop &rArr; rt_schedule &rArr; _rt_scheduler_stack_check &rArr; list_thread &rArr; _list_thread &rArr; object_split &rArr; rt_kprintf &rArr; rt_vsnprintf &rArr; print_number
</UL>
<BR>[Calls]<UL><LI><a href="#[128]">&gt;&gt;</a>&nbsp;&nbsp;&nbsp;uart_isr
<LI><a href="#[10d]">&gt;&gt;</a>&nbsp;&nbsp;&nbsp;rt_interrupt_leave
<LI><a href="#[10b]">&gt;&gt;</a>&nbsp;&nbsp;&nbsp;rt_interrupt_enter
</UL>
<BR>[Address Reference Count : 1]<UL><LI> startup_stm32f10x_hd.o(RESET)
</UL>
<P><STRONG><a name="[1c]"></a>DMA1_Channel5_IRQHandler</STRONG> (Thumb, 18 bytes, Stack size 8 bytes, usart.o(.text))
<BR><BR>[Stack]<UL><LI>Max Depth = 400<LI>Call Chain = DMA1_Channel5_IRQHandler &rArr; dma_rx_done_isr &rArr; rt_hw_serial_isr &rArr; rt_data_queue_pop &rArr; rt_schedule &rArr; _rt_scheduler_stack_check &rArr; list_thread &rArr; _list_thread &rArr; object_split &rArr; rt_kprintf &rArr; rt_vsnprintf &rArr; print_number
</UL>
<BR>[Calls]<UL><LI><a href="#[126]">&gt;&gt;</a>&nbsp;&nbsp;&nbsp;dma_rx_done_isr
<LI><a href="#[10d]">&gt;&gt;</a>&nbsp;&nbsp;&nbsp;rt_interrupt_leave
<LI><a href="#[10b]">&gt;&gt;</a>&nbsp;&nbsp;&nbsp;rt_interrupt_enter
</UL>
<BR>[Address Reference Count : 1]<UL><LI> startup_stm32f10x_hd.o(RESET)
</UL>
<P><STRONG><a name="[33]"></a>USART2_IRQHandler</STRONG> (Thumb, 18 bytes, Stack size 8 bytes, usart.o(.text))
<BR><BR>[Stack]<UL><LI>Max Depth = 416<LI>Call Chain = USART2_IRQHandler &rArr; uart_isr &rArr; dma_uart_rx_idle_isr &rArr; rt_hw_serial_isr &rArr; rt_data_queue_pop &rArr; rt_schedule &rArr; _rt_scheduler_stack_check &rArr; list_thread &rArr; _list_thread &rArr; object_split &rArr; rt_kprintf &rArr; rt_vsnprintf &rArr; print_number
</UL>
<BR>[Calls]<UL><LI><a href="#[128]">&gt;&gt;</a>&nbsp;&nbsp;&nbsp;uart_isr
<LI><a href="#[10d]">&gt;&gt;</a>&nbsp;&nbsp;&nbsp;rt_interrupt_leave
<LI><a href="#[10b]">&gt;&gt;</a>&nbsp;&nbsp;&nbsp;rt_interrupt_enter
</UL>
<BR>[Address Reference Count : 1]<UL><LI> startup_stm32f10x_hd.o(RESET)
</UL>
<P><STRONG><a name="[1d]"></a>DMA1_Channel6_IRQHandler</STRONG> (Thumb, 18 bytes, Stack size 8 bytes, usart.o(.text))
<BR><BR>[Stack]<UL><LI>Max Depth = 400<LI>Call Chain = DMA1_Channel6_IRQHandler &rArr; dma_rx_done_isr &rArr; rt_hw_serial_isr &rArr; rt_data_queue_pop &rArr; rt_schedule &rArr; _rt_scheduler_stack_check &rArr; list_thread &rArr; _list_thread &rArr; object_split &rArr; rt_kprintf &rArr; rt_vsnprintf &rArr; print_number
</UL>
<BR>[Calls]<UL><LI><a href="#[126]">&gt;&gt;</a>&nbsp;&nbsp;&nbsp;dma_rx_done_isr
<LI><a href="#[10d]">&gt;&gt;</a>&nbsp;&nbsp;&nbsp;rt_interrupt_leave
<LI><a href="#[10b]">&gt;&gt;</a>&nbsp;&nbsp;&nbsp;rt_interrupt_enter
</UL>
<BR>[Address Reference Count : 1]<UL><LI> startup_stm32f10x_hd.o(RESET)
</UL>
<P><STRONG><a name="[34]"></a>USART3_IRQHandler</STRONG> (Thumb, 18 bytes, Stack size 8 bytes, usart.o(.text))
<BR><BR>[Stack]<UL><LI>Max Depth = 416<LI>Call Chain = USART3_IRQHandler &rArr; uart_isr &rArr; dma_uart_rx_idle_isr &rArr; rt_hw_serial_isr &rArr; rt_data_queue_pop &rArr; rt_schedule &rArr; _rt_scheduler_stack_check &rArr; list_thread &rArr; _list_thread &rArr; object_split &rArr; rt_kprintf &rArr; rt_vsnprintf &rArr; print_number
</UL>
<BR>[Calls]<UL><LI><a href="#[128]">&gt;&gt;</a>&nbsp;&nbsp;&nbsp;uart_isr
<LI><a href="#[10d]">&gt;&gt;</a>&nbsp;&nbsp;&nbsp;rt_interrupt_leave
<LI><a href="#[10b]">&gt;&gt;</a>&nbsp;&nbsp;&nbsp;rt_interrupt_enter
</UL>
<BR>[Address Reference Count : 1]<UL><LI> startup_stm32f10x_hd.o(RESET)
</UL>
<P><STRONG><a name="[1a]"></a>DMA1_Channel3_IRQHandler</STRONG> (Thumb, 18 bytes, Stack size 8 bytes, usart.o(.text))
<BR><BR>[Stack]<UL><LI>Max Depth = 400<LI>Call Chain = DMA1_Channel3_IRQHandler &rArr; dma_rx_done_isr &rArr; rt_hw_serial_isr &rArr; rt_data_queue_pop &rArr; rt_schedule &rArr; _rt_scheduler_stack_check &rArr; list_thread &rArr; _list_thread &rArr; object_split &rArr; rt_kprintf &rArr; rt_vsnprintf &rArr; print_number
</UL>
<BR>[Calls]<UL><LI><a href="#[126]">&gt;&gt;</a>&nbsp;&nbsp;&nbsp;dma_rx_done_isr
<LI><a href="#[10d]">&gt;&gt;</a>&nbsp;&nbsp;&nbsp;rt_interrupt_leave
<LI><a href="#[10b]">&gt;&gt;</a>&nbsp;&nbsp;&nbsp;rt_interrupt_enter
</UL>
<BR>[Address Reference Count : 1]<UL><LI> startup_stm32f10x_hd.o(RESET)
</UL>
<P><STRONG><a name="[10e]"></a>rt_hw_usart_init</STRONG> (Thumb, 152 bytes, Stack size 16 bytes, usart.o(.text))
<BR><BR>[Stack]<UL><LI>Max Depth = 240<LI>Call Chain = rt_hw_usart_init &rArr; rt_hw_serial_register &rArr; rt_assert_handler &rArr; rt_kprintf &rArr; rt_vsnprintf &rArr; print_number
</UL>
<BR>[Calls]<UL><LI><a href="#[130]">&gt;&gt;</a>&nbsp;&nbsp;&nbsp;rt_hw_serial_register
<LI><a href="#[12f]">&gt;&gt;</a>&nbsp;&nbsp;&nbsp;NVIC_Configuration
<LI><a href="#[12e]">&gt;&gt;</a>&nbsp;&nbsp;&nbsp;GPIO_Configuration
<LI><a href="#[12c]">&gt;&gt;</a>&nbsp;&nbsp;&nbsp;RCC_Configuration
</UL>
<BR>[Called By]<UL><LI><a href="#[f5]">&gt;&gt;</a>&nbsp;&nbsp;&nbsp;rt_hw_board_init
</UL>

<P><STRONG><a name="[136]"></a>SD_InitializeCards</STRONG> (Thumb, 356 bytes, Stack size 16 bytes, sdcard.o(.text))
<BR><BR>[Stack]<UL><LI>Max Depth = 232<LI>Call Chain = SD_InitializeCards &rArr; CmdResp6Error &rArr; SDIO_GetResponse &rArr; assert_failed &rArr; rt_kprintf &rArr; rt_vsnprintf &rArr; print_number
</UL>
<BR>[Calls]<UL><LI><a href="#[133]">&gt;&gt;</a>&nbsp;&nbsp;&nbsp;CmdResp6Error
<LI><a href="#[131]">&gt;&gt;</a>&nbsp;&nbsp;&nbsp;CmdResp2Error
<LI><a href="#[138]">&gt;&gt;</a>&nbsp;&nbsp;&nbsp;SDIO_SendCommand
<LI><a href="#[135]">&gt;&gt;</a>&nbsp;&nbsp;&nbsp;SDIO_GetResponse
<LI><a href="#[137]">&gt;&gt;</a>&nbsp;&nbsp;&nbsp;SDIO_GetPowerState
</UL>
<BR>[Called By]<UL><LI><a href="#[143]">&gt;&gt;</a>&nbsp;&nbsp;&nbsp;SD_Init
</UL>

<P><STRONG><a name="[13e]"></a>SD_PowerON</STRONG> (Thumb, 504 bytes, Stack size 32 bytes, sdcard.o(.text))
<BR><BR>[Stack]<UL><LI>Max Depth = 248<LI>Call Chain = SD_PowerON &rArr; CmdResp1Error &rArr; SDIO_GetResponse &rArr; assert_failed &rArr; rt_kprintf &rArr; rt_vsnprintf &rArr; print_number
</UL>
<BR>[Calls]<UL><LI><a href="#[13c]">&gt;&gt;</a>&nbsp;&nbsp;&nbsp;CmdError
<LI><a href="#[13b]">&gt;&gt;</a>&nbsp;&nbsp;&nbsp;CmdResp7Error
<LI><a href="#[13a]">&gt;&gt;</a>&nbsp;&nbsp;&nbsp;CmdResp1Error
<LI><a href="#[139]">&gt;&gt;</a>&nbsp;&nbsp;&nbsp;CmdResp3Error
<LI><a href="#[140]">&gt;&gt;</a>&nbsp;&nbsp;&nbsp;SDIO_SetPowerState
<LI><a href="#[138]">&gt;&gt;</a>&nbsp;&nbsp;&nbsp;SDIO_SendCommand
<LI><a href="#[13f]">&gt;&gt;</a>&nbsp;&nbsp;&nbsp;SDIO_Init
<LI><a href="#[135]">&gt;&gt;</a>&nbsp;&nbsp;&nbsp;SDIO_GetResponse
<LI><a href="#[141]">&gt;&gt;</a>&nbsp;&nbsp;&nbsp;SDIO_ClockCmd
</UL>
<BR>[Called By]<UL><LI><a href="#[143]">&gt;&gt;</a>&nbsp;&nbsp;&nbsp;SD_Init
</UL>

<P><STRONG><a name="[143]"></a>SD_Init</STRONG> (Thumb, 88 bytes, Stack size 8 bytes, sdcard.o(.text))
<BR><BR>[Stack]<UL><LI>Max Depth = 256<LI>Call Chain = SD_Init &rArr; SD_PowerON &rArr; CmdResp1Error &rArr; SDIO_GetResponse &rArr; assert_failed &rArr; rt_kprintf &rArr; rt_vsnprintf &rArr; print_number
</UL>
<BR>[Calls]<UL><LI><a href="#[142]">&gt;&gt;</a>&nbsp;&nbsp;&nbsp;GPIO_Configuration
<LI><a href="#[107]">&gt;&gt;</a>&nbsp;&nbsp;&nbsp;RCC_AHBPeriphClockCmd
<LI><a href="#[13f]">&gt;&gt;</a>&nbsp;&nbsp;&nbsp;SDIO_Init
<LI><a href="#[144]">&gt;&gt;</a>&nbsp;&nbsp;&nbsp;SDIO_DeInit
<LI><a href="#[13e]">&gt;&gt;</a>&nbsp;&nbsp;&nbsp;SD_PowerON
<LI><a href="#[136]">&gt;&gt;</a>&nbsp;&nbsp;&nbsp;SD_InitializeCards
</UL>
<BR>[Called By]<UL><LI><a href="#[ae]">&gt;&gt;</a>&nbsp;&nbsp;&nbsp;rt_hw_sdcard_init
</UL>

<P><STRONG><a name="[145]"></a>SD_PowerOFF</STRONG> (Thumb, 14 bytes, Stack size 8 bytes, sdcard.o(.text), UNUSED)
<BR><BR>[Calls]<UL><LI><a href="#[140]">&gt;&gt;</a>&nbsp;&nbsp;&nbsp;SDIO_SetPowerState
</UL>

<P><STRONG><a name="[164]"></a>SD_GetCardInfo</STRONG> (Thumb, 738 bytes, Stack size 12 bytes, sdcard.o(.text))
<BR><BR>[Stack]<UL><LI>Max Depth = 12<LI>Call Chain = SD_GetCardInfo
</UL>
<BR>[Called By]<UL><LI><a href="#[ae]">&gt;&gt;</a>&nbsp;&nbsp;&nbsp;rt_hw_sdcard_init
</UL>

<P><STRONG><a name="[14a]"></a>SD_EnableWideBusOperation</STRONG> (Thumb, 144 bytes, Stack size 16 bytes, sdcard.o(.text))
<BR><BR>[Stack]<UL><LI>Max Depth = 288<LI>Call Chain = SD_EnableWideBusOperation &rArr; SDEnWideBus &rArr; FindSCR &rArr; CmdResp1Error &rArr; SDIO_GetResponse &rArr; assert_failed &rArr; rt_kprintf &rArr; rt_vsnprintf &rArr; print_number
</UL>
<BR>[Calls]<UL><LI><a href="#[149]">&gt;&gt;</a>&nbsp;&nbsp;&nbsp;SDEnWideBus
<LI><a href="#[13f]">&gt;&gt;</a>&nbsp;&nbsp;&nbsp;SDIO_Init
</UL>
<BR>[Called By]<UL><LI><a href="#[ae]">&gt;&gt;</a>&nbsp;&nbsp;&nbsp;rt_hw_sdcard_init
</UL>

<P><STRONG><a name="[165]"></a>SD_SetDeviceMode</STRONG> (Thumb, 24 bytes, Stack size 0 bytes, sdcard.o(.text))
<BR><BR>[Called By]<UL><LI><a href="#[ae]">&gt;&gt;</a>&nbsp;&nbsp;&nbsp;rt_hw_sdcard_init
</UL>

<P><STRONG><a name="[14b]"></a>SD_SelectDeselect</STRONG> (Thumb, 48 bytes, Stack size 16 bytes, sdcard.o(.text))
<BR><BR>[Stack]<UL><LI>Max Depth = 232<LI>Call Chain = SD_SelectDeselect &rArr; CmdResp1Error &rArr; SDIO_GetResponse &rArr; assert_failed &rArr; rt_kprintf &rArr; rt_vsnprintf &rArr; print_number
</UL>
<BR>[Calls]<UL><LI><a href="#[13a]">&gt;&gt;</a>&nbsp;&nbsp;&nbsp;CmdResp1Error
<LI><a href="#[138]">&gt;&gt;</a>&nbsp;&nbsp;&nbsp;SDIO_SendCommand
</UL>
<BR>[Called By]<UL><LI><a href="#[ae]">&gt;&gt;</a>&nbsp;&nbsp;&nbsp;rt_hw_sdcard_init
</UL>

<P><STRONG><a name="[14d]"></a>SD_ReadBlock</STRONG> (Thumb, 586 bytes, Stack size 40 bytes, sdcard.o(.text))
<BR><BR>[Stack]<UL><LI>Max Depth = 288<LI>Call Chain = SD_ReadBlock &rArr; DMA_RxConfiguration &rArr; DMA_Init &rArr; assert_failed &rArr; rt_kprintf &rArr; rt_vsnprintf &rArr; print_number
</UL>
<BR>[Calls]<UL><LI><a href="#[14f]">&gt;&gt;</a>&nbsp;&nbsp;&nbsp;convert_from_bytes_to_power_of_two
<LI><a href="#[14c]">&gt;&gt;</a>&nbsp;&nbsp;&nbsp;DMA_RxConfiguration
<LI><a href="#[13a]">&gt;&gt;</a>&nbsp;&nbsp;&nbsp;CmdResp1Error
<LI><a href="#[151]">&gt;&gt;</a>&nbsp;&nbsp;&nbsp;rt_tick_get
<LI><a href="#[138]">&gt;&gt;</a>&nbsp;&nbsp;&nbsp;SDIO_SendCommand
<LI><a href="#[148]">&gt;&gt;</a>&nbsp;&nbsp;&nbsp;SDIO_ReadData
<LI><a href="#[150]">&gt;&gt;</a>&nbsp;&nbsp;&nbsp;SDIO_ITConfig
<LI><a href="#[135]">&gt;&gt;</a>&nbsp;&nbsp;&nbsp;SDIO_GetResponse
<LI><a href="#[13d]">&gt;&gt;</a>&nbsp;&nbsp;&nbsp;SDIO_GetFlagStatus
<LI><a href="#[147]">&gt;&gt;</a>&nbsp;&nbsp;&nbsp;SDIO_DataConfig
<LI><a href="#[14e]">&gt;&gt;</a>&nbsp;&nbsp;&nbsp;SDIO_DMACmd
<LI><a href="#[132]">&gt;&gt;</a>&nbsp;&nbsp;&nbsp;SDIO_ClearFlag
<LI><a href="#[152]">&gt;&gt;</a>&nbsp;&nbsp;&nbsp;DMA_GetFlagStatus
</UL>
<BR>[Called By]<UL><LI><a href="#[53]">&gt;&gt;</a>&nbsp;&nbsp;&nbsp;rt_sdcard_read
<LI><a href="#[ae]">&gt;&gt;</a>&nbsp;&nbsp;&nbsp;rt_hw_sdcard_init
</UL>

<P><STRONG><a name="[153]"></a>SD_ReadMultiBlocks</STRONG> (Thumb, 810 bytes, Stack size 40 bytes, sdcard.o(.text))
<BR><BR>[Stack]<UL><LI>Max Depth = 288<LI>Call Chain = SD_ReadMultiBlocks &rArr; DMA_RxConfiguration &rArr; DMA_Init &rArr; assert_failed &rArr; rt_kprintf &rArr; rt_vsnprintf &rArr; print_number
</UL>
<BR>[Calls]<UL><LI><a href="#[14f]">&gt;&gt;</a>&nbsp;&nbsp;&nbsp;convert_from_bytes_to_power_of_two
<LI><a href="#[14c]">&gt;&gt;</a>&nbsp;&nbsp;&nbsp;DMA_RxConfiguration
<LI><a href="#[13a]">&gt;&gt;</a>&nbsp;&nbsp;&nbsp;CmdResp1Error
<LI><a href="#[151]">&gt;&gt;</a>&nbsp;&nbsp;&nbsp;rt_tick_get
<LI><a href="#[138]">&gt;&gt;</a>&nbsp;&nbsp;&nbsp;SDIO_SendCommand
<LI><a href="#[148]">&gt;&gt;</a>&nbsp;&nbsp;&nbsp;SDIO_ReadData
<LI><a href="#[150]">&gt;&gt;</a>&nbsp;&nbsp;&nbsp;SDIO_ITConfig
<LI><a href="#[135]">&gt;&gt;</a>&nbsp;&nbsp;&nbsp;SDIO_GetResponse
<LI><a href="#[13d]">&gt;&gt;</a>&nbsp;&nbsp;&nbsp;SDIO_GetFlagStatus
<LI><a href="#[147]">&gt;&gt;</a>&nbsp;&nbsp;&nbsp;SDIO_DataConfig
<LI><a href="#[14e]">&gt;&gt;</a>&nbsp;&nbsp;&nbsp;SDIO_DMACmd
<LI><a href="#[132]">&gt;&gt;</a>&nbsp;&nbsp;&nbsp;SDIO_ClearFlag
<LI><a href="#[152]">&gt;&gt;</a>&nbsp;&nbsp;&nbsp;DMA_GetFlagStatus
</UL>
<BR>[Called By]<UL><LI><a href="#[53]">&gt;&gt;</a>&nbsp;&nbsp;&nbsp;rt_sdcard_read
</UL>

<P><STRONG><a name="[156]"></a>SD_WriteBlock</STRONG> (Thumb, 838 bytes, Stack size 56 bytes, sdcard.o(.text))
<BR><BR>[Stack]<UL><LI>Max Depth = 304<LI>Call Chain = SD_WriteBlock &rArr; DMA_TxConfiguration &rArr; DMA_Init &rArr; assert_failed &rArr; rt_kprintf &rArr; rt_vsnprintf &rArr; print_number
</UL>
<BR>[Calls]<UL><LI><a href="#[155]">&gt;&gt;</a>&nbsp;&nbsp;&nbsp;DMA_TxConfiguration
<LI><a href="#[154]">&gt;&gt;</a>&nbsp;&nbsp;&nbsp;IsCardProgramming
<LI><a href="#[14f]">&gt;&gt;</a>&nbsp;&nbsp;&nbsp;convert_from_bytes_to_power_of_two
<LI><a href="#[13a]">&gt;&gt;</a>&nbsp;&nbsp;&nbsp;CmdResp1Error
<LI><a href="#[157]">&gt;&gt;</a>&nbsp;&nbsp;&nbsp;SDIO_WriteData
<LI><a href="#[138]">&gt;&gt;</a>&nbsp;&nbsp;&nbsp;SDIO_SendCommand
<LI><a href="#[150]">&gt;&gt;</a>&nbsp;&nbsp;&nbsp;SDIO_ITConfig
<LI><a href="#[135]">&gt;&gt;</a>&nbsp;&nbsp;&nbsp;SDIO_GetResponse
<LI><a href="#[13d]">&gt;&gt;</a>&nbsp;&nbsp;&nbsp;SDIO_GetFlagStatus
<LI><a href="#[147]">&gt;&gt;</a>&nbsp;&nbsp;&nbsp;SDIO_DataConfig
<LI><a href="#[14e]">&gt;&gt;</a>&nbsp;&nbsp;&nbsp;SDIO_DMACmd
<LI><a href="#[132]">&gt;&gt;</a>&nbsp;&nbsp;&nbsp;SDIO_ClearFlag
<LI><a href="#[152]">&gt;&gt;</a>&nbsp;&nbsp;&nbsp;DMA_GetFlagStatus
</UL>
<BR>[Called By]<UL><LI><a href="#[54]">&gt;&gt;</a>&nbsp;&nbsp;&nbsp;rt_sdcard_write
</UL>

<P><STRONG><a name="[158]"></a>SD_WriteMultiBlocks</STRONG> (Thumb, 1024 bytes, Stack size 48 bytes, sdcard.o(.text))
<BR><BR>[Stack]<UL><LI>Max Depth = 296<LI>Call Chain = SD_WriteMultiBlocks &rArr; DMA_TxConfiguration &rArr; DMA_Init &rArr; assert_failed &rArr; rt_kprintf &rArr; rt_vsnprintf &rArr; print_number
</UL>
<BR>[Calls]<UL><LI><a href="#[155]">&gt;&gt;</a>&nbsp;&nbsp;&nbsp;DMA_TxConfiguration
<LI><a href="#[154]">&gt;&gt;</a>&nbsp;&nbsp;&nbsp;IsCardProgramming
<LI><a href="#[14f]">&gt;&gt;</a>&nbsp;&nbsp;&nbsp;convert_from_bytes_to_power_of_two
<LI><a href="#[13a]">&gt;&gt;</a>&nbsp;&nbsp;&nbsp;CmdResp1Error
<LI><a href="#[157]">&gt;&gt;</a>&nbsp;&nbsp;&nbsp;SDIO_WriteData
<LI><a href="#[138]">&gt;&gt;</a>&nbsp;&nbsp;&nbsp;SDIO_SendCommand
<LI><a href="#[150]">&gt;&gt;</a>&nbsp;&nbsp;&nbsp;SDIO_ITConfig
[...]
<LI><a href="#[3d8]">&gt;&gt;</a>&nbsp;&nbsp;&nbsp;finsh_heap_free
</UL>

<P><STRONG><a name="[3de]"></a>finsh_block_split</STRONG> (Thumb, 24 bytes, Stack size 0 bytes, finsh_heap.o(.text))
<BR><BR>[Called By]<UL><LI><a href="#[3dd]">&gt;&gt;</a>&nbsp;&nbsp;&nbsp;finsh_heap_allocate
</UL>

<P><STRONG><a name="[3db]"></a>finsh_block_merge</STRONG> (Thumb, 124 bytes, Stack size 12 bytes, finsh_heap.o(.text))
<BR><BR>[Stack]<UL><LI>Max Depth = 12<LI>Call Chain = finsh_block_merge
</UL>
<BR>[Called By]<UL><LI><a href="#[3d8]">&gt;&gt;</a>&nbsp;&nbsp;&nbsp;finsh_heap_free
</UL>

<P><STRONG><a name="[3dc]"></a>finsh_heap_gc</STRONG> (Thumb, 78 bytes, Stack size 16 bytes, finsh_heap.o(.text))
<BR><BR>[Stack]<UL><LI>Max Depth = 44<LI>Call Chain = finsh_heap_gc &rArr; finsh_heap_free &rArr; finsh_block_merge
</UL>
<BR>[Calls]<UL><LI><a href="#[3d8]">&gt;&gt;</a>&nbsp;&nbsp;&nbsp;finsh_heap_free
</UL>
<BR>[Called By]<UL><LI><a href="#[3dd]">&gt;&gt;</a>&nbsp;&nbsp;&nbsp;finsh_heap_allocate
</UL>

<P><STRONG><a name="[3ef]"></a>make_sys_node</STRONG> (Thumb, 40 bytes, Stack size 24 bytes, finsh_parser.o(.text))
<BR><BR>[Stack]<UL><LI>Max Depth = 24<LI>Call Chain = make_sys_node
</UL>
<BR>[Calls]<UL><LI><a href="#[3e8]">&gt;&gt;</a>&nbsp;&nbsp;&nbsp;finsh_node_allocate
<LI><a href="#[3d5]">&gt;&gt;</a>&nbsp;&nbsp;&nbsp;finsh_error_set
</UL>
<BR>[Called By]<UL><LI><a href="#[400]">&gt;&gt;</a>&nbsp;&nbsp;&nbsp;proc_variable_decl
<LI><a href="#[3f1]">&gt;&gt;</a>&nbsp;&nbsp;&nbsp;proc_assign_expr
<LI><a href="#[3ff]">&gt;&gt;</a>&nbsp;&nbsp;&nbsp;proc_inclusive_or_expr
<LI><a href="#[3fe]">&gt;&gt;</a>&nbsp;&nbsp;&nbsp;proc_exclusive_or_expr
<LI><a href="#[3fd]">&gt;&gt;</a>&nbsp;&nbsp;&nbsp;proc_and_expr
<LI><a href="#[3fc]">&gt;&gt;</a>&nbsp;&nbsp;&nbsp;proc_shift_expr
<LI><a href="#[3fb]">&gt;&gt;</a>&nbsp;&nbsp;&nbsp;proc_additive_expr
<LI><a href="#[3fa]">&gt;&gt;</a>&nbsp;&nbsp;&nbsp;proc_multiplicative_expr
<LI><a href="#[3f7]">&gt;&gt;</a>&nbsp;&nbsp;&nbsp;proc_unary_expr
<LI><a href="#[3f6]">&gt;&gt;</a>&nbsp;&nbsp;&nbsp;proc_postfix_expr
</UL>

<P><STRONG><a name="[3f0]"></a>proc_param_list</STRONG> (Thumb, 76 bytes, Stack size 24 bytes, finsh_parser.o(.text))
<BR><BR>[Stack]<UL><LI>Max Depth = 248 + In Cycle
<LI>Call Chain = proc_param_list &rArr;  proc_assign_expr (Cycle)
</UL>
<BR>[Calls]<UL><LI><a href="#[3f2]">&gt;&gt;</a>&nbsp;&nbsp;&nbsp;finsh_token_token
<LI><a href="#[3f1]">&gt;&gt;</a>&nbsp;&nbsp;&nbsp;proc_assign_expr
<LI><a href="#[3d5]">&gt;&gt;</a>&nbsp;&nbsp;&nbsp;finsh_error_set
</UL>
<BR>[Called By]<UL><LI><a href="#[3f6]">&gt;&gt;</a>&nbsp;&nbsp;&nbsp;proc_postfix_expr
</UL>

<P><STRONG><a name="[3f3]"></a>proc_expr</STRONG> (Thumb, 12 bytes, Stack size 8 bytes, finsh_parser.o(.text))
<BR><BR>[Stack]<UL><LI>Max Depth = 528<LI>Call Chain = proc_expr &rArr; proc_assign_expr &rArr;  proc_assign_expr (Cycle)
</UL>
<BR>[Calls]<UL><LI><a href="#[3f1]">&gt;&gt;</a>&nbsp;&nbsp;&nbsp;proc_assign_expr
</UL>
<BR>[Called By]<UL><LI><a href="#[402]">&gt;&gt;</a>&nbsp;&nbsp;&nbsp;proc_expr_statement
<LI><a href="#[3f5]">&gt;&gt;</a>&nbsp;&nbsp;&nbsp;proc_primary_expr
</UL>

<P><STRONG><a name="[3f4]"></a>proc_identifier</STRONG> (Thumb, 44 bytes, Stack size 16 bytes, finsh_parser.o(.text))
<BR><BR>[Stack]<UL><LI>Max Depth = 240<LI>Call Chain = proc_identifier &rArr; finsh_token_token &rArr; token_run &rArr; token_proc_number &rArr; token_spec_number
</UL>
<BR>[Calls]<UL><LI><a href="#[3ed]">&gt;&gt;</a>&nbsp;&nbsp;&nbsp;strncpy
<LI><a href="#[3f2]">&gt;&gt;</a>&nbsp;&nbsp;&nbsp;finsh_token_token
<LI><a href="#[3d5]">&gt;&gt;</a>&nbsp;&nbsp;&nbsp;finsh_error_set
</UL>
<BR>[Called By]<UL><LI><a href="#[400]">&gt;&gt;</a>&nbsp;&nbsp;&nbsp;proc_variable_decl
<LI><a href="#[3f5]">&gt;&gt;</a>&nbsp;&nbsp;&nbsp;proc_primary_expr
</UL>

<P><STRONG><a name="[3f5]"></a>proc_primary_expr</STRONG> (Thumb, 158 bytes, Stack size 40 bytes, finsh_parser.o(.text))
<BR><BR>[Stack]<UL><LI>Max Depth = 280 + In Cycle
<LI>Call Chain = proc_primary_expr &rArr;  proc_expr (Cycle)
</UL>
<BR>[Calls]<UL><LI><a href="#[3f2]">&gt;&gt;</a>&nbsp;&nbsp;&nbsp;finsh_token_token
<LI><a href="#[3f4]">&gt;&gt;</a>&nbsp;&nbsp;&nbsp;proc_identifier
<LI><a href="#[3f3]">&gt;&gt;</a>&nbsp;&nbsp;&nbsp;proc_expr
<LI><a href="#[3ee]">&gt;&gt;</a>&nbsp;&nbsp;&nbsp;finsh_node_new_ptr
<LI><a href="#[3ec]">&gt;&gt;</a>&nbsp;&nbsp;&nbsp;finsh_node_new_string
<LI><a href="#[3eb]">&gt;&gt;</a>&nbsp;&nbsp;&nbsp;finsh_node_new_long
<LI><a href="#[3ea]">&gt;&gt;</a>&nbsp;&nbsp;&nbsp;finsh_node_new_int
<LI><a href="#[3e9]">&gt;&gt;</a>&nbsp;&nbsp;&nbsp;finsh_node_new_char
<LI><a href="#[3e4]">&gt;&gt;</a>&nbsp;&nbsp;&nbsp;finsh_node_new_id
<LI><a href="#[3d5]">&gt;&gt;</a>&nbsp;&nbsp;&nbsp;finsh_error_set
</UL>
<BR>[Called By]<UL><LI><a href="#[3f6]">&gt;&gt;</a>&nbsp;&nbsp;&nbsp;proc_postfix_expr
</UL>

<P><STRONG><a name="[3f6]"></a>proc_postfix_expr</STRONG> (Thumb, 162 bytes, Stack size 24 bytes, finsh_parser.o(.text))
<BR><BR>[Stack]<UL><LI>Max Depth = 304<LI>Call Chain = proc_postfix_expr &rArr; proc_primary_expr &rArr;  proc_expr (Cycle)
</UL>
<BR>[Calls]<UL><LI><a href="#[3f2]">&gt;&gt;</a>&nbsp;&nbsp;&nbsp;finsh_token_token
<LI><a href="#[3f5]">&gt;&gt;</a>&nbsp;&nbsp;&nbsp;proc_primary_expr
<LI><a href="#[3f0]">&gt;&gt;</a>&nbsp;&nbsp;&nbsp;proc_param_list
<LI><a href="#[3ef]">&gt;&gt;</a>&nbsp;&nbsp;&nbsp;make_sys_node
<LI><a href="#[3d5]">&gt;&gt;</a>&nbsp;&nbsp;&nbsp;finsh_error_set
</UL>
<BR>[Called By]<UL><LI><a href="#[3f7]">&gt;&gt;</a>&nbsp;&nbsp;&nbsp;proc_unary_expr
</UL>

<P><STRONG><a name="[3f7]"></a>proc_unary_expr</STRONG> (Thumb, 190 bytes, Stack size 24 bytes, finsh_parser.o(.text))
<BR><BR>[Stack]<UL><LI>Max Depth = 328 + In Cycle
<LI>Call Chain = proc_unary_expr &rArr;  proc_cast_expr (Cycle)
</UL>
<BR>[Calls]<UL><LI><a href="#[3f2]">&gt;&gt;</a>&nbsp;&nbsp;&nbsp;finsh_token_token
<LI><a href="#[3f8]">&gt;&gt;</a>&nbsp;&nbsp;&nbsp;proc_cast_expr
<LI><a href="#[3f6]">&gt;&gt;</a>&nbsp;&nbsp;&nbsp;proc_postfix_expr
<LI><a href="#[3ef]">&gt;&gt;</a>&nbsp;&nbsp;&nbsp;make_sys_node
<LI><a href="#[3eb]">&gt;&gt;</a>&nbsp;&nbsp;&nbsp;finsh_node_new_long
</UL>
<BR>[Called By]<UL><LI><a href="#[3f8]">&gt;&gt;</a>&nbsp;&nbsp;&nbsp;proc_cast_expr
</UL>

<P><STRONG><a name="[3f9]"></a>proc_type</STRONG> (Thumb, 250 bytes, Stack size 16 bytes, finsh_parser.o(.text))
<BR><BR>[Stack]<UL><LI>Max Depth = 240<LI>Call Chain = proc_type &rArr; finsh_token_token &rArr; token_run &rArr; token_proc_number &rArr; token_spec_number
</UL>
<BR>[Calls]<UL><LI><a href="#[3f2]">&gt;&gt;</a>&nbsp;&nbsp;&nbsp;finsh_token_token
<LI><a href="#[3d5]">&gt;&gt;</a>&nbsp;&nbsp;&nbsp;finsh_error_set
</UL>
<BR>[Called By]<UL><LI><a href="#[400]">&gt;&gt;</a>&nbsp;&nbsp;&nbsp;proc_variable_decl
<LI><a href="#[3f8]">&gt;&gt;</a>&nbsp;&nbsp;&nbsp;proc_cast_expr
</UL>

<P><STRONG><a name="[3f8]"></a>proc_cast_expr</STRONG> (Thumb, 78 bytes, Stack size 24 bytes, finsh_parser.o(.text))
<BR><BR>[Stack]<UL><LI>Max Depth = 352 + In Cycle
<LI>Call Chain = proc_cast_expr &rArr;  proc_cast_expr (Cycle)
</UL>
<BR>[Calls]<UL><LI><a href="#[3f2]">&gt;&gt;</a>&nbsp;&nbsp;&nbsp;finsh_token_token
<LI><a href="#[3f8]">&gt;&gt;</a>&nbsp;&nbsp;&nbsp;proc_cast_expr
<LI><a href="#[3f9]">&gt;&gt;</a>&nbsp;&nbsp;&nbsp;proc_type
<LI><a href="#[3f7]">&gt;&gt;</a>&nbsp;&nbsp;&nbsp;proc_unary_expr
<LI><a href="#[3d5]">&gt;&gt;</a>&nbsp;&nbsp;&nbsp;finsh_error_set
</UL>
<BR>[Called By]<UL><LI><a href="#[3fa]">&gt;&gt;</a>&nbsp;&nbsp;&nbsp;proc_multiplicative_expr
<LI><a href="#[3f8]">&gt;&gt;</a>&nbsp;&nbsp;&nbsp;proc_cast_expr
<LI><a href="#[3f7]">&gt;&gt;</a>&nbsp;&nbsp;&nbsp;proc_unary_expr
</UL>

<P><STRONG><a name="[3fa]"></a>proc_multiplicative_expr</STRONG> (Thumb, 138 bytes, Stack size 24 bytes, finsh_parser.o(.text))
<BR><BR>[Stack]<UL><LI>Max Depth = 376<LI>Call Chain = proc_multiplicative_expr &rArr; proc_cast_expr &rArr;  proc_cast_expr (Cycle)
</UL>
<BR>[Calls]<UL><LI><a href="#[3f2]">&gt;&gt;</a>&nbsp;&nbsp;&nbsp;finsh_token_token
<LI><a href="#[3f8]">&gt;&gt;</a>&nbsp;&nbsp;&nbsp;proc_cast_expr
<LI><a href="#[3ef]">&gt;&gt;</a>&nbsp;&nbsp;&nbsp;make_sys_node
<LI><a href="#[3d5]">&gt;&gt;</a>&nbsp;&nbsp;&nbsp;finsh_error_set
</UL>
<BR>[Called By]<UL><LI><a href="#[3fb]">&gt;&gt;</a>&nbsp;&nbsp;&nbsp;proc_additive_expr
</UL>

<P><STRONG><a name="[3fb]"></a>proc_additive_expr</STRONG> (Thumb, 114 bytes, Stack size 24 bytes, finsh_parser.o(.text))
<BR><BR>[Stack]<UL><LI>Max Depth = 400<LI>Call Chain = proc_additive_expr &rArr; proc_multiplicative_expr &rArr; proc_cast_expr &rArr;  proc_cast_expr (Cycle)
</UL>
<BR>[Calls]<UL><LI><a href="#[3f2]">&gt;&gt;</a>&nbsp;&nbsp;&nbsp;finsh_token_token
<LI><a href="#[3fa]">&gt;&gt;</a>&nbsp;&nbsp;&nbsp;proc_multiplicative_expr
<LI><a href="#[3ef]">&gt;&gt;</a>&nbsp;&nbsp;&nbsp;make_sys_node
<LI><a href="#[3d5]">&gt;&gt;</a>&nbsp;&nbsp;&nbsp;finsh_error_set
</UL>
<BR>[Called By]<UL><LI><a href="#[3fc]">&gt;&gt;</a>&nbsp;&nbsp;&nbsp;proc_shift_expr
</UL>

<P><STRONG><a name="[3fc]"></a>proc_shift_expr</STRONG> (Thumb, 116 bytes, Stack size 24 bytes, finsh_parser.o(.text))
<BR><BR>[Stack]<UL><LI>Max Depth = 424<LI>Call Chain = proc_shift_expr &rArr; proc_additive_expr &rArr; proc_multiplicative_expr &rArr; proc_cast_expr &rArr;  proc_cast_expr (Cycle)
</UL>
<BR>[Calls]<UL><LI><a href="#[3f2]">&gt;&gt;</a>&nbsp;&nbsp;&nbsp;finsh_token_token
<LI><a href="#[3fb]">&gt;&gt;</a>&nbsp;&nbsp;&nbsp;proc_additive_expr
<LI><a href="#[3ef]">&gt;&gt;</a>&nbsp;&nbsp;&nbsp;make_sys_node
<LI><a href="#[3d5]">&gt;&gt;</a>&nbsp;&nbsp;&nbsp;finsh_error_set
</UL>
<BR>[Called By]<UL><LI><a href="#[3fd]">&gt;&gt;</a>&nbsp;&nbsp;&nbsp;proc_and_expr
</UL>

<P><STRONG><a name="[3fd]"></a>proc_and_expr</STRONG> (Thumb, 76 bytes, Stack size 24 bytes, finsh_parser.o(.text))
<BR><BR>[Stack]<UL><LI>Max Depth = 448<LI>Call Chain = proc_and_expr &rArr; proc_shift_expr &rArr; proc_additive_expr &rArr; proc_multiplicative_expr &rArr; proc_cast_expr &rArr;  proc_cast_expr (Cycle)
</UL>
<BR>[Calls]<UL><LI><a href="#[3f2]">&gt;&gt;</a>&nbsp;&nbsp;&nbsp;finsh_token_token
<LI><a href="#[3fc]">&gt;&gt;</a>&nbsp;&nbsp;&nbsp;proc_shift_expr
<LI><a href="#[3ef]">&gt;&gt;</a>&nbsp;&nbsp;&nbsp;make_sys_node
<LI><a href="#[3d5]">&gt;&gt;</a>&nbsp;&nbsp;&nbsp;finsh_error_set
</UL>
<BR>[Called By]<UL><LI><a href="#[3fe]">&gt;&gt;</a>&nbsp;&nbsp;&nbsp;proc_exclusive_or_expr
</UL>

<P><STRONG><a name="[3fe]"></a>proc_exclusive_or_expr</STRONG> (Thumb, 76 bytes, Stack size 24 bytes, finsh_parser.o(.text))
<BR><BR>[Stack]<UL><LI>Max Depth = 472<LI>Call Chain = proc_exclusive_or_expr &rArr; proc_and_expr &rArr; proc_shift_expr &rArr; proc_additive_expr &rArr; proc_multiplicative_expr &rArr; proc_cast_expr &rArr;  proc_cast_expr (Cycle)
</UL>
<BR>[Calls]<UL><LI><a href="#[3f2]">&gt;&gt;</a>&nbsp;&nbsp;&nbsp;finsh_token_token
<LI><a href="#[3fd]">&gt;&gt;</a>&nbsp;&nbsp;&nbsp;proc_and_expr
<LI><a href="#[3ef]">&gt;&gt;</a>&nbsp;&nbsp;&nbsp;make_sys_node
<LI><a href="#[3d5]">&gt;&gt;</a>&nbsp;&nbsp;&nbsp;finsh_error_set
</UL>
<BR>[Called By]<UL><LI><a href="#[3ff]">&gt;&gt;</a>&nbsp;&nbsp;&nbsp;proc_inclusive_or_expr
</UL>

<P><STRONG><a name="[3ff]"></a>proc_inclusive_or_expr</STRONG> (Thumb, 76 bytes, Stack size 24 bytes, finsh_parser.o(.text))
<BR><BR>[Stack]<UL><LI>Max Depth = 496<LI>Call Chain = proc_inclusive_or_expr &rArr; proc_exclusive_or_expr &rArr; proc_and_expr &rArr; proc_shift_expr &rArr; proc_additive_expr &rArr; proc_multiplicative_expr &rArr; proc_cast_expr &rArr;  proc_cast_expr (Cycle)
</UL>
<BR>[Calls]<UL><LI><a href="#[3f2]">&gt;&gt;</a>&nbsp;&nbsp;&nbsp;finsh_token_token
<LI><a href="#[3fe]">&gt;&gt;</a>&nbsp;&nbsp;&nbsp;proc_exclusive_or_expr
<LI><a href="#[3ef]">&gt;&gt;</a>&nbsp;&nbsp;&nbsp;make_sys_node
<LI><a href="#[3d5]">&gt;&gt;</a>&nbsp;&nbsp;&nbsp;finsh_error_set
</UL>
<BR>[Called By]<UL><LI><a href="#[3f1]">&gt;&gt;</a>&nbsp;&nbsp;&nbsp;proc_assign_expr
</UL>

<P><STRONG><a name="[3f1]"></a>proc_assign_expr</STRONG> (Thumb, 56 bytes, Stack size 24 bytes, finsh_parser.o(.text))
<BR><BR>[Stack]<UL><LI>Max Depth = 520 + In Cycle
<LI>Call Chain = proc_assign_expr &rArr;  proc_assign_expr (Cycle)
</UL>
<BR>[Calls]<UL><LI><a href="#[3f2]">&gt;&gt;</a>&nbsp;&nbsp;&nbsp;finsh_token_token
<LI><a href="#[3f1]">&gt;&gt;</a>&nbsp;&nbsp;&nbsp;proc_assign_expr
<LI><a href="#[3ff]">&gt;&gt;</a>&nbsp;&nbsp;&nbsp;proc_inclusive_or_expr
<LI><a href="#[3ef]">&gt;&gt;</a>&nbsp;&nbsp;&nbsp;make_sys_node
</UL>
<BR>[Called By]<UL><LI><a href="#[400]">&gt;&gt;</a>&nbsp;&nbsp;&nbsp;proc_variable_decl
<LI><a href="#[3f1]">&gt;&gt;</a>&nbsp;&nbsp;&nbsp;proc_assign_expr
<LI><a href="#[3f3]">&gt;&gt;</a>&nbsp;&nbsp;&nbsp;proc_expr
<LI><a href="#[3f0]">&gt;&gt;</a>&nbsp;&nbsp;&nbsp;proc_param_list
</UL>

<P><STRONG><a name="[400]"></a>proc_variable_decl</STRONG> (Thumb, 474 bytes, Stack size 56 bytes, finsh_parser.o(.text))
<BR><BR>[Stack]<UL><LI>Max Depth = 576<LI>Call Chain = proc_variable_decl &rArr; proc_assign_expr &rArr;  proc_assign_expr (Cycle)
</UL>
<BR>[Calls]<UL><LI><a href="#[401]">&gt;&gt;</a>&nbsp;&nbsp;&nbsp;finsh_var_insert
<LI><a href="#[3f2]">&gt;&gt;</a>&nbsp;&nbsp;&nbsp;finsh_token_token
<LI><a href="#[3f1]">&gt;&gt;</a>&nbsp;&nbsp;&nbsp;proc_assign_expr
<LI><a href="#[3f9]">&gt;&gt;</a>&nbsp;&nbsp;&nbsp;proc_type
<LI><a href="#[3f4]">&gt;&gt;</a>&nbsp;&nbsp;&nbsp;proc_identifier
<LI><a href="#[3ef]">&gt;&gt;</a>&nbsp;&nbsp;&nbsp;make_sys_node
<LI><a href="#[3e4]">&gt;&gt;</a>&nbsp;&nbsp;&nbsp;finsh_node_new_id
<LI><a href="#[3d5]">&gt;&gt;</a>&nbsp;&nbsp;&nbsp;finsh_error_set
</UL>
<BR>[Called By]<UL><LI><a href="#[3b2]">&gt;&gt;</a>&nbsp;&nbsp;&nbsp;finsh_parser_run
</UL>

<P><STRONG><a name="[402]"></a>proc_expr_statement</STRONG> (Thumb, 56 bytes, Stack size 16 bytes, finsh_parser.o(.text))
<BR><BR>[Stack]<UL><LI>Max Depth = 544<LI>Call Chain = proc_expr_statement &rArr; proc_expr &rArr; proc_assign_expr &rArr;  proc_assign_expr (Cycle)
</UL>
<BR>[Calls]<UL><LI><a href="#[3f2]">&gt;&gt;</a>&nbsp;&nbsp;&nbsp;finsh_token_token
<LI><a href="#[3f3]">&gt;&gt;</a>&nbsp;&nbsp;&nbsp;proc_expr
<LI><a href="#[3d5]">&gt;&gt;</a>&nbsp;&nbsp;&nbsp;finsh_error_set
</UL>
<BR>[Called By]<UL><LI><a href="#[3b2]">&gt;&gt;</a>&nbsp;&nbsp;&nbsp;finsh_parser_run
</UL>

<P><STRONG><a name="[409]"></a>token_prev_char</STRONG> (Thumb, 22 bytes, Stack size 0 bytes, finsh_token.o(.text))
<BR><BR>[Called By]<UL><LI><a href="#[410]">&gt;&gt;</a>&nbsp;&nbsp;&nbsp;token_get_string
<LI><a href="#[412]">&gt;&gt;</a>&nbsp;&nbsp;&nbsp;token_run
<LI><a href="#[411]">&gt;&gt;</a>&nbsp;&nbsp;&nbsp;token_trim_space
<LI><a href="#[40d]">&gt;&gt;</a>&nbsp;&nbsp;&nbsp;token_proc_char
<LI><a href="#[40b]">&gt;&gt;</a>&nbsp;&nbsp;&nbsp;token_proc_escape
<LI><a href="#[408]">&gt;&gt;</a>&nbsp;&nbsp;&nbsp;token_proc_number
</UL>

<P><STRONG><a name="[407]"></a>token_next_char</STRONG> (Thumb, 62 bytes, Stack size 8 bytes, finsh_token.o(.text))
<BR><BR>[Stack]<UL><LI>Max Depth = 8<LI>Call Chain = token_next_char
</UL>
<BR>[Calls]<UL><LI><a href="#[31f]">&gt;&gt;</a>&nbsp;&nbsp;&nbsp;strlen
</UL>
<BR>[Called By]<UL><LI><a href="#[410]">&gt;&gt;</a>&nbsp;&nbsp;&nbsp;token_get_string
<LI><a href="#[412]">&gt;&gt;</a>&nbsp;&nbsp;&nbsp;token_run
<LI><a href="#[411]">&gt;&gt;</a>&nbsp;&nbsp;&nbsp;token_trim_space
<LI><a href="#[40d]">&gt;&gt;</a>&nbsp;&nbsp;&nbsp;token_proc_char
<LI><a href="#[40c]">&gt;&gt;</a>&nbsp;&nbsp;&nbsp;token_proc_string
<LI><a href="#[40b]">&gt;&gt;</a>&nbsp;&nbsp;&nbsp;token_proc_escape
<LI><a href="#[408]">&gt;&gt;</a>&nbsp;&nbsp;&nbsp;token_proc_number
</UL>

<P><STRONG><a name="[40a]"></a>token_spec_number</STRONG> (Thumb, 152 bytes, Stack size 40 bytes, finsh_token.o(.text))
<BR><BR>[Stack]<UL><LI>Max Depth = 40<LI>Call Chain = token_spec_number
</UL>
<BR>[Called By]<UL><LI><a href="#[408]">&gt;&gt;</a>&nbsp;&nbsp;&nbsp;token_proc_number
</UL>

<P><STRONG><a name="[408]"></a>token_proc_number</STRONG> (Thumb, 288 bytes, Stack size 160 bytes, finsh_token.o(.text))
<BR><BR>[Stack]<UL><LI>Max Depth = 200<LI>Call Chain = token_proc_number &rArr; token_spec_number
</UL>
<BR>[Calls]<UL><LI><a href="#[31f]">&gt;&gt;</a>&nbsp;&nbsp;&nbsp;strlen
<LI><a href="#[40a]">&gt;&gt;</a>&nbsp;&nbsp;&nbsp;token_spec_number
<LI><a href="#[407]">&gt;&gt;</a>&nbsp;&nbsp;&nbsp;token_next_char
<LI><a href="#[409]">&gt;&gt;</a>&nbsp;&nbsp;&nbsp;token_prev_char
</UL>
<BR>[Called By]<UL><LI><a href="#[412]">&gt;&gt;</a>&nbsp;&nbsp;&nbsp;token_run
</UL>

<P><STRONG><a name="[40b]"></a>token_proc_escape</STRONG> (Thumb, 214 bytes, Stack size 16 bytes, finsh_token.o(.text))
<BR><BR>[Stack]<UL><LI>Max Depth = 24<LI>Call Chain = token_proc_escape &rArr; token_next_char
</UL>
<BR>[Calls]<UL><LI><a href="#[407]">&gt;&gt;</a>&nbsp;&nbsp;&nbsp;token_next_char
<LI><a href="#[409]">&gt;&gt;</a>&nbsp;&nbsp;&nbsp;token_prev_char
</UL>
<BR>[Called By]<UL><LI><a href="#[40c]">&gt;&gt;</a>&nbsp;&nbsp;&nbsp;token_proc_string
</UL>

<P><STRONG><a name="[40c]"></a>token_proc_string</STRONG> (Thumb, 80 bytes, Stack size 16 bytes, finsh_token.o(.text))
<BR><BR>[Stack]<UL><LI>Max Depth = 40<LI>Call Chain = token_proc_string &rArr; token_proc_escape &rArr; token_next_char
</UL>
<BR>[Calls]<UL><LI><a href="#[40b]">&gt;&gt;</a>&nbsp;&nbsp;&nbsp;token_proc_escape
<LI><a href="#[407]">&gt;&gt;</a>&nbsp;&nbsp;&nbsp;token_next_char
<LI><a href="#[3d5]">&gt;&gt;</a>&nbsp;&nbsp;&nbsp;finsh_error_set
</UL>
<BR>[Called By]<UL><LI><a href="#[412]">&gt;&gt;</a>&nbsp;&nbsp;&nbsp;token_run
</UL>

<P><STRONG><a name="[40d]"></a>token_proc_char</STRONG> (Thumb, 162 bytes, Stack size 24 bytes, finsh_token.o(.text))
<BR><BR>[Stack]<UL><LI>Max Depth = 112<LI>Call Chain = token_proc_char &rArr; atoi &rArr; strtol &rArr; _strtoul
</UL>
<BR>[Calls]<UL><LI><a href="#[40e]">&gt;&gt;</a>&nbsp;&nbsp;&nbsp;atoi
<LI><a href="#[407]">&gt;&gt;</a>&nbsp;&nbsp;&nbsp;token_next_char
<LI><a href="#[409]">&gt;&gt;</a>&nbsp;&nbsp;&nbsp;token_prev_char
<LI><a href="#[3d5]">&gt;&gt;</a>&nbsp;&nbsp;&nbsp;finsh_error_set
</UL>
<BR>[Called By]<UL><LI><a href="#[412]">&gt;&gt;</a>&nbsp;&nbsp;&nbsp;token_run
</UL>

<P><STRONG><a name="[40f]"></a>token_match_name</STRONG> (Thumb, 48 bytes, Stack size 16 bytes, finsh_token.o(.text))
<BR><BR>[Stack]<UL><LI>Max Depth = 24<LI>Call Chain = token_match_name &rArr; strcmp
</UL>
<BR>[Calls]<UL><LI><a href="#[322]">&gt;&gt;</a>&nbsp;&nbsp;&nbsp;strcmp
</UL>
<BR>[Called By]<UL><LI><a href="#[412]">&gt;&gt;</a>&nbsp;&nbsp;&nbsp;token_run
</UL>

<P><STRONG><a name="[411]"></a>token_trim_space</STRONG> (Thumb, 34 bytes, Stack size 16 bytes, finsh_token.o(.text))
<BR><BR>[Stack]<UL><LI>Max Depth = 24<LI>Call Chain = token_trim_space &rArr; token_next_char
</UL>
<BR>[Calls]<UL><LI><a href="#[407]">&gt;&gt;</a>&nbsp;&nbsp;&nbsp;token_next_char
<LI><a href="#[409]">&gt;&gt;</a>&nbsp;&nbsp;&nbsp;token_prev_char
</UL>
<BR>[Called By]<UL><LI><a href="#[412]">&gt;&gt;</a>&nbsp;&nbsp;&nbsp;token_run
</UL>

<P><STRONG><a name="[412]"></a>token_run</STRONG> (Thumb, 414 bytes, Stack size 16 bytes, finsh_token.o(.text))
<BR><BR>[Stack]<UL><LI>Max Depth = 216<LI>Call Chain = token_run &rArr; token_proc_number &rArr; token_spec_number
</UL>
<BR>[Calls]<UL><LI><a href="#[410]">&gt;&gt;</a>&nbsp;&nbsp;&nbsp;token_get_string
<LI><a href="#[411]">&gt;&gt;</a>&nbsp;&nbsp;&nbsp;token_trim_space
<LI><a href="#[40f]">&gt;&gt;</a>&nbsp;&nbsp;&nbsp;token_match_name
<LI><a href="#[40d]">&gt;&gt;</a>&nbsp;&nbsp;&nbsp;token_proc_char
<LI><a href="#[40c]">&gt;&gt;</a>&nbsp;&nbsp;&nbsp;token_proc_string
<LI><a href="#[408]">&gt;&gt;</a>&nbsp;&nbsp;&nbsp;token_proc_number
<LI><a href="#[407]">&gt;&gt;</a>&nbsp;&nbsp;&nbsp;token_next_char
<LI><a href="#[409]">&gt;&gt;</a>&nbsp;&nbsp;&nbsp;token_prev_char
<LI><a href="#[3d5]">&gt;&gt;</a>&nbsp;&nbsp;&nbsp;finsh_error_set
</UL>
<BR>[Called By]<UL><LI><a href="#[3f2]">&gt;&gt;</a>&nbsp;&nbsp;&nbsp;finsh_token_token
</UL>
<P>
<H3>
Undefined Global Symbols
</H3><HR></body></html>
