<html>
<body>
<pre>
<h1>礦ision Build Log</h1>
<h2>Tool Versions:</h2>
IDE-Version: μVision V5.17.0.0
Copyright (C) 2015 ARM Ltd and ARM Germany GmbH. All rights reserved.
License Information: Zhang Jinke, CQUT, LIC=1WSII-TC9FL-PGT7L-0NAZU-X8RH7-TJFRT
 
Tool Versions:
Toolchain:       MDK-ARM Professional  Version: 5.17
Toolchain Path:  C:\Keil\ARM\ARMCC\Bin
C Compiler:      Armcc.exe V5.06 update 1 (build 61)
Assembler:       Armasm.exe V5.06 update 1 (build 61)
Linker/Locator:  ArmLink.exe V5.06 update 1 (build 61)
Library Manager: ArmAr.exe V5.06 update 1 (build 61)
Hex Converter:   FromElf.exe V5.06 update 1 (build 61)
CPU DLL:         SARMCM3.DLL V5.17
Dialog DLL:      DARMSTM.DLL V1.65.0.0
Target DLL:      Segger\JL2CM3.dll V2.99.16.0
Dialog DLL:      TARMSTM.DLL V1.64.0.0
 
<h2>Project:</h2>
D:\项目-比赛\创新团队\2016 WiFi门禁\WiFi_access_control_system\bsp\stm32f10x\project.uvprojx
Project File Date:  11/03/2016

<h2>Output:</h2>
*** Using Compiler 'V5.06 update 1 (build 61)', folder: 'C:\Keil\ARM\ARMCC\Bin'
Build target 'rtthread-stm32'
compiling device_config.c...
compiling att_database.c...
compiling application.c...
compiling rtc_thread.c...
compiling rfid_thread.c...
compiling main.c...
compiling p_database.c...
compiling startup.c...
compiling wifi_thread.c...
compiling stm32f10x_it.c...
compiling user_check_thread.c...
compiling usart.c...
compiling board.c...
compiling led.c...
compiling ds1307.c...
compiling soft_iic.c...
compiling pwm.c...
compiling beep_door.c...
compiling esp8266.c...
HardWare\ESP8266\esp8266.c(109): warning:  #177-D: variable "GPIO_InitStructure" was declared but never referenced
  	GPIO_InitTypeDef  GPIO_InitStructure;
HardWare\ESP8266\esp8266.c(21): warning:  #177-D: variable "counter" was declared but never referenced
  static u32 counter = 0x01;
HardWare\ESP8266\esp8266.c: 2 warnings, 0 errors
compiling rc522.c...
compiling sdcard.c...
compiling sram.c...
compiling spi_bus.c...
compiling stm32f10x_crc.c...
compiling system_stm32f10x.c...
compiling touch_screen.c...
compiling stm32f10x_rcc.c...
compiling ILI93xx.c...
compiling stm32f10x_wwdg.c...
compiling stm32f10x_pwr.c...
compiling stm32f10x_bkp.c...
compiling stm32f10x_exti.c...
compiling stm32f10x_dac.c...
compiling stm32f10x_i2c.c...
compiling stm32f10x_adc.c...
compiling stm32f10x_rtc.c...
compiling stm32f10x_iwdg.c...
compiling stm32f10x_fsmc.c...
compiling stm32f10x_flash.c...
compiling stm32f10x_sdio.c...
compiling stm32f10x_spi.c...
compiling stm32f10x_tim.c...
compiling stm32f10x_dbgmcu.c...
compiling stm32f10x_gpio.c...
compiling stm32f10x_usart.c...
compiling components.c...
compiling clock.c...
compiling stm32f10x_cec.c...
compiling stm32f10x_dma.c...
assembling startup_stm32f10x_hd.s...
compiling stm32f10x_can.c...
compiling misc.c...
compiling idle.c...
compiling device.c...
compiling irq.c...
compiling scheduler.c...
compiling mempool.c...
compiling object.c...
compiling mem.c...
compiling kservice.c...
compiling ipc.c...
compiling thread.c...
assembling context_rvds.S...
compiling cpuport.c...
compiling backtrace.c...
compiling timer.c...
compiling div0.c...
compiling dfs.c...
compiling showmem.c...
compiling dfs_file.c...
compiling ccsbcs.c...
compiling dfs_fs.c...
compiling dfs_posix.c...
compiling block_dev.c...
compiling mmcsd_core.c...
compiling dfs_elm.c...
compiling sd.c...
compiling mmc.c...
compiling spi_dev.c...
compiling spi_core.c...
compiling serial.c...
compiling sdio.c...
compiling completion.c...
compiling ff.c...
compiling dataqueue.c...
compiling portal.c...
compiling pipe.c...
compiling workqueue.c...
compiling ringbuffer.c...
compiling symbol.c...
compiling shell.c...
compiling finsh_error.c...
compiling finsh_init.c...
compiling finsh_heap.c...
compiling cmd.c...
compiling finsh_compiler.c...
compiling finsh_node.c...
compiling finsh_vm.c...
compiling finsh_var.c...
compiling finsh_ops.c...
compiling finsh_parser.c...
compiling finsh_token.c...
linking...
Program Size: Code=149488 RO-data=13324 RW-data=712 ZI-data=41736  
".\build\rtthread-stm32.axf" - 0 Error(s), 2 Warning(s).

<h2>Collection of Component include folders:</h2>
  D:\项目-比赛\创新团队\2016 WiFi门禁\WiFi_access_control_system\bsp\stm32f10x\RTE
  C:\Keil\ARM\PACK\Keil\STM32F1xx_DFP\2.0.0\Device\Include

<h2>Collection of Component Files used:</h2>
Build Time Elapsed:  00:00:10
</pre>
</body>
</html>
