Component: ARM Compiler 5.06 update 1 (build 61) Tool: armlink [4d35a8]

==============================================================================

Section Cross References

    application.o(.text) refers to components.o(.text) for rt_components_init
    application.o(.text) refers to dfs_fs.o(.text) for dfs_mount
    application.o(.text) refers to kservice.o(.text) for rt_kprintf
    application.o(.text) refers to thread.o(.text) for rt_thread_create
    application.o(.text) refers to main.o(.text) for user_init_thread_entry
    device_config.o(.text) refers to dfs_posix.o(.text) for open
    device_config.o(.text) refers to kservice.o(.text) for rt_kprintf
    device_config.o(.text) refers to device_config.o(.data) for device_config_path
    device_config.o(.data) refers to device_config.o(.conststring) for .conststring
    main.o(.text) refers to clock.o(.text) for rt_tick_from_millisecond
    main.o(.text) refers to thread.o(.text) for rt_thread_delay
    main.o(.text) refers to beep_door.o(.text) for rt_hw_beep_door_init
    main.o(.text) refers to device_config.o(.text) for get_set_device_addr
    main.o(.text) refers to kservice.o(.text) for rt_kprintf
    main.o(.text) refers to p_database.o(.text) for init_card_array
    main.o(.text) refers to ipc.o(.text) for rt_event_init
    main.o(.text) refers to spi_bus.o(.text) for rt_hw_stm32_spi_bus_init
    main.o(.text) refers to ili93xx.o(.text) for TFTLCD_Init
    main.o(.text) refers to touch_screen.o(.text) for TP_Init
    main.o(.text) refers to device_config.o(.data) for device_addr
    main.o(.text) refers to device_config.o(.bss) for this_device_name
    main.o(.text) refers to p_database.o(.bss) for card_id_array
    main.o(.text) refers to rfid_thread.o(.bss) for user_check_event
    main.o(.text) refers to ili93xx.o(.data) for POINT_COLOR
    main.o(.text) refers to main.o(.bss) for touch_screen_stack
    main.o(.text) refers to rfid_thread.o(.text) for rc522_thread_entry
    main.o(.text) refers to user_check_thread.o(.bss) for user_check_stack
    main.o(.text) refers to user_check_thread.o(.text) for user_check_thread_entry
    main.o(.text) refers to wifi_thread.o(.bss) for wifi_stack
    main.o(.text) refers to wifi_thread.o(.text) for wifi_thread_entry
    main.o(.text) refers to rtc_thread.o(.bss) for rtc_stack
    main.o(.text) refers to rtc_thread.o(.text) for rtc_thread_entry
    p_database.o(.text) refers to dfs_posix.o(.text) for open
    p_database.o(.text) refers to kservice.o(.text) for rt_memset
    p_database.o(.text) refers to p_database.o(.data) for user_info_database_path
    p_database.o(.data) refers to p_database.o(.conststring) for .conststring
    rfid_thread.o(.text) refers to rc522.o(.text) for InitRC522
    rfid_thread.o(.text) refers to kservice.o(.text) for rt_kprintf
    rfid_thread.o(.text) refers to ipc.o(.text) for rt_event_send
    rfid_thread.o(.text) refers to clock.o(.text) for rt_tick_from_millisecond
    rfid_thread.o(.text) refers to thread.o(.text) for rt_thread_delay
    rfid_thread.o(.text) refers to rc522.o(.data) for rt_spi_rc522_in_device
    rfid_thread.o(.text) refers to rfid_thread.o(.data) for read_card_id
    rfid_thread.o(.text) refers to rfid_thread.o(.bss) for user_check_event
    rfid_thread.o(FSymTab) refers to rfid_thread.o(.rodata.name) for __fsym_send_card_name
    rfid_thread.o(FSymTab) refers to rfid_thread.o(.text) for send_get_card_event
    rtc_thread.o(.text) refers to soft_iic.o(.text) for IIC_GPIO_Init
    rtc_thread.o(.text) refers to ds1307.o(.text) for DS1307_Check
    rtc_thread.o(.text) refers to kservice.o(.text) for rt_kprintf
    rtc_thread.o(.text) refers to clock.o(.text) for rt_tick_from_millisecond
    rtc_thread.o(.text) refers to thread.o(.text) for rt_thread_delay
    rtc_thread.o(.text) refers to ds1307.o(.data) for TimeValue
    rtc_thread.o(FSymTab) refers to rtc_thread.o(.rodata.name) for __fsym_set_time_name
    rtc_thread.o(FSymTab) refers to rtc_thread.o(.text) for set_time
    startup.o(.text) refers to kservice.o(.text) for rt_kprintf
    startup.o(.text) refers to board.o(.text) for rt_hw_board_init
    startup.o(.text) refers to sram.o(.text) for rt_hw_sram_init
    startup.o(.text) refers to mem.o(.text) for rt_system_heap_init
    startup.o(.text) refers to scheduler.o(.text) for rt_system_scheduler_init
    startup.o(.text) refers to timer.o(.text) for rt_system_timer_init
    startup.o(.text) refers to application.o(.text) for rt_application_init
    startup.o(.text) refers to idle.o(.text) for rt_thread_idle_init
    startup.o(.text) refers to context_rvds.o(.text) for rt_hw_interrupt_disable
    user_check_thread.o(.text) refers to p_database.o(.text) for get_set_user_num
    user_check_thread.o(.text) refers to kservice.o(.text) for rt_kprintf
    user_check_thread.o(.text) refers to ipc.o(.text) for rt_event_recv
    user_check_thread.o(.text) refers to beep_door.o(.text) for open_door
[...]
    rt_device_set_rx_indicate                0x080140a3   Thumb Code    26  device.o(.text)
    rt_device_set_tx_complete                0x080140bd   Thumb Code    26  device.o(.text)
    rt_thread_idle_excute                    0x0801415d   Thumb Code   158  idle.o(.text)
    rt_thread_idle_init                      0x08014203   Thumb Code    38  idle.o(.text)
    rt_thread_idle_gethandler                0x08014229   Thumb Code     4  idle.o(.text)
    rt_sem_init                              0x0801432d   Thumb Code    50  ipc.o(.text)
    rt_sem_detach                            0x0801435f   Thumb Code    34  ipc.o(.text)
    rt_sem_create                            0x08014381   Thumb Code    84  ipc.o(.text)
    rt_sem_delete                            0x080143d5   Thumb Code    78  ipc.o(.text)
    rt_sem_take                              0x08014423   Thumb Code   230  ipc.o(.text)
    rt_sem_trytake                           0x08014509   Thumb Code    14  ipc.o(.text)
    rt_sem_release                           0x08014517   Thumb Code    62  ipc.o(.text)
    rt_sem_control                           0x08014555   Thumb Code    68  ipc.o(.text)
    rt_mutex_init                            0x08014599   Thumb Code    62  ipc.o(.text)
    rt_mutex_detach                          0x080145d7   Thumb Code    36  ipc.o(.text)
    rt_mutex_create                          0x080145fb   Thumb Code   100  ipc.o(.text)
    rt_mutex_delete                          0x0801465f   Thumb Code    78  ipc.o(.text)
    rt_mutex_take                            0x080146ad   Thumb Code   482  ipc.o(.text)
    rt_mutex_release                         0x0801488f   Thumb Code   268  ipc.o(.text)
    rt_mutex_control                         0x0801499b   Thumb Code     8  ipc.o(.text)
    rt_event_init                            0x080149a3   Thumb Code    46  ipc.o(.text)
    rt_event_detach                          0x080149d1   Thumb Code    36  ipc.o(.text)
    rt_event_create                          0x080149f5   Thumb Code    88  ipc.o(.text)
    rt_event_delete                          0x08014a4d   Thumb Code    82  ipc.o(.text)
    rt_event_send                            0x08014a9f   Thumb Code   192  ipc.o(.text)
    rt_event_recv                            0x08014b5f   Thumb Code   394  ipc.o(.text)
    rt_event_control                         0x08014ce9   Thumb Code    70  ipc.o(.text)
    rt_mb_init                               0x08014d2f   Thumb Code    76  ipc.o(.text)
    rt_mb_detach                             0x08014d7b   Thumb Code    44  ipc.o(.text)
    rt_mb_create                             0x08014da7   Thumb Code   128  ipc.o(.text)
    rt_mb_delete                             0x08014e27   Thumb Code    96  ipc.o(.text)
    rt_mb_send_wait                          0x08014e87   Thumb Code   356  ipc.o(.text)
    rt_mb_send                               0x08014feb   Thumb Code    18  ipc.o(.text)
    rt_mb_recv                               0x08014ffd   Thumb Code   402  ipc.o(.text)
    rt_mb_control                            0x0801518f   Thumb Code    82  ipc.o(.text)
    rt_mq_init                               0x080151e1   Thumb Code   118  ipc.o(.text)
    rt_mq_detach                             0x08015257   Thumb Code    36  ipc.o(.text)
    rt_mq_delete                             0x0801527b   Thumb Code    88  ipc.o(.text)
    rt_mq_create                             0x080152d3   Thumb Code   174  ipc.o(.text)
    rt_mq_send                               0x08015381   Thumb Code   182  ipc.o(.text)
    rt_mq_urgent                             0x08015437   Thumb Code   174  ipc.o(.text)
    rt_mq_recv                               0x080154e5   Thumb Code   476  ipc.o(.text)
    rt_mq_control                            0x080156c1   Thumb Code    98  ipc.o(.text)
    rt_interrupt_enter                       0x08015765   Thumb Code    30  irq.o(.text)
    rt_interrupt_leave                       0x08015783   Thumb Code    30  irq.o(.text)
    rt_interrupt_get_nest                    0x080157a1   Thumb Code     6  irq.o(.text)
    rt_get_errno                             0x080157ad   Thumb Code    32  kservice.o(.text)
    rt_set_errno                             0x080157cd   Thumb Code    36  kservice.o(.text)
    _rt_errno                                0x080157f1   Thumb Code    30  kservice.o(.text)
    rt_memset                                0x0801580f   Thumb Code    72  kservice.o(.text)
    rt_memcpy                                0x08015857   Thumb Code   124  kservice.o(.text)
    rt_memmove                               0x080158d3   Thumb Code    66  kservice.o(.text)
    rt_memcmp                                0x08015915   Thumb Code    38  kservice.o(.text)
    rt_strlen                                0x0801593b   Thumb Code    18  kservice.o(.text)
    rt_strstr                                0x0801594d   Thumb Code    58  kservice.o(.text)
    rt_strcasecmp                            0x08015987   Thumb Code    48  kservice.o(.text)
    rt_strncpy                               0x080159b7   Thumb Code    52  kservice.o(.text)
    rt_strncmp                               0x080159eb   Thumb Code    40  kservice.o(.text)
    rt_strcmp                                0x08015a13   Thumb Code    28  kservice.o(.text)
    rt_strnlen                               0x08015a2f   Thumb Code    24  kservice.o(.text)
    rt_strdup                                0x08015a47   Thumb Code    40  kservice.o(.text)
    rt_hw_console_output                     0x08015a6f   Thumb Code     2  kservice.o(.text)
    rt_vsnprintf                             0x08015c27   Thumb Code   800  kservice.o(.text)
    rt_kprintf                               0x08015f47   Thumb Code    96  kservice.o(.text)
    rt_show_version                          0x08015fa7   Thumb Code    38  kservice.o(.text)
    rt_snprintf                              0x08015fcd   Thumb Code    38  kservice.o(.text)
    rt_vsprintf                              0x08015ff3   Thumb Code    22  kservice.o(.text)
    rt_sprintf                               0x08016009   Thumb Code    34  kservice.o(.text)
    rt_console_get_device                    0x0801602b   Thumb Code     6  kservice.o(.text)
    rt_console_set_device                    0x08016031   Thumb Code    48  kservice.o(.text)
    rt_malloc_align                          0x08016061   Thumb Code    66  kservice.o(.text)
    rt_free_align                            0x080160a3   Thumb Code    16  kservice.o(.text)
    __rt_ffs                                 0x080160b3   Thumb Code    70  kservice.o(.text)
    rt_assert_set_hook                       0x080160f9   Thumb Code     6  kservice.o(.text)
    rt_assert_handler                        0x080160ff   Thumb Code    56  kservice.o(.text)
    rt_system_heap_init                      0x080162b1   Thumb Code   204  mem.o(.text)
    rt_malloc                                0x0801637d   Thumb Code   498  mem.o(.text)
    rt_free                                  0x0801656f   Thumb Code   628  mem.o(.text)
    rt_realloc                               0x080167e3   Thumb Code   312  mem.o(.text)
    rt_calloc                                0x0801691b   Thumb Code    84  mem.o(.text)
    rt_memory_info                           0x0801696f   Thumb Code    26  mem.o(.text)
    list_mem                                 0x08016989   Thumb Code    34  mem.o(.text)
    rt_system_object_init                    0x08016a65   Thumb Code     2  object.o(.text)
    rt_object_get_information                0x08016a67   Thumb Code    10  object.o(.text)
    rt_object_init                           0x08016a71   Thumb Code    58  object.o(.text)
    rt_object_detach                         0x08016aab   Thumb Code    38  object.o(.text)
    rt_object_allocate                       0x08016ad1   Thumb Code   114  object.o(.text)
    rt_object_delete                         0x08016b43   Thumb Code    66  object.o(.text)
    rt_object_is_systemobject                0x08016b85   Thumb Code    34  object.o(.text)
    rt_object_find                           0x08016ba7   Thumb Code   126  object.o(.text)
    rt_system_scheduler_init                 0x08016cff   Thumb Code    56  scheduler.o(.text)
    rt_system_scheduler_start                0x08016d37   Thumb Code    36  scheduler.o(.text)
    rt_schedule                              0x08016d5b   Thumb Code   112  scheduler.o(.text)
    rt_schedule_insert_thread                0x08016dcb   Thumb Code    82  scheduler.o(.text)
    rt_schedule_remove_thread                0x08016e1d   Thumb Code    94  scheduler.o(.text)
    rt_enter_critical                        0x08016e7b   Thumb Code    28  scheduler.o(.text)
    rt_exit_critical                         0x08016e97   Thumb Code    54  scheduler.o(.text)
    rt_critical_level                        0x08016ecd   Thumb Code     8  scheduler.o(.text)
    rt_thread_exit                           0x08016f8d   Thumb Code    78  thread.o(.text)
    rt_thread_timeout                        0x08016fdb   Thumb Code    66  thread.o(.text)
    rt_thread_init                           0x080170a9   Thumb Code    74  thread.o(.text)
    rt_thread_self                           0x080170f3   Thumb Code     6  thread.o(.text)
    rt_thread_resume                         0x080170f9   Thumb Code    78  thread.o(.text)
    rt_thread_startup                        0x08017147   Thumb Code    80  thread.o(.text)
    rt_thread_detach                         0x08017197   Thumb Code    76  thread.o(.text)
    rt_thread_create                         0x080171e3   Thumb Code    80  thread.o(.text)
    rt_thread_delete                         0x08017233   Thumb Code    64  thread.o(.text)
    rt_thread_yield                          0x08017273   Thumb Code    88  thread.o(.text)
    rt_thread_suspend                        0x080172cb   Thumb Code    76  thread.o(.text)
    rt_thread_sleep                          0x08017317   Thumb Code    76  thread.o(.text)
    rt_thread_delay                          0x08017363   Thumb Code   210  thread.o(.text)
    rt_thread_control                        0x08017435   Thumb Code   130  thread.o(.text)
    rt_thread_find                           0x080174b7   Thumb Code    76  thread.o(.text)
    rt_timer_init                            0x080175a7   Thumb Code    58  timer.o(.text)
    rt_timer_detach                          0x080175e1   Thumb Code    44  timer.o(.text)
    rt_timer_create                          0x0801760d   Thumb Code    54  timer.o(.text)
    rt_timer_delete                          0x08017643   Thumb Code    46  timer.o(.text)
    rt_timer_start                           0x08017671   Thumb Code   274  timer.o(.text)
    rt_timer_stop                            0x08017783   Thumb Code    62  timer.o(.text)
    rt_timer_control                         0x080177c1   Thumb Code    76  timer.o(.text)
    rt_timer_check                           0x0801780d   Thumb Code   130  timer.o(.text)
    rt_timer_next_timeout_tick               0x0801788f   Thumb Code    10  timer.o(.text)
    rt_system_timer_init                     0x08017899   Thumb Code    24  timer.o(.text)
    rt_system_timer_thread_init              0x080178b1   Thumb Code     2  timer.o(.text)
    rt_hw_stack_init                         0x08017921   Thumb Code    70  cpuport.o(.text)
    rt_hw_exception_install                  0x08017967   Thumb Code     6  cpuport.o(.text)
    rt_hw_hard_fault_exception               0x08017b4b   Thumb Code   198  cpuport.o(.text)
    rt_hw_cpu_shutdown                       0x08017c11   Thumb Code    22  cpuport.o(.text)
    rt_hw_interrupt_disable                  0x08017ef5   Thumb Code     8  context_rvds.o(.text)
    rt_hw_interrupt_enable                   0x08017efd   Thumb Code     6  context_rvds.o(.text)
    rt_hw_context_switch                     0x08017f03   Thumb Code    32  context_rvds.o(.text)
    rt_hw_context_switch_interrupt           0x08017f03   Thumb Code     0  context_rvds.o(.text)
    PendSV_Handler                           0x08017f23   Thumb Code    60  context_rvds.o(.text)
    rt_hw_context_switch_to                  0x08017f5f   Thumb Code    56  context_rvds.o(.text)
    rt_hw_interrupt_thread_switch            0x08017f97   Thumb Code     2  context_rvds.o(.text)
    HardFault_Handler                        0x08017f99   Thumb Code    48  context_rvds.o(.text)
    dfs_init                                 0x08017fe1   Thumb Code    46  dfs.o(.text)
    dfs_lock                                 0x0801800f   Thumb Code    28  dfs.o(.text)
    dfs_unlock                               0x0801802b   Thumb Code    10  dfs.o(.text)
    fd_new                                   0x08018035   Thumb Code    62  dfs.o(.text)
    fd_get                                   0x08018073   Thumb Code    58  dfs.o(.text)
    fd_put                                   0x080180ad   Thumb Code    46  dfs.o(.text)
    dfs_normalize_path                       0x080180db   Thumb Code   352  dfs.o(.text)
    fd_is_open                               0x0801823b   Thumb Code   148  dfs.o(.text)
    dfs_subdir                               0x080182cf   Thumb Code    56  dfs.o(.text)
    dfs_file_open                            0x08018389   Thumb Code   208  dfs_file.o(.text)
    dfs_file_close                           0x08018459   Thumb Code    50  dfs_file.o(.text)
    dfs_file_ioctl                           0x0801848b   Thumb Code    52  dfs_file.o(.text)
    dfs_file_read                            0x080184bf   Thumb Code    68  dfs_file.o(.text)
    dfs_file_getdents                        0x08018503   Thumb Code    54  dfs_file.o(.text)
    dfs_file_unlink                          0x08018539   Thumb Code   148  dfs_file.o(.text)
    dfs_file_write                           0x080185cd   Thumb Code    48  dfs_file.o(.text)
    dfs_file_flush                           0x080185fd   Thumb Code    36  dfs_file.o(.text)
    dfs_file_lseek                           0x08018621   Thumb Code    64  dfs_file.o(.text)
    dfs_file_stat                            0x08018661   Thumb Code   182  dfs_file.o(.text)
    dfs_file_rename                          0x08018717   Thumb Code   174  dfs_file.o(.text)
    ls                                       0x080187c5   Thumb Code   212  dfs_file.o(.text)
    rm                                       0x08018899   Thumb Code    24  dfs_file.o(.text)
    cat                                      0x080188b1   Thumb Code    80  dfs_file.o(.text)
    copy                                     0x08018ac7   Thumb Code   630  dfs_file.o(.text)
    dfs_register                             0x08018d3d   Thumb Code    76  dfs_fs.o(.text)
    dfs_filesystem_lookup                    0x08018d89   Thumb Code   114  dfs_fs.o(.text)
    dfs_filesystem_get_mounted_path          0x08018dfb   Thumb Code    52  dfs_fs.o(.text)
    dfs_filesystem_get_partition             0x08018e2f   Thumb Code   206  dfs_fs.o(.text)
    dfs_mount                                0x08018efd   Thumb Code   400  dfs_fs.o(.text)
    dfs_unmount                              0x0801908d   Thumb Code   288  dfs_fs.o(.text)
    dfs_mkfs                                 0x080191ad   Thumb Code   138  dfs_fs.o(.text)
    dfs_statfs                               0x08019237   Thumb Code    40  dfs_fs.o(.text)
    mkfs                                     0x0801925f   Thumb Code    16  dfs_fs.o(.text)
    df                                       0x0801926f   Thumb Code    60  dfs_fs.o(.text)
    open                                     0x0801932d   Thumb Code    94  dfs_posix.o(.text)
    close                                    0x0801938b   Thumb Code    68  dfs_posix.o(.text)
    read                                     0x080193cf   Thumb Code    80  dfs_posix.o(.text)
    write                                    0x0801941f   Thumb Code    80  dfs_posix.o(.text)
    lseek                                    0x0801946f   Thumb Code   150  dfs_posix.o(.text)
    rename                                   0x08019505   Thumb Code    36  dfs_posix.o(.text)
    unlink                                   0x08019529   Thumb Code    32  dfs_posix.o(.text)
    stat                                     0x08019549   Thumb Code    36  dfs_posix.o(.text)
    fstat                                    0x0801956d   Thumb Code    82  dfs_posix.o(.text)
    fsync                                    0x080195bf   Thumb Code    46  dfs_posix.o(.text)
    ioctl                                    0x080195ed   Thumb Code    70  dfs_posix.o(.text)
    statfs                                   0x08019633   Thumb Code    36  dfs_posix.o(.text)
    mkdir                                    0x08019657   Thumb Code   104  dfs_posix.o(.text)
    rmdir                                    0x080196bf   Thumb Code    32  dfs_posix.o(.text)
    opendir                                  0x080196df   Thumb Code   130  dfs_posix.o(.text)
    readdir                                  0x08019761   Thumb Code   132  dfs_posix.o(.text)
    telldir                                  0x080197e5   Thumb Code    50  dfs_posix.o(.text)
    seekdir                                  0x08019817   Thumb Code    58  dfs_posix.o(.text)
    rewinddir                                0x08019851   Thumb Code    56  dfs_posix.o(.text)
    closedir                                 0x08019889   Thumb Code    74  dfs_posix.o(.text)
    getcwd                                   0x080198d3   Thumb Code    16  dfs_posix.o(.text)
    dfs_elm_mount                            0x0801998d   Thumb Code   224  dfs_elm.o(.text)
    dfs_elm_unmount                          0x08019a6d   Thumb Code    80  dfs_elm.o(.text)
    dfs_elm_mkfs                             0x08019abd   Thumb Code   168  dfs_elm.o(.text)
    dfs_elm_statfs                           0x08019b65   Thumb Code   118  dfs_elm.o(.text)
    dfs_elm_open                             0x08019bdb   Thumb Code   334  dfs_elm.o(.text)
    dfs_elm_close                            0x08019d29   Thumb Code   248  dfs_elm.o(.text)
    dfs_elm_ioctl                            0x08019e21   Thumb Code     8  dfs_elm.o(.text)
    dfs_elm_read                             0x08019e29   Thumb Code    72  dfs_elm.o(.text)
    dfs_elm_write                            0x08019e71   Thumb Code    76  dfs_elm.o(.text)
    dfs_elm_flush                            0x08019ebd   Thumb Code    36  dfs_elm.o(.text)
    dfs_elm_lseek                            0x08019ee1   Thumb Code   114  dfs_elm.o(.text)
    dfs_elm_getdents                         0x08019f53   Thumb Code   244  dfs_elm.o(.text)
    dfs_elm_unlink                           0x0801a047   Thumb Code    86  dfs_elm.o(.text)
    dfs_elm_rename                           0x0801a09d   Thumb Code    94  dfs_elm.o(.text)
    dfs_elm_stat                             0x0801a0fb   Thumb Code   316  dfs_elm.o(.text)
    elm_init                                 0x0801a237   Thumb Code    12  dfs_elm.o(.text)
    disk_initialize                          0x0801a243   Thumb Code     6  dfs_elm.o(.text)
    disk_status                              0x0801a249   Thumb Code     6  dfs_elm.o(.text)
    disk_read                                0x0801a24f   Thumb Code    46  dfs_elm.o(.text)
    disk_write                               0x0801a27d   Thumb Code    46  dfs_elm.o(.text)
    disk_ioctl                               0x0801a2ab   Thumb Code   156  dfs_elm.o(.text)
    get_fattime                              0x0801a347   Thumb Code     4  dfs_elm.o(.text)
    ff_cre_syncobj                           0x0801a34b   Thumb Code    40  dfs_elm.o(.text)
    ff_del_syncobj                           0x0801a373   Thumb Code    16  dfs_elm.o(.text)
    ff_req_grant                             0x0801a383   Thumb Code    24  dfs_elm.o(.text)
    ff_rel_grant                             0x0801a39b   Thumb Code    12  dfs_elm.o(.text)
    ff_memalloc                              0x0801a3a7   Thumb Code    12  dfs_elm.o(.text)
    ff_memfree                               0x0801a3b3   Thumb Code    12  dfs_elm.o(.text)
    clust2sect                               0x0801a59f   Thumb Code    26  ff.o(.text)
    get_fat                                  0x0801a5b9   Thumb Code   300  ff.o(.text)
    put_fat                                  0x0801a6e5   Thumb Code   384  ff.o(.text)
    gen_numname                              0x0801ad5f   Thumb Code   168  ff.o(.text)
    f_mount                                  0x0801ba0b   Thumb Code    86  ff.o(.text)
    f_open                                   0x0801ba61   Thumb Code   412  ff.o(.text)
    f_read                                   0x0801bbfd   Thumb Code   604  ff.o(.text)
    f_write                                  0x0801be59   Thumb Code   670  ff.o(.text)
    f_sync                                   0x0801c0f7   Thumb Code   200  ff.o(.text)
    f_close                                  0x0801c1bf   Thumb Code    22  ff.o(.text)
    f_lseek                                  0x0801c1d5   Thumb Code   912  ff.o(.text)
    f_opendir                                0x0801c565   Thumb Code   152  ff.o(.text)
    f_readdir                                0x0801c5fd   Thumb Code   130  ff.o(.text)
    f_seekdir                                0x0801c67f   Thumb Code    60  ff.o(.text)
    f_stat                                   0x0801c6bb   Thumb Code    98  ff.o(.text)
    f_getfree                                0x0801c71d   Thumb Code   286  ff.o(.text)
    f_truncate                               0x0801c83b   Thumb Code   164  ff.o(.text)
    f_unlink                                 0x0801c8df   Thumb Code   218  ff.o(.text)
    f_mkdir                                  0x0801c9b9   Thumb Code   434  ff.o(.text)
    f_chmod                                  0x0801cb6b   Thumb Code   128  ff.o(.text)
    f_utime                                  0x0801cbeb   Thumb Code   128  ff.o(.text)
    f_rename                                 0x0801cc6b   Thumb Code   336  ff.o(.text)
    f_mkfs                                   0x0801cdbb   Thumb Code  1598  ff.o(.text)
    elm_get_vol                              0x0801d3f9   Thumb Code    32  ff.o(.text)
    ff_convert                               0x0801d435   Thumb Code    70  ccsbcs.o(.text)
    ff_wtoupper                              0x0801d47b   Thumb Code    46  ccsbcs.o(.text)
    rt_hw_serial_register                    0x0801dc23   Thumb Code    76  serial.o(.text)
    rt_hw_serial_isr                         0x0801dc6f   Thumb Code   464  serial.o(.text)
    rt_spi_bus_register                      0x0801e071   Thumb Code    50  spi_core.o(.text)
    rt_spi_bus_attach_device                 0x0801e0a3   Thumb Code    74  spi_core.o(.text)
    rt_spi_configure                         0x0801e0ed   Thumb Code    96  spi_core.o(.text)
    rt_spi_send_then_send                    0x0801e14d   Thumb Code   240  spi_core.o(.text)
    rt_spi_send_then_recv                    0x0801e23d   Thumb Code   240  spi_core.o(.text)
    rt_spi_transfer                          0x0801e32d   Thumb Code   198  spi_core.o(.text)
    rt_spi_transfer_message                  0x0801e3f3   Thumb Code   164  spi_core.o(.text)
    rt_spi_take_bus                          0x0801e497   Thumb Code   204  spi_core.o(.text)
    rt_spi_release_bus                       0x0801e563   Thumb Code    72  spi_core.o(.text)
    rt_spi_take                              0x0801e5ab   Thumb Code    80  spi_core.o(.text)
    rt_spi_release                           0x0801e5fb   Thumb Code    80  spi_core.o(.text)
    rt_spi_bus_device_init                   0x0801e6fd   Thumb Code    56  spi_dev.o(.text)
    rt_spidev_device_init                    0x0801e7b9   Thumb Code    56  spi_dev.o(.text)
    rt_completion_init                       0x0801e885   Thumb Code    42  completion.o(.text)
    rt_completion_wait                       0x0801e8af   Thumb Code   198  completion.o(.text)
    rt_completion_done                       0x0801e975   Thumb Code    76  completion.o(.text)
    rt_data_queue_init                       0x0801ea5b   Thumb Code    78  dataqueue.o(.text)
    rt_data_queue_push                       0x0801eaa9   Thumb Code   276  dataqueue.o(.text)
    rt_data_queue_pop                        0x0801ebbd   Thumb Code   340  dataqueue.o(.text)
    rt_data_queue_peak                       0x0801ed11   Thumb Code    94  dataqueue.o(.text)
    rt_data_queue_reset                      0x0801ed6f   Thumb Code   106  dataqueue.o(.text)
    finsh_set_device                         0x0801ee83   Thumb Code   156  shell.o(.text)
    finsh_get_device                         0x0801ef1f   Thumb Code    28  shell.o(.text)
    finsh_set_echo                           0x0801ef3b   Thumb Code    30  shell.o(.text)
    finsh_get_echo                           0x0801ef59   Thumb Code    32  shell.o(.text)
    finsh_run_line                           0x0801ef95   Thumb Code   164  shell.o(.text)
    finsh_thread_entry                       0x0801f0f5   Thumb Code  1646  shell.o(.text)
    finsh_system_function_init               0x0801f763   Thumb Code    10  shell.o(.text)
    finsh_system_var_init                    0x0801f76d   Thumb Code    10  shell.o(.text)
    finsh_system_init                        0x0801f777   Thumb Code   120  shell.o(.text)
    hello                                    0x0801f859   Thumb Code    12  cmd.o(.text)
    version                                  0x0801f865   Thumb Code    10  cmd.o(.text)
    list_thread                              0x0801f96d   Thumb Code    10  cmd.o(.text)
    list_sem                                 0x0801fa2f   Thumb Code    12  cmd.o(.text)
    list_event                               0x0801fab9   Thumb Code    12  cmd.o(.text)
    list_mutex                               0x0801fb23   Thumb Code    12  cmd.o(.text)
    list_mailbox                             0x0801fbc1   Thumb Code    12  cmd.o(.text)
    list_msgqueue                            0x0801ff45   Thumb Code    10  cmd.o(.text)
    list_mempool                             0x0801ffd5   Thumb Code    12  cmd.o(.text)
    list_timer                               0x08020051   Thumb Code    12  cmd.o(.text)
    list_device                              0x080200c5   Thumb Code    12  cmd.o(.text)
    list                                     0x080200d1   Thumb Code   126  cmd.o(.text)
    list_prefix                              0x08020191   Thumb Code   978  cmd.o(.text)
    finsh_compiler_run                       0x08021d43   Thumb Code    88  finsh_compiler.o(.text)
    finsh_error_init                         0x08021dad   Thumb Code     8  finsh_error.o(.text)
    finsh_error_set                          0x08021db5   Thumb Code    10  finsh_error.o(.text)
    finsh_errno                              0x08021dbf   Thumb Code     6  finsh_error.o(.text)
    finsh_error_string                       0x08021dc5   Thumb Code    10  finsh_error.o(.text)
    finsh_heap_init                          0x08021dd9   Thumb Code    36  finsh_heap.o(.text)
    finsh_heap_free                          0x08021efd   Thumb Code    34  finsh_heap.o(.text)
    finsh_heap_allocate                      0x08021f6d   Thumb Code   106  finsh_heap.o(.text)
    finsh_init                               0x08021fe9   Thumb Code    30  finsh_init.o(.text)
    finsh_stack_bottom                       0x08022007   Thumb Code     6  finsh_init.o(.text)
    finsh_flush                              0x0802200d   Thumb Code    22  finsh_init.o(.text)
    finsh_reset                              0x08022023   Thumb Code    24  finsh_init.o(.text)
    finsh_node_init                          0x08022041   Thumb Code    16  finsh_node.o(.text)
    finsh_node_allocate                      0x08022051   Thumb Code    56  finsh_node.o(.text)
    finsh_node_new_id                        0x08022089   Thumb Code   118  finsh_node.o(.text)
    finsh_node_new_char                      0x080220ff   Thumb Code    30  finsh_node.o(.text)
    finsh_node_new_int                       0x0802211d   Thumb Code    30  finsh_node.o(.text)
    finsh_node_new_long                      0x0802213b   Thumb Code    30  finsh_node.o(.text)
    finsh_node_new_string                    0x08022159   Thumb Code    74  finsh_node.o(.text)
    finsh_node_new_ptr                       0x080221a3   Thumb Code    30  finsh_node.o(.text)
    OP_no_op                                 0x080221c5   Thumb Code     2  finsh_ops.o(.text)
    OP_add_byte                              0x080221c7   Thumb Code    42  finsh_ops.o(.text)
    OP_add_word                              0x080221f1   Thumb Code    44  finsh_ops.o(.text)
    OP_add_dword                             0x0802221d   Thumb Code    42  finsh_ops.o(.text)
    OP_sub_byte                              0x08022247   Thumb Code    42  finsh_ops.o(.text)
    OP_sub_word                              0x08022271   Thumb Code    44  finsh_ops.o(.text)
    OP_sub_dword                             0x0802229d   Thumb Code    42  finsh_ops.o(.text)
    OP_div_byte                              0x080222c7   Thumb Code    44  finsh_ops.o(.text)
    OP_div_word                              0x080222f3   Thumb Code    46  finsh_ops.o(.text)
    OP_div_dword                             0x08022321   Thumb Code    44  finsh_ops.o(.text)
    OP_mod_byte                              0x0802234d   Thumb Code    48  finsh_ops.o(.text)
    OP_mod_word                              0x0802237d   Thumb Code    48  finsh_ops.o(.text)
    OP_mod_dword                             0x080223ad   Thumb Code    48  finsh_ops.o(.text)
    OP_mul_byte                              0x080223dd   Thumb Code    42  finsh_ops.o(.text)
    OP_mul_word                              0x08022407   Thumb Code    44  finsh_ops.o(.text)
    OP_mul_dword                             0x08022433   Thumb Code    42  finsh_ops.o(.text)
    OP_and_byte                              0x0802245d   Thumb Code    42  finsh_ops.o(.text)
    OP_and_word                              0x08022487   Thumb Code    42  finsh_ops.o(.text)
    OP_and_dword                             0x080224b1   Thumb Code    42  finsh_ops.o(.text)
    OP_or_byte                               0x080224db   Thumb Code    42  finsh_ops.o(.text)
    OP_or_word                               0x08022505   Thumb Code    42  finsh_ops.o(.text)
    OP_or_dword                              0x0802252f   Thumb Code    42  finsh_ops.o(.text)
    OP_xor_byte                              0x08022559   Thumb Code    42  finsh_ops.o(.text)
    OP_xor_word                              0x08022583   Thumb Code    46  finsh_ops.o(.text)
    OP_xor_dword                             0x080225b1   Thumb Code    42  finsh_ops.o(.text)
    OP_bw_byte                               0x080225db   Thumb Code    20  finsh_ops.o(.text)
    OP_bw_word                               0x080225ef   Thumb Code    20  finsh_ops.o(.text)
    OP_bw_dword                              0x08022603   Thumb Code    20  finsh_ops.o(.text)
    OP_shl_byte                              0x08022617   Thumb Code    42  finsh_ops.o(.text)
    OP_shl_word                              0x08022641   Thumb Code    44  finsh_ops.o(.text)
    OP_shl_dword                             0x0802266d   Thumb Code    42  finsh_ops.o(.text)
    OP_shr_byte                              0x08022697   Thumb Code    42  finsh_ops.o(.text)
    OP_shr_word                              0x080226c1   Thumb Code    42  finsh_ops.o(.text)
    OP_shr_dword                             0x080226eb   Thumb Code    42  finsh_ops.o(.text)
    OP_ld_byte                               0x08022715   Thumb Code    34  finsh_ops.o(.text)
    OP_ld_word                               0x08022737   Thumb Code    46  finsh_ops.o(.text)
    OP_ld_dword                              0x08022765   Thumb Code    64  finsh_ops.o(.text)
    OP_ld_value_byte                         0x080227a5   Thumb Code    66  finsh_ops.o(.text)
    OP_ld_value_byte_stack                   0x080227e7   Thumb Code    20  finsh_ops.o(.text)
    OP_ld_value_word                         0x080227fb   Thumb Code    66  finsh_ops.o(.text)
    OP_ld_value_word_stack                   0x0802283d   Thumb Code    20  finsh_ops.o(.text)
    OP_ld_value_dword                        0x08022851   Thumb Code    66  finsh_ops.o(.text)
    OP_ld_value_dword_stack                  0x08022893   Thumb Code    20  finsh_ops.o(.text)
    OP_st_byte                               0x080228a7   Thumb Code    30  finsh_ops.o(.text)
    OP_st_word                               0x080228c5   Thumb Code    30  finsh_ops.o(.text)
    OP_st_dword                              0x080228e3   Thumb Code    30  finsh_ops.o(.text)
    OP_pop                                   0x08022901   Thumb Code    12  finsh_ops.o(.text)
    OP_call                                  0x0802290d   Thumb Code   906  finsh_ops.o(.text)
    finsh_parser_run                         0x0802352d   Thumb Code   220  finsh_parser.o(.text)
    finsh_parser_init                        0x08023609   Thumb Code    16  finsh_parser.o(.text)
    finsh_var_init                           0x08023619   Thumb Code    14  finsh_var.o(.text)
    finsh_var_insert                         0x08023627   Thumb Code   114  finsh_var.o(.text)
    finsh_var_delete                         0x08023699   Thumb Code    68  finsh_var.o(.text)
    finsh_var_lookup                         0x080236dd   Thumb Code    58  finsh_var.o(.text)
    finsh_sysvar_append                      0x08023717   Thumb Code    62  finsh_var.o(.text)
    finsh_sysvar_lookup                      0x08023755   Thumb Code    78  finsh_var.o(.text)
    finsh_vm_run                             0x080237b5   Thumb Code    62  finsh_vm.o(.text)
    finsh_syscall_append                     0x080237f3   Thumb Code    54  finsh_vm.o(.text)
    finsh_syscall_lookup                     0x08023829   Thumb Code    78  finsh_vm.o(.text)
    finsh_token_init                         0x08023899   Thumb Code    20  finsh_token.o(.text)
    token_get_string                         0x08023cb1   Thumb Code   120  finsh_token.o(.text)
    finsh_token_token                        0x08023ee9   Thumb Code    24  finsh_token.o(.text)
    finsh_token_get_token                    0x08023f01   Thumb Code    20  finsh_token.o(.text)
    mktime                                   0x08023f19   Thumb Code   150  mktime.o(.text)
    __aeabi_memcpy                           0x08023fc1   Thumb Code    36  memcpya.o(.text)
    __aeabi_memcpy4                          0x08023fc1   Thumb Code     0  memcpya.o(.text)
    __aeabi_memcpy8                          0x08023fc1   Thumb Code     0  memcpya.o(.text)
    __aeabi_memset                           0x08023fe5   Thumb Code    14  memseta.o(.text)
    __aeabi_memset4                          0x08023fe5   Thumb Code     0  memseta.o(.text)
    __aeabi_memset8                          0x08023fe5   Thumb Code     0  memseta.o(.text)
    __aeabi_memclr                           0x08023ff3   Thumb Code     4  memseta.o(.text)
    __aeabi_memclr4                          0x08023ff3   Thumb Code     0  memseta.o(.text)
    __aeabi_memclr8                          0x08023ff3   Thumb Code     0  memseta.o(.text)
    _memset$wrapper                          0x08023ff7   Thumb Code    18  memseta.o(.text)
    strncpy                                  0x08024009   Thumb Code    24  strncpy.o(.text)
    strlen                                   0x08024021   Thumb Code    14  strlen.o(.text)
    strcmp                                   0x0802402f   Thumb Code    28  strcmp.o(.text)
    strncmp                                  0x0802404b   Thumb Code    30  strncmp.o(.text)
    strrchr                                  0x08024069   Thumb Code    32  strrchr.o(.text)
    atoi                                     0x08024089   Thumb Code    26  atoi.o(.text)
    __aeabi_fadd                             0x080240a3   Thumb Code   164  fadd.o(.text)
    __aeabi_fsub                             0x08024147   Thumb Code     6  fadd.o(.text)
    __aeabi_frsub                            0x0802414d   Thumb Code     6  fadd.o(.text)
    __aeabi_fmul                             0x08024153   Thumb Code   100  fmul.o(.text)
    __aeabi_fdiv                             0x080241b7   Thumb Code   124  fdiv.o(.text)
    __aeabi_dmul                             0x08024233   Thumb Code   228  dmul.o(.text)
    __aeabi_i2f                              0x08024317   Thumb Code    18  fflti.o(.text)
    __aeabi_ui2f                             0x08024329   Thumb Code    10  ffltui.o(.text)
    __aeabi_ui2d                             0x08024333   Thumb Code    26  dfltui.o(.text)
    __aeabi_f2iz                             0x0802434d   Thumb Code    50  ffixi.o(.text)
    __aeabi_f2uiz                            0x0802437f   Thumb Code    40  ffixui.o(.text)
    __aeabi_d2uiz                            0x080243a7   Thumb Code    50  dfixui.o(.text)
    __aeabi_f2d                              0x080243d9   Thumb Code    38  f2d.o(.text)
    __aeabi_cdcmpeq                          0x08024401   Thumb Code     0  cdcmple.o(.text)
    __aeabi_cdcmple                          0x08024401   Thumb Code    48  cdcmple.o(.text)
    __aeabi_cdrcmple                         0x08024431   Thumb Code    48  cdrcmple.o(.text)
    __aeabi_llsr                             0x08024461   Thumb Code    32  llushr.o(.text)
    _ll_ushift_r                             0x08024461   Thumb Code     0  llushr.o(.text)
    _localtime                               0x08024481   Thumb Code   134  localtime_i.o(.text)
    strtol                                   0x0802450d   Thumb Code   112  strtol.o(.text)
    __I$use$fp                               0x0802457d   Thumb Code     0  iusefp.o(.text)
    _float_round                             0x0802457d   Thumb Code    18  fepilogue.o(.text)
    _float_epilogue                          0x0802458f   Thumb Code    92  fepilogue.o(.text)
    _double_round                            0x080245eb   Thumb Code    30  depilogue.o(.text)
    _double_epilogue                         0x08024609   Thumb Code   156  depilogue.o(.text)
    _dsqrt                                   0x080246a5   Thumb Code   162  dsqrt.o(.text)
    __scatterload                            0x08024749   Thumb Code    28  init.o(.text)
    __scatterload_rt2                        0x08024749   Thumb Code     0  init.o(.text)
    __aeabi_llsl                             0x0802476d   Thumb Code    30  llshl.o(.text)
    _ll_shift_l                              0x0802476d   Thumb Code     0  llshl.o(.text)
    __rt_ctype_table                         0x0802478d   Thumb Code     4  ctype_o.o(.text)
    _strtoul                                 0x08024795   Thumb Code   158  _strtoul.o(.text)
    _chval                                   0x08024833   Thumb Code    28  _chval.o(.text)
    __decompress                             0x0802484f   Thumb Code     0  __dczerorl2.o(.text)
    __decompress1                            0x0802484f   Thumb Code    86  __dczerorl2.o(.text)
    __aeabi_errno_addr                       0x080248a5   Thumb Code     4  errno.o(i.__aeabi_errno_addr)
    __rt_errno_addr                          0x080248a5   Thumb Code     0  errno.o(i.__aeabi_errno_addr)
    __scatterload_copy                       0x080248ad   Thumb Code    14  handlers.o(i.__scatterload_copy)
    __scatterload_null                       0x080248bb   Thumb Code     2  handlers.o(i.__scatterload_null)
    __scatterload_zeroinit                   0x080248bd   Thumb Code    14  handlers.o(i.__scatterload_zeroinit)
    __set_errno                              0x080248cd   Thumb Code     6  errno.o(i.__set_errno)
    sqrt                                     0x080248d9   Thumb Code    76  sqrt.o(i.sqrt)
    asc2_1206                                0x080249ac   Data        1140  ili93xx.o(.constdata)
    asc2_1608                                0x08024e20   Data        1520  ili93xx.o(.constdata)
    asc2_2412                                0x08025410   Data        3420  ili93xx.o(.constdata)
    TP_REMIND_MSG_TBL                        0x0802616c   Data           4  touch_screen.o(.constdata)
    __lowest_bit_bitmap                      0x08026405   Data         256  kservice.o(.constdata)
    op_table                                 0x08027138   Data         196  finsh_ops.o(.constdata)
    __ctype_table                            0x08027254   Data         129  ctype_o.o(.constdata)
    __fsym_send_card_name                    0x08027746   Data          10  rfid_thread.o(.rodata.name)
    __fsym_send_card_desc                    0x08027750   Data          20  rfid_thread.o(.rodata.name)
    __fsym_set_time_name                     0x08027764   Data           9  rtc_thread.o(.rodata.name)
    __fsym_set_time_desc                     0x0802776d   Data          18  rtc_thread.o(.rodata.name)
    __fsym_get_time_name                     0x0802777f   Data           9  rtc_thread.o(.rodata.name)
    __fsym_get_time_desc                     0x08027788   Data          25  rtc_thread.o(.rodata.name)
    __fsym_led_name                          0x080277a1   Data           4  led.o(.rodata.name)
    __fsym_led_desc                          0x080277a5   Data          32  led.o(.rodata.name)
    __fsym_open_door_name                    0x080277c5   Data          10  beep_door.o(.rodata.name)
    __fsym_open_door_desc                    0x080277cf   Data          19  beep_door.o(.rodata.name)
    __fsym_set_lcd_led_name                  0x080277e2   Data          12  pwm.o(.rodata.name)
    __fsym_set_lcd_led_desc                  0x080277ee   Data          12  pwm.o(.rodata.name)
    __fsym_list_mem_name                     0x080277fa   Data           9  mem.o(.rodata.name)
    __fsym_list_mem_desc                     0x08027803   Data          30  mem.o(.rodata.name)
    __fsym_ls_name                           0x08027821   Data           3  dfs_file.o(.rodata.name)
    __fsym_ls_desc                           0x08027824   Data          24  dfs_file.o(.rodata.name)
    __fsym_rm_name                           0x0802783c   Data           3  dfs_file.o(.rodata.name)
    __fsym_rm_desc                           0x0802783f   Data          28  dfs_file.o(.rodata.name)
    __fsym_cat_name                          0x0802785b   Data           4  dfs_file.o(.rodata.name)
    __fsym_cat_desc                          0x0802785f   Data          11  dfs_file.o(.rodata.name)
    __fsym_copy_name                         0x0802786a   Data           5  dfs_file.o(.rodata.name)
    __fsym_copy_desc                         0x0802786f   Data          17  dfs_file.o(.rodata.name)
    __fsym_mkfs_name                         0x08027880   Data           5  dfs_fs.o(.rodata.name)
    __fsym_mkfs_desc                         0x08027885   Data          19  dfs_fs.o(.rodata.name)
    __fsym_df_name                           0x08027898   Data           3  dfs_fs.o(.rodata.name)
    __fsym_df_desc                           0x0802789b   Data          14  dfs_fs.o(.rodata.name)
    __fsym_mkdir_name                        0x080278a9   Data           6  dfs_posix.o(.rodata.name)
    __fsym_mkdir_desc                        0x080278af   Data          19  dfs_posix.o(.rodata.name)
    __fsym_hello_name                        0x080278c2   Data           6  cmd.o(.rodata.name)
    __fsym_hello_desc                        0x080278c8   Data          16  cmd.o(.rodata.name)
    __fsym_version_name                      0x080278d8   Data           8  cmd.o(.rodata.name)
    __fsym_version_desc                      0x080278e0   Data          35  cmd.o(.rodata.name)
    __fsym_list_thread_name                  0x08027903   Data          12  cmd.o(.rodata.name)
    __fsym_list_thread_desc                  0x0802790f   Data          12  cmd.o(.rodata.name)
    __fsym_list_sem_name                     0x0802791b   Data           9  cmd.o(.rodata.name)
    __fsym_list_sem_desc                     0x08027924   Data          25  cmd.o(.rodata.name)
    __fsym_list_event_name                   0x0802793d   Data          11  cmd.o(.rodata.name)
    __fsym_list_event_desc                   0x08027948   Data          21  cmd.o(.rodata.name)
    __fsym_list_mutex_name                   0x0802795d   Data          11  cmd.o(.rodata.name)
    __fsym_list_mutex_desc                   0x08027968   Data          21  cmd.o(.rodata.name)
    __fsym_list_mailbox_name                 0x0802797d   Data          13  cmd.o(.rodata.name)
    __fsym_list_mailbox_desc                 0x0802798a   Data          24  cmd.o(.rodata.name)
    __fsym_list_msgqueue_name                0x080279a2   Data          14  cmd.o(.rodata.name)
    __fsym_list_msgqueue_desc                0x080279b0   Data          29  cmd.o(.rodata.name)
    __fsym_list_mempool_name                 0x080279cd   Data          13  cmd.o(.rodata.name)
    __fsym_list_mempool_desc                 0x080279da   Data          27  cmd.o(.rodata.name)
    __fsym_list_timer_name                   0x080279f5   Data          11  cmd.o(.rodata.name)
    __fsym_list_timer_desc                   0x08027a00   Data          21  cmd.o(.rodata.name)
    __fsym_list_device_name                  0x08027a15   Data          12  cmd.o(.rodata.name)
    __fsym_list_device_desc                  0x08027a21   Data          22  cmd.o(.rodata.name)
    __fsym_list_name                         0x08027a37   Data           5  cmd.o(.rodata.name)
    __fsym_list_desc                         0x08027a3c   Data          26  cmd.o(.rodata.name)
    __vsym_dummy_name                        0x08027a56   Data           6  cmd.o(.rodata.name)
    __vsym_dummy_desc                        0x08027a5c   Data          25  cmd.o(.rodata.name)
    __rt_init_rti_start                      0x08027a78   Data           4  components.o(.rti_fn.0)
    __rt_init_rti_board_start                0x08027a7c   Data           4  components.o(.rti_fn.0.end)
    __rt_init_rti_board_end                  0x08027a80   Data           4  components.o(.rti_fn.1.end)
    __rt_init_rt_hw_sdcard_init              0x08027a84   Data           4  sdcard.o(.rti_fn.2)
    __rt_init_dfs_init                       0x08027a88   Data           4  dfs.o(.rti_fn.3)
    __rt_init_finsh_system_init              0x08027a8c   Data           4  shell.o(.rti_fn.3)
    __rt_init_elm_init                       0x08027a90   Data           4  dfs_elm.o(.rti_fn.4)
    __rt_init_rti_end                        0x08027a94   Data           4  components.o(.rti_fn.6.end)
    FSymTab$$Base                            0x08027a98   Number         0  rfid_thread.o(FSymTab)
    __fsym_send_card                         0x08027a98   Data          12  rfid_thread.o(FSymTab)
    __fsym_set_time                          0x08027aa4   Data          12  rtc_thread.o(FSymTab)
    __fsym_get_time                          0x08027ab0   Data          12  rtc_thread.o(FSymTab)
    __fsym_led                               0x08027abc   Data          12  led.o(FSymTab)
    __fsym_open_door                         0x08027ac8   Data          12  beep_door.o(FSymTab)
    __fsym_set_lcd_led                       0x08027ad4   Data          12  pwm.o(FSymTab)
    __fsym_list_mem                          0x08027ae0   Data          12  mem.o(FSymTab)
    __fsym_ls                                0x08027aec   Data          12  dfs_file.o(FSymTab)
    __fsym_rm                                0x08027af8   Data          12  dfs_file.o(FSymTab)
    __fsym_cat                               0x08027b04   Data          12  dfs_file.o(FSymTab)
    __fsym_copy                              0x08027b10   Data          12  dfs_file.o(FSymTab)
    __fsym_mkfs                              0x08027b1c   Data          12  dfs_fs.o(FSymTab)
    __fsym_df                                0x08027b28   Data          12  dfs_fs.o(FSymTab)
    __fsym_mkdir                             0x08027b34   Data          12  dfs_posix.o(FSymTab)
    __fsym_hello                             0x08027b40   Data          12  cmd.o(FSymTab)
    __fsym_version                           0x08027b4c   Data          12  cmd.o(FSymTab)
    __fsym_list_thread                       0x08027b58   Data          12  cmd.o(FSymTab)
    __fsym_list_sem                          0x08027b64   Data          12  cmd.o(FSymTab)
    __fsym_list_event                        0x08027b70   Data          12  cmd.o(FSymTab)
    __fsym_list_mutex                        0x08027b7c   Data          12  cmd.o(FSymTab)
    __fsym_list_mailbox                      0x08027b88   Data          12  cmd.o(FSymTab)
    __fsym_list_msgqueue                     0x08027b94   Data          12  cmd.o(FSymTab)
    __fsym_list_mempool                      0x08027ba0   Data          12  cmd.o(FSymTab)
    __fsym_list_timer                        0x08027bac   Data          12  cmd.o(FSymTab)
    __fsym_list_device                       0x08027bb8   Data          12  cmd.o(FSymTab)
    __fsym_list                              0x08027bc4   Data          12  cmd.o(FSymTab)
    FSymTab$$Limit                           0x08027bd0   Number         0  cmd.o(FSymTab)
    Region$$Table$$Base                      0x08027bd0   Number         0  anon$$obj.o(Region$$Table)
    Region$$Table$$Limit                     0x08027bf0   Number         0  anon$$obj.o(Region$$Table)
    VSymTab$$Base                            0x08027bf0   Number         0  cmd.o(VSymTab)
    __vsym_dummy                             0x08027bf0   Data          16  cmd.o(VSymTab)
    VSymTab$$Limit                           0x08027c00   Number         0  cmd.o(VSymTab)
    device_config_path                       0x20000000   Data           4  device_config.o(.data)
    device_addr                              0x20000004   Data           1  device_config.o(.data)
    user_info_database_path                  0x20000008   Data           4  p_database.o(.data)
    read_card_id                             0x2000000c   Data           4  rfid_thread.o(.data)
    uart1                                    0x20000014   Data          24  usart.o(.data)
    uart2                                    0x2000002c   Data          24  usart.o(.data)
    uart3                                    0x20000044   Data          24  usart.o(.data)
    SrcBuffer                                0x20000070   Data           4  sdcard.o(.data)
    DestBuffer                               0x20000074   Data           4  sdcard.o(.data)
    TransferError                            0x20000078   Data           1  sdcard.o(.data)
    TransferEnd                              0x2000007c   Data           4  sdcard.o(.data)
    NumberOfBytes                            0x20000080   Data           4  sdcard.o(.data)
    TimeValue                                0x20000084   Data           8  ds1307.o(.data)
    Time_Buffer                              0x2000008c   Data           8  ds1307.o(.data)
    rt_spi_esp8266_device                    0x20000094   Data           4  esp8266.o(.data)
    wr_rdy                                   0x20000098   Data           1  esp8266.o(.data)
    rd_rdy                                   0x20000099   Data           1  esp8266.o(.data)
    CT                                       0x200000a8   Data           2  rc522.o(.data)
    get_card_id_array                        0x200000aa   Data           4  rc522.o(.data)
    rt_spi_rc522_device                      0x200000b0   Data           4  rc522.o(.data)
    rt_spi_rc522_in_device                   0x200000b4   Data           4  rc522.o(.data)
    rt_spi_rc522_out_device                  0x200000b8   Data           4  rc522.o(.data)
    rc522_readBuf                            0x200000bc   Data           2  rc522.o(.data)
    rc522_writeBuf                           0x200000be   Data           2  rc522.o(.data)
    POINT_COLOR                              0x200000d0   Data           2  ili93xx.o(.data)
    BACK_COLOR                               0x200000d2   Data           2  ili93xx.o(.data)
    rt_spi_tp_device                         0x200000d4   Data           4  touch_screen.o(.data)
    file_name                                0x200000d8   Data           4  touch_screen.o(.data)
    tp_dev                                   0x200000dc   Data          52  touch_screen.o(.data)
    CMD_RDX                                  0x20000110   Data           1  touch_screen.o(.data)
    CMD_RDY                                  0x20000111   Data           1  touch_screen.o(.data)
    tp_readBuf                               0x20000112   Data           1  touch_screen.o(.data)
    tp_writeBuf                              0x20000113   Data           1  touch_screen.o(.data)
    SystemCoreClock                          0x2000011c   Data           4  system_stm32f10x.o(.data)
    AHBPrescTable                            0x20000120   Data          16  system_stm32f10x.o(.data)
    rt_interrupt_nest                        0x20000148   Data           1  irq.o(.data)
    rt_assert_hook                           0x20000154   Data           4  kservice.o(.data)
    rt_object_container                      0x20000170   Data         144  object.o(.data)
    rt_current_thread                        0x20000204   Data           4  scheduler.o(.data)
    rt_current_priority                      0x20000208   Data           1  scheduler.o(.data)
    rt_thread_ready_priority_group           0x2000020c   Data           4  scheduler.o(.data)
    rt_thread_defunct                        0x20000210   Data           8  scheduler.o(.data)
    rt_interrupt_from_thread                 0x20000224   Data           4  cpuport.o(.data)
    rt_interrupt_to_thread                   0x20000228   Data           4  cpuport.o(.data)
    rt_thread_switch_interrupt_flag          0x2000022c   Data           4  cpuport.o(.data)
    shell                                    0x2000024c   Data           4  shell.o(.data)
    _syscall_table_begin                     0x20000250   Data           4  symbol.o(.data)
    _syscall_table_end                       0x20000254   Data           4  symbol.o(.data)
    _sysvar_table_begin                      0x20000258   Data           4  symbol.o(.data)
    _sysvar_table_end                        0x2000025c   Data           4  symbol.o(.data)
    finsh_compile_sp                         0x20000264   Data           4  finsh_compiler.o(.data)
    finsh_compile_pc                         0x20000268   Data           4  finsh_compiler.o(.data)
    global_errno                             0x2000026c   Data           1  finsh_error.o(.data)
    global_sysvar_list                       0x200002b4   Data           4  finsh_var.o(.data)
    finsh_sp                                 0x200002b8   Data           4  finsh_vm.o(.data)
    finsh_pc                                 0x200002bc   Data           4  finsh_vm.o(.data)
    global_syscall_list                      0x200002c0   Data           4  finsh_vm.o(.data)
    this_device_name                         0x200002c8   Data          64  device_config.o(.bss)
    card_id_array                            0x20000b98   Data        6000  p_database.o(.bss)
    rc522_stack                              0x20002308   Data        1024  rfid_thread.o(.bss)
    rc522_thread                             0x20002708   Data         144  rfid_thread.o(.bss)
    user_check_event                         0x20002798   Data          40  rfid_thread.o(.bss)
    rtc_stack                                0x200027c0   Data        1024  rtc_thread.o(.bss)
    rtc_thread                               0x20002bc0   Data         144  rtc_thread.o(.bss)
    user_check_stack                         0x20002c50   Data        1024  user_check_thread.o(.bss)
    user_check_thread                        0x20003050   Data         144  user_check_thread.o(.bss)
    user_info_struct_get                     0x200030e0   Data        1040  user_check_thread.o(.bss)
    wifi_stack                               0x200034f0   Data        1024  wifi_thread.o(.bss)
    wifi_thread                              0x200038f0   Data         144  wifi_thread.o(.bss)
    serial1                                  0x20003980   Data          92  usart.o(.bss)
    serial2                                  0x200039dc   Data          92  usart.o(.bss)
    serial3                                  0x20003a38   Data          92  usart.o(.bss)
    SDIO_InitStructure                       0x20003ab4   Data          24  sdcard.o(.bss)
    SDIO_CmdInitStructure                    0x20003acc   Data          20  sdcard.o(.bss)
    SDIO_DataInitStructure                   0x20003ae0   Data          24  sdcard.o(.bss)
    esp8266_message                          0x20003dc8   Data          20  esp8266.o(.bss)
    esp8266_readBuf                          0x20003ddc   Data          64  esp8266.o(.bss)
    esp8266_writeBuf                         0x20003e1c   Data          64  esp8266.o(.bss)
    buf                                      0x20003e5c   Data          32  esp8266.o(.bss)
    pack                                     0x20003e7c   Data        1024  esp8266.o(.bss)
    rc522_message                            0x200042d0   Data          20  rc522.o(.bss)
    stm32_spi1_bus                           0x2000438c   Data         128  spi_bus.o(.bss)
    rt_spi1_bus                              0x2000440c   Data         124  spi_bus.o(.bss)
    stm32_spi2_bus                           0x20004488   Data         128  spi_bus.o(.bss)
    rt_spi2_bus                              0x20004508   Data         124  spi_bus.o(.bss)
    stm32_spi3_bus                           0x20004584   Data         128  spi_bus.o(.bss)
    rt_spi3_bus                              0x20004604   Data         124  spi_bus.o(.bss)
    lcddev                                   0x20004680   Data          14  ili93xx.o(.bss)
    rt_spi_tp_message                        0x20004690   Data          20  touch_screen.o(.bss)
    rt_thread_priority_table                 0x20004a30   Data         256  scheduler.o(.bss)
    filesystem_operation_table               0x20004b30   Data          16  dfs.o(.bss)
    filesystem_table                         0x20004b40   Data          32  dfs.o(.bss)
    fd_table                                 0x20004b8c   Data         128  dfs.o(.bss)
    finsh_heap                               0x20009dc0   Data         128  finsh_heap.o(.bss)
    global_node_table                        0x20009e40   Data         320  finsh_node.o(.bss)
    global_variable                          0x20009f80   Data         192  finsh_var.o(.bss)
    finsh_vm_stack                           0x2000a040   Data         256  finsh_vm.o(.bss)
    text_segment                             0x2000a140   Data         128  finsh_vm.o(.bss)
    __initial_sp                             0x2000a5c0   Data           0  startup_stm32f10x_hd.o(STACK)



==============================================================================

Memory Map of the image

  Image Entry point : 0x08000131

  Load Region LR_IROM1 (Base: 0x08000000, Size: 0x00027ec8, Max: 0x00080000, ABSOLUTE, COMPRESSED[0x00027cf0])

    Execution Region ER_IROM1 (Base: 0x08000000, Size: 0x00027c00, Max: 0x00080000, ABSOLUTE)

    Base Addr    Size         Type   Attr      Idx    E Section Name        Object

    0x08000000   0x00000130   Data   RO         1392    RESET               startup_stm32f10x_hd.o
    0x08000130   0x00000000   Code   RO         2338  * .ARM.Collect$$$$00000000  mc_w.l(entry.o)
    0x08000130   0x00000004   Code   RO         2388    .ARM.Collect$$$$00000001  mc_w.l(entry2.o)
    0x08000134   0x00000004   Code   RO         2391    .ARM.Collect$$$$00000004  mc_w.l(entry5.o)
    0x08000138   0x00000000   Code   RO         2393    .ARM.Collect$$$$00000008  mc_w.l(entry7b.o)
    0x08000138   0x00000000   Code   RO         2395    .ARM.Collect$$$$0000000A  mc_w.l(entry8b.o)
    0x08000138   0x00000008   Code   RO         2396    .ARM.Collect$$$$0000000B  mc_w.l(entry9a.o)
    0x08000140   0x00000000   Code   RO         2398    .ARM.Collect$$$$0000000D  mc_w.l(entry10a.o)
    0x08000140   0x00000000   Code   RO         2400    .ARM.Collect$$$$0000000F  mc_w.l(entry11a.o)
    0x08000140   0x00000004   Code   RO         2389    .ARM.Collect$$$$00002712  mc_w.l(entry2.o)
    0x08000144   0x000000d4   Code   RO            3    .text               application.o
    0x08000218   0x000002c8   Code   RO          185    .text               device_config.o
    0x080004e0   0x00000220   Code   RO          235    .text               main.o
    0x08000700   0x000004a0   Code   RO          323    .text               p_database.o
    0x08000ba0   0x00000158   Code   RO          351    .text               rfid_thread.o
    0x08000cf8   0x0000012c   Code   RO          384    .text               rtc_thread.o
    0x08000e24   0x000000b4   Code   RO          419    .text               startup.o
    0x08000ed8   0x00000438   Code   RO          446    .text               user_check_thread.o
    0x08001310   0x0000001a   Code   RO          473    .text               wifi_thread.o
    0x0800132a   0x00000002   PAD
    0x0800132c   0x000001d8   Code   RO          499    .text               board.o
    0x08001504   0x00000012   Code   RO          526    .text               stm32f10x_it.o
    0x08001516   0x00000002   PAD
    0x08001518   0x000000e0   Code   RO          549    .text               led.o
    0x080015f8   0x000005d0   Code   RO          574    .text               usart.o
    0x08001bc8   0x000026c4   Code   RO          609    .text               sdcard.o
    0x0800428c   0x0000007c   Code   RO          645    .text               beep_door.o
    0x08004308   0x000003a4   Code   RO          669    .text               ds1307.o
    0x080046ac   0x00000314   Code   RO          695    .text               esp8266.o
    0x080049c0   0x0000012c   Code   RO          722    .text               pwm.o
    0x08004aec   0x00000ac0   Code   RO          749    .text               rc522.o
    0x080055ac   0x0000022c   Code   RO          776    .text               soft_iic.o
    0x080057d8   0x00000374   Code   RO          796    .text               spi_bus.o
    0x08005b4c   0x00000138   Code   RO          820    .text               sram.o
    0x08005c84   0x00004b98   Code   RO          840    .text               ili93xx.o
    0x0800a81c   0x00000fd0   Code   RO          871    .text               touch_screen.o
    0x0800b7ec   0x000001e0   Code   RO          904    .text               system_stm32f10x.o
    0x0800b9cc   0x00000844   Code   RO          950    .text               stm32f10x_rcc.o
    0x0800c210   0x000002e4   Code   RO         1012    .text               stm32f10x_exti.o
    0x0800c4f4   0x00000da8   Code   RO         1132    .text               stm32f10x_fsmc.o
    0x0800d29c   0x0000377c   Code   RO         1152    .text               stm32f10x_tim.o
    0x08010a18   0x0000098c   Code   RO         1192    .text               stm32f10x_spi.o
    0x080113a4   0x00000650   Code   RO         1232    .text               stm32f10x_sdio.o
    0x080119f4   0x00000a80   Code   RO         1252    .text               stm32f10x_gpio.o
    0x08012474   0x00000dc0   Code   RO         1272    .text               stm32f10x_usart.o
    0x08013234   0x00000944   Code   RO         1312    .text               stm32f10x_dma.o
    0x08013b78   0x000001e4   Code   RO         1372    .text               misc.o
    0x08013d5c   0x00000024   Code   RO         1393    .text               startup_stm32f10x_hd.o
    0x08013d80   0x00000060   Code   RO         1397    .text               clock.o
    0x08013de0   0x00000044   Code   RO         1411    .text               components.o
    0x08013e24   0x00000338   Code   RO         1429    .text               device.o
    0x0801415c   0x00000124   Code   RO         1443    .text               idle.o
    0x08014280   0x000014e4   Code   RO         1462    .text               ipc.o
    0x08015764   0x00000048   Code   RO         1478    .text               irq.o
    0x080157ac   0x00000a64   Code   RO         1493    .text               kservice.o
    0x08016210   0x00000834   Code   RO         1513    .text               mem.o
    0x08016a44   0x00000260   Code   RO         1549    .text               object.o
    0x08016ca4   0x000002c8   Code   RO         1568    .text               scheduler.o
    0x08016f6c   0x000005a0   Code   RO         1589    .text               thread.o
    0x0801750c   0x00000414   Code   RO         1606    .text               timer.o
    0x08017920   0x000005d4   Code   RO         1624    .text               cpuport.o
    0x08017ef4   0x000000ec   Code   RO         1640    .text               context_rvds.o
    0x08017fe0   0x000003a8   Code   RO         1678    .text               dfs.o
    0x08018388   0x000009b4   Code   RO         1702    .text               dfs_file.o
    0x08018d3c   0x000005f0   Code   RO         1719    .text               dfs_fs.o
    0x0801932c   0x000005e8   Code   RO         1742    .text               dfs_posix.o
    0x08019914   0x00000abc   Code   RO         1758    .text               dfs_elm.o
    0x0801a3d0   0x00003064   Code   RO         1791    .text               ff.o
    0x0801d434   0x00000080   Code   RO         1806    .text               ccsbcs.o
    0x0801d4b4   0x00000bbc   Code   RO         1932    .text               serial.o
    0x0801e070   0x00000608   Code   RO         1946    .text               spi_core.o
    0x0801e678   0x0000020c   Code   RO         1959    .text               spi_dev.o
    0x0801e884   0x000001c8   Code   RO         1972    .text               completion.o
    0x0801ea4c   0x00000414   Code   RO         1988    .text               dataqueue.o
    0x0801ee60   0x000009e4   Code   RO         2074    .text               shell.o
    0x0801f844   0x00000d50   Code   RO         2106    .text               cmd.o
    0x08020594   0x00001818   Code   RO         2130    .text               finsh_compiler.o
    0x08021dac   0x0000002c   Code   RO         2167    .text               finsh_error.o
    0x08021dd8   0x00000210   Code   RO         2183    .text               finsh_heap.o
    0x08021fe8   0x00000058   Code   RO         2199    .text               finsh_init.o
    0x08022040   0x00000184   Code   RO         2217    .text               finsh_node.o
    0x080221c4   0x00000ad8   Code   RO         2232    .text               finsh_ops.o
    0x08022c9c   0x0000097c   Code   RO         2250    .text               finsh_parser.o
    0x08023618   0x0000019c   Code   RO         2265    .text               finsh_var.o
    0x080237b4   0x000000e4   Code   RO         2288    .text               finsh_vm.o
    0x08023898   0x00000680   Code   RO         2315    .text               finsh_token.o
    0x08023f18   0x000000a8   Code   RO         2341    .text               mc_w.l(mktime.o)
    0x08023fc0   0x00000024   Code   RO         2344    .text               mc_w.l(memcpya.o)
    0x08023fe4   0x00000024   Code   RO         2346    .text               mc_w.l(memseta.o)
    0x08024008   0x00000018   Code   RO         2348    .text               mc_w.l(strncpy.o)
    0x08024020   0x0000000e   Code   RO         2350    .text               mc_w.l(strlen.o)
    0x0802402e   0x0000001c   Code   RO         2352    .text               mc_w.l(strcmp.o)
    0x0802404a   0x0000001e   Code   RO         2354    .text               mc_w.l(strncmp.o)
    0x08024068   0x00000020   Code   RO         2356    .text               mc_w.l(strrchr.o)
    0x08024088   0x0000001a   Code   RO         2360    .text               mc_w.l(atoi.o)
    0x080240a2   0x000000b0   Code   RO         2362    .text               mf_w.l(fadd.o)
    0x08024152   0x00000064   Code   RO         2364    .text               mf_w.l(fmul.o)
    0x080241b6   0x0000007c   Code   RO         2366    .text               mf_w.l(fdiv.o)
    0x08024232   0x000000e4   Code   RO         2368    .text               mf_w.l(dmul.o)
    0x08024316   0x00000012   Code   RO         2370    .text               mf_w.l(fflti.o)
    0x08024328   0x0000000a   Code   RO         2372    .text               mf_w.l(ffltui.o)
    0x08024332   0x0000001a   Code   RO         2374    .text               mf_w.l(dfltui.o)
    0x0802434c   0x00000032   Code   RO         2376    .text               mf_w.l(ffixi.o)
    0x0802437e   0x00000028   Code   RO         2378    .text               mf_w.l(ffixui.o)
    0x080243a6   0x00000032   Code   RO         2380    .text               mf_w.l(dfixui.o)
    0x080243d8   0x00000026   Code   RO         2382    .text               mf_w.l(f2d.o)
    0x080243fe   0x00000002   PAD
    0x08024400   0x00000030   Code   RO         2384    .text               mf_w.l(cdcmple.o)
    0x08024430   0x00000030   Code   RO         2386    .text               mf_w.l(cdrcmple.o)
    0x08024460   0x00000020   Code   RO         2402    .text               mc_w.l(llushr.o)
    0x08024480   0x0000008c   Code   RO         2407    .text               mc_w.l(localtime_i.o)
    0x0802450c   0x00000070   Code   RO         2417    .text               mc_w.l(strtol.o)
    0x0802457c   0x00000000   Code   RO         2419    .text               mc_w.l(iusefp.o)
    0x0802457c   0x0000006e   Code   RO         2420    .text               mf_w.l(fepilogue.o)
    0x080245ea   0x000000ba   Code   RO         2422    .text               mf_w.l(depilogue.o)
    0x080246a4   0x000000a2   Code   RO         2424    .text               mf_w.l(dsqrt.o)
    0x08024746   0x00000002   PAD
    0x08024748   0x00000024   Code   RO         2426    .text               mc_w.l(init.o)
    0x0802476c   0x0000001e   Code   RO         2428    .text               mc_w.l(llshl.o)
    0x0802478a   0x00000002   PAD
    0x0802478c   0x00000008   Code   RO         2430    .text               mc_w.l(ctype_o.o)
    0x08024794   0x0000009e   Code   RO         2458    .text               mc_w.l(_strtoul.o)
    0x08024832   0x0000001c   Code   RO         2460    .text               mc_w.l(_chval.o)
    0x0802484e   0x00000056   Code   RO         2470    .text               mc_w.l(__dczerorl2.o)
    0x080248a4   0x00000008   Code   RO         2410    i.__aeabi_errno_addr  mc_w.l(errno.o)
    0x080248ac   0x0000000e   Code   RO         2464    i.__scatterload_copy  mc_w.l(handlers.o)
    0x080248ba   0x00000002   Code   RO         2465    i.__scatterload_null  mc_w.l(handlers.o)
    0x080248bc   0x0000000e   Code   RO         2466    i.__scatterload_zeroinit  mc_w.l(handlers.o)
    0x080248ca   0x00000002   PAD
    0x080248cc   0x0000000c   Code   RO         2412    i.__set_errno       mc_w.l(errno.o)
    0x080248d8   0x0000004c   Code   RO         2331    i.sqrt              m_ws.l(sqrt.o)
    0x08024924   0x0000005c   Data   RO          576    .constdata          usart.o
    0x08024980   0x00000012   Data   RO          611    .constdata          sdcard.o
    0x08024992   0x00000002   PAD
    0x08024994   0x00000018   Data   RO          798    .constdata          spi_bus.o
    0x080249ac   0x000017c0   Data   RO          842    .constdata          ili93xx.o
    0x0802616c   0x00000004   Data   RO          873    .constdata          touch_screen.o
    0x08026170   0x000000a8   Data   RO         1430    .constdata          device.o
    0x08026218   0x00000016   Data   RO         1445    .constdata          idle.o
    0x0802622e   0x000001d7   Data   RO         1463    .constdata          ipc.o
    0x08026405   0x00000122   Data   RO         1495    .constdata          kservice.o
    0x08026527   0x00000046   Data   RO         1515    .constdata          mem.o
    0x0802656d   0x0000005e   Data   RO         1550    .constdata          object.o
    0x080265cb   0x0000004e   Data   RO         1570    .constdata          scheduler.o
    0x08026619   0x000000aa   Data   RO         1590    .constdata          thread.o
    0x080266c3   0x0000005c   Data   RO         1607    .constdata          timer.o
    0x0802671f   0x00000013   Data   RO         1625    .constdata          cpuport.o
    0x08026732   0x00000023   Data   RO         1680    .constdata          dfs.o
    0x08026755   0x00000033   Data   RO         1720    .constdata          dfs_fs.o
    0x08026788   0x000000b9   Data   RO         1759    .constdata          dfs_elm.o
    0x08026841   0x00000001   PAD
    0x08026842   0x000000ba   Data   RO         1792    .constdata          ff.o
    0x080268fc   0x000004c0   Data   RO         1807    .constdata          ccsbcs.o
    0x08026dbc   0x00000124   Data   RO         1933    .constdata          serial.o
    0x08026ee0   0x000000a3   Data   RO         1947    .constdata          spi_core.o
    0x08026f83   0x00000081   Data   RO         1960    .constdata          spi_dev.o
    0x08027004   0x00000039   Data   RO         1973    .constdata          completion.o
    0x0802703d   0x0000004b   Data   RO         1989    .constdata          dataqueue.o
    0x08027088   0x00000060   Data   RO         2076    .constdata          shell.o
    0x080270e8   0x00000050   Data   RO         2107    .constdata          cmd.o
    0x08027138   0x000000c4   Data   RO         2233    .constdata          finsh_ops.o
    0x080271fc   0x00000040   Data   RO         2316    .constdata          finsh_token.o
    0x0802723c   0x0000000c   Data   RO         2342    .constdata          mc_w.l(mktime.o)
    0x08027248   0x0000000c   Data   RO         2408    .constdata          mc_w.l(localtime_i.o)
    0x08027254   0x00000081   Data   RO         2431    .constdata          mc_w.l(ctype_o.o)
    0x080272d5   0x00000003   PAD
    0x080272d8   0x00000004   Data   RO         2432    .constdata          mc_w.l(ctype_o.o)
    0x080272dc   0x0000000c   Data   RO          187    .conststring        device_config.o
    0x080272e8   0x0000000c   Data   RO          325    .conststring        p_database.o
    0x080272f4   0x00000088   Data   RO          874    .conststring        touch_screen.o
    0x0802737c   0x000000ed   Data   RO         1516    .conststring        mem.o
    0x08027469   0x00000003   PAD
    0x0802746c   0x00000048   Data   RO         1760    .conststring        dfs_elm.o
    0x080274b4   0x0000015d   Data   RO         2108    .conststring        cmd.o
    0x08027611   0x00000003   PAD
    0x08027614   0x000000f3   Data   RO         2168    .conststring        finsh_error.o
    0x08027707   0x00000001   PAD
    0x08027708   0x0000003e   Data   RO         2317    .conststring        finsh_token.o
    0x08027746   0x0000001e   Data   RO          354    .rodata.name        rfid_thread.o
    0x08027764   0x0000003d   Data   RO          386    .rodata.name        rtc_thread.o
    0x080277a1   0x00000024   Data   RO          551    .rodata.name        led.o
    0x080277c5   0x0000001d   Data   RO          646    .rodata.name        beep_door.o
    0x080277e2   0x00000018   Data   RO          723    .rodata.name        pwm.o
    0x080277fa   0x00000027   Data   RO         1518    .rodata.name        mem.o
    0x08027821   0x0000005f   Data   RO         1704    .rodata.name        dfs_file.o
    0x08027880   0x00000029   Data   RO         1721    .rodata.name        dfs_fs.o
    0x080278a9   0x00000019   Data   RO         1743    .rodata.name        dfs_posix.o
    0x080278c2   0x000001b3   Data   RO         2110    .rodata.name        cmd.o
    0x08027a75   0x00000003   PAD
    0x08027a78   0x00000004   Data   RO         1412    .rti_fn.0           components.o
    0x08027a7c   0x00000004   Data   RO         1413    .rti_fn.0.end       components.o
    0x08027a80   0x00000004   Data   RO         1414    .rti_fn.1.end       components.o
    0x08027a84   0x00000004   Data   RO          613    .rti_fn.2           sdcard.o
    0x08027a88   0x00000004   Data   RO         1681    .rti_fn.3           dfs.o
    0x08027a8c   0x00000004   Data   RO         2078    .rti_fn.3           shell.o
    0x08027a90   0x00000004   Data   RO         1762    .rti_fn.4           dfs_elm.o
    0x08027a94   0x00000004   Data   RO         1415    .rti_fn.6.end       components.o
    0x08027a98   0x0000000c   Data   RO          355    FSymTab             rfid_thread.o
    0x08027aa4   0x00000018   Data   RO          387    FSymTab             rtc_thread.o
    0x08027abc   0x0000000c   Data   RO          552    FSymTab             led.o
    0x08027ac8   0x0000000c   Data   RO          647    FSymTab             beep_door.o
    0x08027ad4   0x0000000c   Data   RO          724    FSymTab             pwm.o
    0x08027ae0   0x0000000c   Data   RO         1519    FSymTab             mem.o
    0x08027aec   0x00000030   Data   RO         1705    FSymTab             dfs_file.o
    0x08027b1c   0x00000018   Data   RO         1722    FSymTab             dfs_fs.o
    0x08027b34   0x0000000c   Data   RO         1744    FSymTab             dfs_posix.o
    0x08027b40   0x00000090   Data   RO         2111    FSymTab             cmd.o
    0x08027bd0   0x00000020   Data   RO         2462    Region$$Table       anon$$obj.o
    0x08027bf0   0x00000010   Data   RO         2112    VSymTab             cmd.o


    Execution Region RW_IRAM1 (Base: 0x20000000, Size: 0x0000a5c0, Max: 0x00010000, ABSOLUTE, COMPRESSED[0x000000f0])

    Base Addr    Size         Type   Attr      Idx    E Section Name        Object

    0x20000000   0x00000005   Data   RW          188    .data               device_config.o
    0x20000005   0x00000003   PAD
    0x20000008   0x00000004   Data   RW          326    .data               p_database.o
    0x2000000c   0x00000004   Data   RW          353    .data               rfid_thread.o
    0x20000010   0x00000001   Data   RW          550    .data               led.o
    0x20000011   0x00000003   PAD
    0x20000014   0x00000048   Data   RW          577    .data               usart.o
    0x2000005c   0x00000028   Data   RW          612    .data               sdcard.o
    0x20000084   0x00000010   Data   RW          670    .data               ds1307.o
    0x20000094   0x00000014   Data   RW          697    .data               esp8266.o
    0x200000a8   0x00000028   Data   RW          751    .data               rc522.o
    0x200000d0   0x00000004   Data   RW          843    .data               ili93xx.o
    0x200000d4   0x00000048   Data   RW          875    .data               touch_screen.o
    0x2000011c   0x00000014   Data   RW          905    .data               system_stm32f10x.o
    0x20000130   0x00000014   Data   RW          951    .data               stm32f10x_rcc.o
    0x20000144   0x00000004   Data   RW         1398    .data               clock.o
    0x20000148   0x00000001   Data   RW         1479    .data               irq.o
    0x20000149   0x00000003   PAD
    0x2000014c   0x0000000c   Data   RW         1496    .data               kservice.o
    0x20000158   0x00000018   Data   RW         1517    .data               mem.o
    0x20000170   0x00000090   Data   RW         1551    .data               object.o
    0x20000200   0x00000018   Data   RW         1571    .data               scheduler.o
    0x20000218   0x0000000c   Data   RW         1608    .data               timer.o
    0x20000224   0x00000010   Data   RW         1626    .data               cpuport.o
    0x20000234   0x00000008   Data   RW         1761    .data               dfs_elm.o
    0x2000023c   0x0000000a   Data   RW         1793    .data               ff.o
    0x20000246   0x00000002   PAD
    0x20000248   0x00000004   Data   RW         1934    .data               serial.o
    0x2000024c   0x00000004   Data   RW         2077    .data               shell.o
    0x20000250   0x00000010   Data   RW         2093    .data               symbol.o
    0x20000260   0x00000004   Data   RW         2109    .data               cmd.o
    0x20000264   0x00000008   Data   RW         2131    .data               finsh_compiler.o
    0x2000026c   0x00000040   Data   RW         2169    .data               finsh_error.o
    0x200002ac   0x00000008   Data   RW         2185    .data               finsh_heap.o
    0x200002b4   0x00000004   Data   RW         2267    .data               finsh_var.o
    0x200002b8   0x0000000c   Data   RW         2290    .data               finsh_vm.o
    0x200002c4   0x00000004   Data   RW         2413    .data               mc_w.l(errno.o)
    0x200002c8   0x00000040   Zero   RW          186    .bss                device_config.o
    0x20000308   0x00000890   Zero   RW          236    .bss                main.o
    0x20000b98   0x00001770   Zero   RW          324    .bss                p_database.o
    0x20002308   0x000004b8   Zero   RW          352    .bss                rfid_thread.o
    0x200027c0   0x00000490   Zero   RW          385    .bss                rtc_thread.o
    0x20002c50   0x000008a0   Zero   RW          447    .bss                user_check_thread.o
    0x200034f0   0x00000490   Zero   RW          474    .bss                wifi_thread.o
    0x20003980   0x00000114   Zero   RW          575    .bss                usart.o
    0x20003a94   0x00000334   Zero   RW          610    .bss                sdcard.o
    0x20003dc8   0x00000508   Zero   RW          696    .bss                esp8266.o
    0x200042d0   0x000000bc   Zero   RW          750    .bss                rc522.o
    0x2000438c   0x000002f4   Zero   RW          797    .bss                spi_bus.o
    0x20004680   0x0000000e   Zero   RW          841    .bss                ili93xx.o
    0x2000468e   0x00000002   PAD
    0x20004690   0x00000068   Zero   RW          872    .bss                touch_screen.o
    0x200046f8   0x00000290   Zero   RW         1444    .bss                idle.o
    0x20004988   0x00000080   Zero   RW         1494    .bss                kservice.o
    0x20004a08   0x00000028   Zero   RW         1514    .bss                mem.o
    0x20004a30   0x00000100   Zero   RW         1569    .bss                scheduler.o
    0x20004b30   0x000000dc   Zero   RW         1679    .bss                dfs.o
    0x20004c0c   0x00000124   Zero   RW         1703    .bss                dfs_file.o
    0x20004d30   0x00005090   Zero   RW         2075    .bss                shell.o
    0x20009dc0   0x00000080   Zero   RW         2184    .bss                finsh_heap.o
    0x20009e40   0x00000140   Zero   RW         2218    .bss                finsh_node.o
    0x20009f80   0x000000c0   Zero   RW         2266    .bss                finsh_var.o
    0x2000a040   0x00000180   Zero   RW         2289    .bss                finsh_vm.o
    0x2000a1c0   0x00000400   Zero   RW         1390    STACK               startup_stm32f10x_hd.o


==============================================================================

Image component sizes


      Code (inc. data)   RO Data    RW Data    ZI Data      Debug   Object Name

       212        102          0          0          0     311114   application.o
       124         14         41          0          0       1588   beep_door.o
       472         36          0          0          0      23464   board.o
       128         12       1216          0          0       2389   ccsbcs.o
        96          4          0          4          0       1480   clock.o
      3408       1296       1024          4          0      11659   cmd.o
       456        124         57          0          0       3211   completion.o
        68         12         16          0          0       1872   components.o
       236         24          0          0          0        776   context_rvds.o
      1492        718         19         16          0       3951   cpuport.o
      1044        114         75          0          0       6453   dataqueue.o
       824        134        168          0          0       4913   device.o
       712        278         12          5         64       4196   device_config.o
       936        130         39          0        220       8735   dfs.o
      2748        230        261          8          0      18153   dfs_elm.o
      2484        356        143          0        292       9183   dfs_file.o
      1520        264        116          0          0       5912   dfs_fs.o
      1512         50         37          0          0       8355   dfs_posix.o
       932          8          0         16          0       5932   ds1307.o
       788         76          0         20       1288       3648   esp8266.o
     12388        124        186         10          0      31325   ff.o
      6168        154          0          8          0      11086   finsh_compiler.o
        44         10        243         64          0       1725   finsh_error.o
       528         18          0          8        128       3503   finsh_heap.o
        88          6          0          0          0       1648   finsh_init.o
       388          4          0          0        320       3420   finsh_node.o
      2776         36        196          0          0       8816   finsh_ops.o
      2428         32          0          0          0       9845   finsh_parser.o
      1664         16        126          0          0       6320   finsh_token.o
       412         18          0          4        192       7561   finsh_var.o
       228         34          0         12        384       7210   finsh_vm.o
       292         68         22          0        656       3170   idle.o
     19352        118       6080          4         14      22833   ili93xx.o
      5348        356        471          0          0      19995   ipc.o
        72          6          0          1          0       1410   irq.o
      2660        230        290         12        128      12035   kservice.o
       224         10         48          1          0       2073   led.o
       544        228          0          0       2192       5389   main.o
      2100        548        358         24         40       5005   mem.o
       484         72          0          0          0       2177   misc.o
       608        128         94        144          0       4869   object.o
      1184          6         12          4       6000       5308   p_database.o
       300         58         36          0          0       1798   pwm.o
      2752        102          0         40        188       9537   rc522.o
       344         98         42          4       1208       2283   rfid_thread.o
       300        106         85          0       1168       2356   rtc_thread.o
       712        146         78         24        256       4736   scheduler.o
      9924        632         22         40        820      28703   sdcard.o
      3004        440        292          4          0       9205   serial.o
      2532        278        100          4      20624       5303   shell.o
       556         12          0          0          0       2110   soft_iic.o
       884         82         24          0        756       3418   spi_bus.o
      1544        114        163          0          0       5830   spi_core.o
       524        148        129          0          0       3499   spi_dev.o
       312         16          0          0          0       1994   sram.o
       180         86          0          0          0       1331   startup.o
        36          8        304          0       1024        912   startup_stm32f10x_hd.o
      2372        176          0          0          0       5742   stm32f10x_dma.o
       740         70          0          0          0       2791   stm32f10x_exti.o
      3496         82          0          0          0       6895   stm32f10x_fsmc.o
      2688        210          0          0          0       7461   stm32f10x_gpio.o
        18          0          0          0          0        937   stm32f10x_it.o
      2116        112          0         20          0      10500   stm32f10x_rcc.o
      1616         92          0          0          0       8416   stm32f10x_sdio.o
      2444        102          0          0          0       8326   stm32f10x_spi.o
     14204        840          0          0          0      31824   stm32f10x_tim.o
      3520        146          0          0          0      10824   stm32f10x_usart.o
         0          0          0         16          0       4385   symbol.o
       480         38          0         20          0       2087   system_stm32f10x.o
      1440        208        170          0          0       7865   thread.o
      1044         88         92         12          0       6705   timer.o
      4048        310        140         72        104       7488   touch_screen.o
      1488        154         92         72        276      32655   usart.o
      1080        352          0          0       2208       2005   user_check_thread.o
        26          0          0          0       1168       1309   wifi_thread.o

    ----------------------------------------------------------------------
    146900      11510      13164        708      41720     854937   Object Totals
         0          0         32          0          0          0   (incl. Generated)
         4          0         13         11          2          0   (incl. Padding)

    ----------------------------------------------------------------------

      Code (inc. data)   RO Data    RW Data    ZI Data      Debug   Library Member Name

        76          0          0          0          0         84   sqrt.o
        86          0          0          0          0          0   __dczerorl2.o
        28          0          0          0          0         68   _chval.o
       158          0          0          0          0         92   _strtoul.o
        26          0          0          0          0         80   atoi.o
         8          4        133          0          0         68   ctype_o.o
         0          0          0          0          0          0   entry.o
         0          0          0          0          0          0   entry10a.o
         0          0          0          0          0          0   entry11a.o
         8          4          0          0          0          0   entry2.o
         4          0          0          0          0          0   entry5.o
         0          0          0          0          0          0   entry7b.o
         0          0          0          0          0          0   entry8b.o
         8          4          0          0          0          0   entry9a.o
        20         10          0          4          0        136   errno.o
        30          0          0          0          0          0   handlers.o
        36          8          0          0          0         68   init.o
         0          0          0          0          0          0   iusefp.o
        30          0          0          0          0         68   llshl.o
        32          0          0          0          0         68   llushr.o
       140          6         12          0          0         76   localtime_i.o
        36          0          0          0          0         68   memcpya.o
        36          0          0          0          0        108   memseta.o
       168         18         12          0          0         80   mktime.o
        28          0          0          0          0         76   strcmp.o
        14          0          0          0          0         68   strlen.o
        30          0          0          0          0         80   strncmp.o
        24          0          0          0          0         76   strncpy.o
        32          0          0          0          0         68   strrchr.o
       112          0          0          0          0         88   strtol.o
        48          0          0          0          0         68   cdcmple.o
        48          0          0          0          0         68   cdrcmple.o
       186          0          0          0          0        176   depilogue.o
        50          0          0          0          0         76   dfixui.o
        26          0          0          0          0         76   dfltui.o
       228          0          0          0          0         96   dmul.o
       162          0          0          0          0        100   dsqrt.o
        38          0          0          0          0         68   f2d.o
       176          0          0          0          0        140   fadd.o
       124          0          0          0          0         88   fdiv.o
       110          0          0          0          0        168   fepilogue.o
        50          0          0          0          0         68   ffixi.o
        40          0          0          0          0         68   ffixui.o
        18          0          0          0          0         68   fflti.o
        10          0          0          0          0         68   ffltui.o
       100          0          0          0          0         76   fmul.o

    ----------------------------------------------------------------------
      2592         54        160          4          0       2992   Library Totals
         8          0          3          0          0          0   (incl. Padding)

    ----------------------------------------------------------------------

      Code (inc. data)   RO Data    RW Data    ZI Data      Debug   Library Name

        76          0          0          0          0         84   m_ws.l
      1094         54        157          4          0       1436   mc_w.l
      1414          0          0          0          0       1472   mf_w.l

    ----------------------------------------------------------------------
      2592         54        160          4          0       2992   Library Totals

    ----------------------------------------------------------------------

==============================================================================


      Code (inc. data)   RO Data    RW Data    ZI Data      Debug   

    149492      11564      13324        712      41720     850725   Grand Totals
    149492      11564      13324        240      41720     850725   ELF Image Totals (compressed)
    149492      11564      13324        240          0          0   ROM Totals

==============================================================================

    Total RO  Size (Code + RO Data)               162816 ( 159.00kB)
    Total RW  Size (RW Data + ZI Data)             42432 (  41.44kB)
    Total ROM Size (Code + RO Data + RW Data)     163056 ( 159.23kB)

==============================================================================

